Archive member included to satisfy reference by file (symbol)

.\CortexM3\ARM_GCC_541\Debug\Pulsioximetro.a(I2C.o)
                              .\CortexM3\ARM_GCC_541\Debug\MAX30102.o (I2C_Start)
.\CortexM3\ARM_GCC_541\Debug\Pulsioximetro.a(I2C_INT.o)
                              .\CortexM3\ARM_GCC_541\Debug\Pulsioximetro.a(I2C.o) (I2C_ISR)
.\CortexM3\ARM_GCC_541\Debug\Pulsioximetro.a(I2C_PM.o)
                              .\CortexM3\ARM_GCC_541\Debug\Pulsioximetro.a(I2C.o) (I2C_backup)
.\CortexM3\ARM_GCC_541\Debug\Pulsioximetro.a(I2C_MASTER.o)
                              .\CortexM3\ARM_GCC_541\Debug\Pulsioximetro.a(I2C.o) (I2C_mstrStatus)
.\CortexM3\ARM_GCC_541\Debug\Pulsioximetro.a(CyLib.o)
                              .\CortexM3\ARM_GCC_541\Debug\Cm3Start.o (CyHalt)
.\CortexM3\ARM_GCC_541\Debug\Pulsioximetro.a(cyPm.o)
                              .\CortexM3\ARM_GCC_541\Debug\Pulsioximetro.a(CyLib.o) (CyPmReadStatus)
.\CortexM3\ARM_GCC_541\Debug\Pulsioximetro.a(UART.o)
                              .\CortexM3\ARM_GCC_541\Debug\main.o (UART_Start)
.\CortexM3\ARM_GCC_541\Debug\Pulsioximetro.a(IRQRX.o)
                              .\CortexM3\ARM_GCC_541\Debug\main.o (IRQRX_StartEx)
.\CortexM3\ARM_GCC_541\Debug\Pulsioximetro.a(UART_IntClock.o)
                              .\CortexM3\ARM_GCC_541\Debug\Pulsioximetro.a(UART.o) (UART_IntClock_Start)
.\CortexM3\ARM_GCC_541\Debug\Pulsioximetro.a(LCD.o)
                              .\CortexM3\ARM_GCC_541\Debug\main.o (LCD_PrintString)
.\CortexM3\ARM_GCC_541\Debug\Pulsioximetro.a(Control.o)
                              .\CortexM3\ARM_GCC_541\Debug\main.o (Control_Write)
.\CortexM3\ARM_GCC_541\Debug\Pulsioximetro.a(CyBootAsmGnu.o)
                              .\CortexM3\ARM_GCC_541\Debug\cyfitter_cfg.o (CyDelayCycles)
.\CortexM3\ARM_GCC_541\Debug\Pulsioximetro.a(CyFlash.o)
                              .\CortexM3\ARM_GCC_541\Debug\Pulsioximetro.a(cyPm.o) (CyFlash_SetWaitCycles)
.\CortexM3\ARM_GCC_541\Debug\Pulsioximetro.a(CySpc.o)
                              .\CortexM3\ARM_GCC_541\Debug\Pulsioximetro.a(CyFlash.o) (CySpcStart)
c:/program files (x86)/cypress/psoc creator/4.2/psoc creator/import/gnu/arm/5.4.1/bin/../lib/gcc/arm-none-eabi/5.4.1/../../../../arm-none-eabi/lib/armv7-m\libg_nano.a(lib_a-errno.o)
                              .\CortexM3\ARM_GCC_541\Debug\Cm3Start.o (__errno)
c:/program files (x86)/cypress/psoc creator/4.2/psoc creator/import/gnu/arm/5.4.1/bin/../lib/gcc/arm-none-eabi/5.4.1/../../../../arm-none-eabi/lib/armv7-m\libg_nano.a(lib_a-exit.o)
                              c:/program files (x86)/cypress/psoc creator/4.2/psoc creator/import/gnu/arm/5.4.1/bin/../lib/gcc/arm-none-eabi/5.4.1/../../../../arm-none-eabi/lib/armv7-m/crt0.o (exit)
c:/program files (x86)/cypress/psoc creator/4.2/psoc creator/import/gnu/arm/5.4.1/bin/../lib/gcc/arm-none-eabi/5.4.1/../../../../arm-none-eabi/lib/armv7-m\libg_nano.a(lib_a-impure.o)
                              c:/program files (x86)/cypress/psoc creator/4.2/psoc creator/import/gnu/arm/5.4.1/bin/../lib/gcc/arm-none-eabi/5.4.1/../../../../arm-none-eabi/lib/armv7-m\libg_nano.a(lib_a-exit.o) (_global_impure_ptr)
c:/program files (x86)/cypress/psoc creator/4.2/psoc creator/import/gnu/arm/5.4.1/bin/../lib/gcc/arm-none-eabi/5.4.1/../../../../arm-none-eabi/lib/armv7-m\libg_nano.a(lib_a-init.o)
                              c:/program files (x86)/cypress/psoc creator/4.2/psoc creator/import/gnu/arm/5.4.1/bin/../lib/gcc/arm-none-eabi/5.4.1/../../../../arm-none-eabi/lib/armv7-m/crt0.o (__libc_init_array)
c:/program files (x86)/cypress/psoc creator/4.2/psoc creator/import/gnu/arm/5.4.1/bin/../lib/gcc/arm-none-eabi/5.4.1/../../../../arm-none-eabi/lib/armv7-m\libg_nano.a(lib_a-memcpy-stub.o)
                              .\CortexM3\ARM_GCC_541\Debug\cyfitter_cfg.o (memcpy)
c:/program files (x86)/cypress/psoc creator/4.2/psoc creator/import/gnu/arm/5.4.1/bin/../lib/gcc/arm-none-eabi/5.4.1/../../../../arm-none-eabi/lib/armv7-m\libg_nano.a(lib_a-memset.o)
                              c:/program files (x86)/cypress/psoc creator/4.2/psoc creator/import/gnu/arm/5.4.1/bin/../lib/gcc/arm-none-eabi/5.4.1/../../../../arm-none-eabi/lib/armv7-m/crt0.o (memset)
c:/program files (x86)/cypress/psoc creator/4.2/psoc creator/import/gnu/arm/5.4.1/bin/../lib/gcc/arm-none-eabi/5.4.1/../../../../arm-none-eabi/lib/armv7-m\libg_nano.a(lib_a-sprintf.o)
                              .\CortexM3\ARM_GCC_541\Debug\main.o (sprintf)
c:/program files (x86)/cypress/psoc creator/4.2/psoc creator/import/gnu/arm/5.4.1/bin/../lib/gcc/arm-none-eabi/5.4.1/../../../../arm-none-eabi/lib/armv7-m\libg_nano.a(lib_a-nano-svfprintf.o)
                              c:/program files (x86)/cypress/psoc creator/4.2/psoc creator/import/gnu/arm/5.4.1/bin/../lib/gcc/arm-none-eabi/5.4.1/../../../../arm-none-eabi/lib/armv7-m\libg_nano.a(lib_a-sprintf.o) (_svfprintf_r)
[...]
Memory Configuration

Name             Origin             Length             Attributes
rom              0x00000000         0x00040000         xr
ram              0x1fff8000         0x00010000         xrw
*default*        0x00000000         0xffffffff

Linker script and memory map

LOAD c:/program files (x86)/cypress/psoc creator/4.2/psoc creator/import/gnu/arm/5.4.1/bin/../lib/gcc/arm-none-eabi/5.4.1/armv7-m/crti.o
LOAD c:/program files (x86)/cypress/psoc creator/4.2/psoc creator/import/gnu/arm/5.4.1/bin/../lib/gcc/arm-none-eabi/5.4.1/armv7-m/crtbegin.o
LOAD c:/program files (x86)/cypress/psoc creator/4.2/psoc creator/import/gnu/arm/5.4.1/bin/../lib/gcc/arm-none-eabi/5.4.1/../../../../arm-none-eabi/lib/armv7-m/crt0.o
START GROUP
LOAD .\CortexM3\ARM_GCC_541\Debug\main.o
LOAD .\CortexM3\ARM_GCC_541\Debug\MAX30102.o
LOAD .\CortexM3\ARM_GCC_541\Debug\cyfitter_cfg.o
LOAD .\CortexM3\ARM_GCC_541\Debug\cymetadata.o
LOAD .\CortexM3\ARM_GCC_541\Debug\Cm3Start.o
LOAD .\CortexM3\ARM_GCC_541\Debug\Pulsioximetro.a
LOAD C:\Program Files (x86)\Cypress\PSoC Creator\4.2\PSoC Creator\psoc\content\cycomponentlibrary\CyComponentLibrary.cylib\CortexM3\ARM_GCC_541\Debug\CyComponentLibrary.a
END GROUP
START GROUP
LOAD c:/program files (x86)/cypress/psoc creator/4.2/psoc creator/import/gnu/arm/5.4.1/bin/../lib/gcc/arm-none-eabi/5.4.1/armv7-m\libgcc.a
LOAD c:/program files (x86)/cypress/psoc creator/4.2/psoc creator/import/gnu/arm/5.4.1/bin/../lib/gcc/arm-none-eabi/5.4.1/../../../../arm-none-eabi/lib/armv7-m\libg_nano.a
LOAD c:/program files (x86)/cypress/psoc creator/4.2/psoc creator/import/gnu/arm/5.4.1/bin/../lib/gcc/arm-none-eabi/5.4.1/../../../../arm-none-eabi/lib/armv7-m\libc_nano.a
END GROUP
START GROUP
LOAD c:/program files (x86)/cypress/psoc creator/4.2/psoc creator/import/gnu/arm/5.4.1/bin/../lib/gcc/arm-none-eabi/5.4.1/armv7-m\libgcc.a
LOAD c:/program files (x86)/cypress/psoc creator/4.2/psoc creator/import/gnu/arm/5.4.1/bin/../lib/gcc/arm-none-eabi/5.4.1/../../../../arm-none-eabi/lib/armv7-m\libc_nano.a
END GROUP
LOAD c:/program files (x86)/cypress/psoc creator/4.2/psoc creator/import/gnu/arm/5.4.1/bin/../lib/gcc/arm-none-eabi/5.4.1/armv7-m/crtend.o
LOAD c:/program files (x86)/cypress/psoc creator/4.2/psoc creator/import/gnu/arm/5.4.1/bin/../lib/gcc/arm-none-eabi/5.4.1/armv7-m/crtn.o
START GROUP
LOAD c:/program files (x86)/cypress/psoc creator/4.2/psoc creator/import/gnu/arm/5.4.1/bin/../lib/gcc/arm-none-eabi/5.4.1/armv7-m\libgcc.a
LOAD c:/program files (x86)/cypress/psoc creator/4.2/psoc creator/import/gnu/arm/5.4.1/bin/../lib/gcc/arm-none-eabi/5.4.1/../../../../arm-none-eabi/lib/armv7-m\libc.a
LOAD c:/program files (x86)/cypress/psoc creator/4.2/psoc creator/import/gnu/arm/5.4.1/bin/../lib/gcc/arm-none-eabi/5.4.1/../../../../arm-none-eabi/lib/armv7-m\libnosys.a
END GROUP
                0x00000000                CY_APPL_ORIGIN = 0x0
                0x00000100                CY_FLASH_ROW_SIZE = 0x100
                0x00000020                CY_ECC_ROW_SIZE = 0x20
                0x00000000                CY_EE_IN_BTLDR = 0x0
                0x00000000                CY_APPL_LOADABLE = 0x0
                0x00000800                CY_EE_SIZE = 0x800
                0x00000001                CY_APPL_NUM = 0x1
                0x00000001                CY_APPL_MAX = 0x1
                0x00000040                CY_METADATA_SIZE = 0x40
                0x00000000                CY_APPL_LOADABLE = 0x0
                0x00000000                CY_CHECKSUM_EXCLUDE_SIZE = ALIGN (0x0, CY_FLASH_ROW_SIZE)
                [!provide]                PROVIDE (__cy_heap_start, _end)
                0x00000001                PROVIDE (__cy_region_num, ((__cy_regions_end - __cy_regions) / 0x10))
                0x20008000                PROVIDE (__cy_stack, (ORIGIN (ram) + LENGTH (ram)))
                [!provide]                PROVIDE (__cy_heap_end, (__cy_stack - 0x800))

.cybootloader   0x00000000        0x0
 *(.cybootloader)
                0x00000000                appl1_start = CY_APPL_ORIGIN?CY_APPL_ORIGIN:ALIGN (CY_FLASH_ROW_SIZE)
                0x0001ff00                appl2_start = (appl1_start + ALIGN ((((LENGTH (rom) - appl1_start) - (0x2 * CY_FLASH_ROW_SIZE)) / 0x2), CY_FLASH_ROW_SIZE))
                0x00000000                appl_start = (CY_APPL_NUM == 0x1)?appl1_start:appl2_start
                0x00000000                ecc_offset = ((appl_start / CY_FLASH_ROW_SIZE) * CY_ECC_ROW_SIZE)
                0x00000000                ee_offset = (CY_APPL_LOADABLE && ! (CY_EE_IN_BTLDR))?((CY_EE_SIZE / CY_APPL_MAX) * (CY_APPL_NUM - 0x1)):0x0
                0x00000800                ee_size = (CY_APPL_LOADABLE && ! (CY_EE_IN_BTLDR))?(CY_EE_SIZE / CY_APPL_MAX):CY_EE_SIZE
                [!provide]                PROVIDE (CY_ECC_OFFSET, ecc_offset)

.text           0x00000000     0x1d20
 CREATE_OBJECT_SYMBOLS
                0x00000000                PROVIDE (__cy_interrupt_vector, RomVectors)
 *(.romvectors)
 .romvectors    0x00000000       0x10 .\CortexM3\ARM_GCC_541\Debug\Cm3Start.o
                0x00000000                RomVectors
                0x00000001                ASSERT ((. != __cy_interrupt_vector), No interrupt vector)
                0x00000001                ASSERT (CY_APPL_ORIGIN?(SIZEOF (.cybootloader) <= CY_APPL_ORIGIN):0x1, Wrong image location)
                0x00000010                PROVIDE (__cy_reset, Reset)
 *(.text.Reset)
 .text.Reset    0x00000010       0x18 .\CortexM3\ARM_GCC_541\Debug\Cm3Start.o
                0x00000010                Reset
                0x00000001                ASSERT ((. != __cy_reset), No reset code)
 *(.dma_init)
                0x00000001                ASSERT ((((appl_start + .) <= 0x10000) || 0x1), DMA Init must be within the first 64k of flash)
 *(.text .text.* .gnu.linkonce.t.*)
 .text          0x00000028       0x5c c:/program files (x86)/cypress/psoc creator/4.2/psoc creator/import/gnu/arm/5.4.1/bin/../lib/gcc/arm-none-eabi/5.4.1/armv7-m/crtbegin.o
 .text.InterrupRx
                0x00000084       0x14 .\CortexM3\ARM_GCC_541\Debug\main.o
                0x00000084                InterrupRx
 .text.main     0x00000098      0x1fc .\CortexM3\ARM_GCC_541\Debug\main.o
                0x00000098                main
 .text.Max_Beginwrite
                0x00000294       0x2c .\CortexM3\ARM_GCC_541\Debug\MAX30102.o
                0x00000294                Max_Beginwrite
 .text.Max_Read
                0x000002c0       0x30 .\CortexM3\ARM_GCC_541\Debug\MAX30102.o
                0x000002c0                Max_Read
 .text.Max_Write
                0x000002f0       0x20 .\CortexM3\ARM_GCC_541\Debug\MAX30102.o
                0x000002f0                Max_Write
 .text.bitMask  0x00000310       0x20 .\CortexM3\ARM_GCC_541\Debug\MAX30102.o
                0x00000310                bitMask
 .text.softReset
                0x00000330       0x30 .\CortexM3\ARM_GCC_541\Debug\MAX30102.o
                0x00000330                softReset
 .text.setLEDMode
                0x00000360       0x10 .\CortexM3\ARM_GCC_541\Debug\MAX30102.o
                0x00000360                setLEDMode
 .text.setADCRange
                0x00000370       0x10 .\CortexM3\ARM_GCC_541\Debug\MAX30102.o
                0x00000370                setADCRange
 .text.setSampleRate
                0x00000380       0x10 .\CortexM3\ARM_GCC_541\Debug\MAX30102.o
                0x00000380                setSampleRate
 .text.setPulseWidth
                0x00000390       0x10 .\CortexM3\ARM_GCC_541\Debug\MAX30102.o
                0x00000390                setPulseWidth
 .text.setPulseAmplitudeRed
                0x000003a0       0x10 .\CortexM3\ARM_GCC_541\Debug\MAX30102.o
                0x000003a0                setPulseAmplitudeRed
 .text.setPulseAmplitudeIR
                0x000003b0       0x10 .\CortexM3\ARM_GCC_541\Debug\MAX30102.o
                0x000003b0                setPulseAmplitudeIR
 .text.setPulseAmplitudeGreen
                0x000003c0       0x10 .\CortexM3\ARM_GCC_541\Debug\MAX30102.o
                0x000003c0                setPulseAmplitudeGreen
 .text.setPulseAmplitudeProximity
                0x000003d0       0x10 .\CortexM3\ARM_GCC_541\Debug\MAX30102.o
                0x000003d0                setPulseAmplitudeProximity
 .text.setFIFOAverage
                0x000003e0       0x10 .\CortexM3\ARM_GCC_541\Debug\MAX30102.o
                0x000003e0                setFIFOAverage
 .text.clearFIFO
                0x000003f0       0x24 .\CortexM3\ARM_GCC_541\Debug\MAX30102.o
                0x000003f0                clearFIFO
 .text.enableFIFORollover
                0x00000414       0x10 .\CortexM3\ARM_GCC_541\Debug\MAX30102.o
                0x00000414                enableFIFORollover
 .text.getWritePointer
                0x00000424        0xc .\CortexM3\ARM_GCC_541\Debug\MAX30102.o
                0x00000424                getWritePointer
 .text.getReadPointer
                0x00000430        0xc .\CortexM3\ARM_GCC_541\Debug\MAX30102.o
                0x00000430                getReadPointer
 .text.enableSlot
                0x0000043c       0x48 .\CortexM3\ARM_GCC_541\Debug\MAX30102.o
                0x0000043c                enableSlot
 .text.Max_Init
                0x00000484      0x1c4 .\CortexM3\ARM_GCC_541\Debug\MAX30102.o
                0x00000484                Max_Init
 .text.Max_getIR
                0x00000648       0x7c .\CortexM3\ARM_GCC_541\Debug\MAX30102.o
                0x00000648                Max_getIR
 .text.CyClockStartupError
                0x000006c4        0x4 .\CortexM3\ARM_GCC_541\Debug\cyfitter_cfg.o
 .text.cfg_write_bytes32
                0x000006c8       0x34 .\CortexM3\ARM_GCC_541\Debug\cyfitter_cfg.o
 .text.AnalogSetDefault
                0x000006fc       0x28 .\CortexM3\ARM_GCC_541\Debug\cyfitter_cfg.o
 .text.CYMEMZERO
                0x00000724        0xc .\CortexM3\ARM_GCC_541\Debug\cyfitter_cfg.o
 .text.ClockSetup
                0x00000730       0xb8 .\CortexM3\ARM_GCC_541\Debug\cyfitter_cfg.o
 .text.CYCONFIGCPY
                0x000007e8        0x8 .\CortexM3\ARM_GCC_541\Debug\cyfitter_cfg.o
 .text.cyfitter_cfg
                0x000007f0      0x120 .\CortexM3\ARM_GCC_541\Debug\cyfitter_cfg.o
                0x000007f0                cyfitter_cfg
 .text.IntDefaultHandler
                0x00000910       0x10 .\CortexM3\ARM_GCC_541\Debug\Cm3Start.o
                0x00000910                IntDefaultHandler
 .text._sbrk    0x00000920       0x30 .\CortexM3\ARM_GCC_541\Debug\Cm3Start.o
                0x00000920                _sbrk
 .text.Start_c  0x00000950       0x4c .\CortexM3\ARM_GCC_541\Debug\Cm3Start.o
                0x00000950                Start_c
 .text.initialize_psoc
                0x0000099c       0x68 .\CortexM3\ARM_GCC_541\Debug\Cm3Start.o
                0x0000099c                initialize_psoc
 .text.I2C_Init
                0x00000a04       0x68 .\CortexM3\ARM_GCC_541\Debug\Pulsioximetro.a(I2C.o)
                0x00000a04                I2C_Init
 .text.I2C_Enable
                0x00000a6c       0x24 .\CortexM3\ARM_GCC_541\Debug\Pulsioximetro.a(I2C.o)
                0x00000a6c                I2C_Enable
 .text.I2C_Start
                0x00000a90       0x28 .\CortexM3\ARM_GCC_541\Debug\Pulsioximetro.a(I2C.o)
                0x00000a90                I2C_Start
 .text.I2C_ISR  0x00000ab8      0x2d0 .\CortexM3\ARM_GCC_541\Debug\Pulsioximetro.a(I2C_INT.o)
                0x00000ab8                I2C_ISR
 .text.I2C_MasterSendStart
                0x00000d88       0x80 .\CortexM3\ARM_GCC_541\Debug\Pulsioximetro.a(I2C_MASTER.o)
                0x00000d88                I2C_MasterSendStart
 .text.I2C_MasterSendRestart
                0x00000e08       0x6c .\CortexM3\ARM_GCC_541\Debug\Pulsioximetro.a(I2C_MASTER.o)
                0x00000e08                I2C_MasterSendRestart
 .text.I2C_MasterSendStop
                0x00000e74       0x38 .\CortexM3\ARM_GCC_541\Debug\Pulsioximetro.a(I2C_MASTER.o)
                0x00000e74                I2C_MasterSendStop
 .text.I2C_MasterWriteByte
                0x00000eac       0x58 .\CortexM3\ARM_GCC_541\Debug\Pulsioximetro.a(I2C_MASTER.o)
                0x00000eac                I2C_MasterWriteByte
 .text.I2C_MasterReadByte
                0x00000f04       0x58 .\CortexM3\ARM_GCC_541\Debug\Pulsioximetro.a(I2C_MASTER.o)
                0x00000f04                I2C_MasterReadByte
 .text.CyHalt   0x00000f5c        0x4 .\CortexM3\ARM_GCC_541\Debug\Pulsioximetro.a(CyLib.o)
                0x00000f5c                CyHalt
 .text.CyDelay  0x00000f60       0x2c .\CortexM3\ARM_GCC_541\Debug\Pulsioximetro.a(CyLib.o)
                0x00000f60                CyDelay
 .text.CyDelayUs
                0x00000f8c       0x14 .\CortexM3\ARM_GCC_541\Debug\Pulsioximetro.a(CyLib.o)
                0x00000f8c                CyDelayUs
 .text.CyIntSetVector
                0x00000fa0       0x28 .\CortexM3\ARM_GCC_541\Debug\Pulsioximetro.a(CyLib.o)
                0x00000fa0                CyIntSetVector
 .text.CyIntSetPriority
                0x00000fc8       0x30 .\CortexM3\ARM_GCC_541\Debug\Pulsioximetro.a(CyLib.o)
                0x00000fc8                CyIntSetPriority
 .text.UART_Init
                0x00000ff8       0x28 .\CortexM3\ARM_GCC_541\Debug\Pulsioximetro.a(UART.o)
                0x00000ff8                UART_Init
 .text.UART_Enable
                0x00001020       0x38 .\CortexM3\ARM_GCC_541\Debug\Pulsioximetro.a(UART.o)
                0x00001020                UART_Enable
 .text.UART_Start
                0x00001058       0x1c .\CortexM3\ARM_GCC_541\Debug\Pulsioximetro.a(UART.o)
                0x00001058                UART_Start
 .text.UART_GetChar
                0x00001074       0x2c .\CortexM3\ARM_GCC_541\Debug\Pulsioximetro.a(UART.o)
                0x00001074                UART_GetChar
 .text.UART_PutChar
                0x000010a0       0x18 .\CortexM3\ARM_GCC_541\Debug\Pulsioximetro.a(UART.o)
                0x000010a0                UART_PutChar
 .text.UART_PutString
                0x000010b8       0x24 .\CortexM3\ARM_GCC_541\Debug\Pulsioximetro.a(UART.o)
                0x000010b8                UART_PutString
 .text.IRQRX_SetVector
                0x000010dc        0xc .\CortexM3\ARM_GCC_541\Debug\Pulsioximetro.a(IRQRX.o)
                0x000010dc                IRQRX_SetVector
 .text.IRQRX_SetPriority
                0x000010e8       0x10 .\CortexM3\ARM_GCC_541\Debug\Pulsioximetro.a(IRQRX.o)
                0x000010e8                IRQRX_SetPriority
 .text.IRQRX_Enable
                0x000010f8        0xc .\CortexM3\ARM_GCC_541\Debug\Pulsioximetro.a(IRQRX.o)
                0x000010f8                IRQRX_Enable
 .text.IRQRX_Disable
                0x00001104        0xc .\CortexM3\ARM_GCC_541\Debug\Pulsioximetro.a(IRQRX.o)
                0x00001104                IRQRX_Disable
 .text.IRQRX_StartEx
                0x00001110       0x1c .\CortexM3\ARM_GCC_541\Debug\Pulsioximetro.a(IRQRX.o)
                0x00001110                IRQRX_StartEx
 .text.UART_IntClock_Start
                0x0000112c       0x1c .\CortexM3\ARM_GCC_541\Debug\Pulsioximetro.a(UART_IntClock.o)
                0x0000112c                UART_IntClock_Start
 .text.LCD_WrCntrlNib
                0x00001148       0x34 .\CortexM3\ARM_GCC_541\Debug\Pulsioximetro.a(LCD.o)
 .text.LCD_WrDatNib
                0x0000117c       0x44 .\CortexM3\ARM_GCC_541\Debug\Pulsioximetro.a(LCD.o)
 .text.LCD_IsReady
                0x000011c0       0xe4 .\CortexM3\ARM_GCC_541\Debug\Pulsioximetro.a(LCD.o)
                0x000011c0                LCD_IsReady
 .text.LCD_WriteData
                0x000012a4       0x18 .\CortexM3\ARM_GCC_541\Debug\Pulsioximetro.a(LCD.o)
                0x000012a4                LCD_WriteData
 .text.LCD_PrintString
                0x000012bc       0x1c .\CortexM3\ARM_GCC_541\Debug\Pulsioximetro.a(LCD.o)
                0x000012bc                LCD_PrintString
 .text.LCD_WriteControl
                0x000012d8       0x18 .\CortexM3\ARM_GCC_541\Debug\Pulsioximetro.a(LCD.o)
                0x000012d8                LCD_WriteControl
 .text.LCD_Init
                0x000012f0       0x6c .\CortexM3\ARM_GCC_541\Debug\Pulsioximetro.a(LCD.o)
                0x000012f0                LCD_Init
 .text.LCD_Enable
                0x0000135c       0x14 .\CortexM3\ARM_GCC_541\Debug\Pulsioximetro.a(LCD.o)
                0x0000135c                LCD_Enable
 .text.LCD_Start
                0x00001370       0x1c .\CortexM3\ARM_GCC_541\Debug\Pulsioximetro.a(LCD.o)
                0x00001370                LCD_Start
 .text.LCD_Position
                0x0000138c       0x3c .\CortexM3\ARM_GCC_541\Debug\Pulsioximetro.a(LCD.o)
                0x0000138c                LCD_Position
 .text.LCD_PrintU32Number
                0x000013c8       0x64 .\CortexM3\ARM_GCC_541\Debug\Pulsioximetro.a(LCD.o)
                0x000013c8                LCD_PrintU32Number
 .text.Control_Write
                0x0000142c        0xc .\CortexM3\ARM_GCC_541\Debug\Pulsioximetro.a(Control.o)
                0x0000142c                Control_Write
 .text          0x00001438       0x20 .\CortexM3\ARM_GCC_541\Debug\Pulsioximetro.a(CyBootAsmGnu.o)
                0x00001438                CyDelayCycles
                0x00001448                CyEnterCriticalSection
                0x00001450                CyExitCriticalSection
 .text.__errno  0x00001458        0xc c:/program files (x86)/cypress/psoc creator/4.2/psoc creator/import/gnu/arm/5.4.1/bin/../lib/gcc/arm-none-eabi/5.4.1/../../../../arm-none-eabi/lib/armv7-m\libg_nano.a(lib_a-errno.o)
                0x00001458                __errno
 .text.__libc_init_array
                0x00001464       0x4c c:/program files (x86)/cypress/psoc creator/4.2/psoc creator/import/gnu/arm/5.4.1/bin/../lib/gcc/arm-none-eabi/5.4.1/../../../../arm-none-eabi/lib/armv7-m\libg_nano.a(lib_a-init.o)
                0x00001464                __libc_init_array
 .text.memcpy   0x000014b0       0x16 c:/program files (x86)/cypress/psoc creator/4.2/psoc creator/import/gnu/arm/5.4.1/bin/../lib/gcc/arm-none-eabi/5.4.1/../../../../arm-none-eabi/lib/armv7-m\libg_nano.a(lib_a-memcpy-stub.o)
                0x000014b0                memcpy
 .text.memset   0x000014c6       0x10 c:/program files (x86)/cypress/psoc creator/4.2/psoc creator/import/gnu/arm/5.4.1/bin/../lib/gcc/arm-none-eabi/5.4.1/../../../../arm-none-eabi/lib/armv7-m\libg_nano.a(lib_a-memset.o)
                0x000014c6                memset
 *fill*         0x000014d6        0x2 
 .text.sprintf  0x000014d8       0x48 c:/program files (x86)/cypress/psoc creator/4.2/psoc creator/import/gnu/arm/5.4.1/bin/../lib/gcc/arm-none-eabi/5.4.1/../../../../arm-none-eabi/lib/armv7-m\libg_nano.a(lib_a-sprintf.o)
                0x000014d8                siprintf
                0x000014d8                sprintf
 .text.__ssputs_r
                0x00001520       0xb2 c:/program files (x86)/cypress/psoc creator/4.2/psoc creator/import/gnu/arm/5.4.1/bin/../lib/gcc/arm-none-eabi/5.4.1/../../../../arm-none-eabi/lib/armv7-m\libg_nano.a(lib_a-nano-svfprintf.o)
                0x00001520                __ssputs_r
 *fill*         0x000015d2        0x2 
 .text._svfprintf_r
                0x000015d4      0x1e8 c:/program files (x86)/cypress/psoc creator/4.2/psoc creator/import/gnu/arm/5.4.1/bin/../lib/gcc/arm-none-eabi/5.4.1/../../../../arm-none-eabi/lib/armv7-m\libg_nano.a(lib_a-nano-svfprintf.o)
                0x000015d4                _svfiprintf_r
                0x000015d4                _svfprintf_r
 .text._printf_common
                0x000017bc       0xec c:/program files (x86)/cypress/psoc creator/4.2/psoc creator/import/gnu/arm/5.4.1/bin/../lib/gcc/arm-none-eabi/5.4.1/../../../../arm-none-eabi/lib/armv7-m\libg_nano.a(lib_a-nano-vfprintf_i.o)
                0x000017bc                _printf_common
 .text._printf_i
                0x000018a8      0x24c c:/program files (x86)/cypress/psoc creator/4.2/psoc creator/import/gnu/arm/5.4.1/bin/../lib/gcc/arm-none-eabi/5.4.1/../../../../arm-none-eabi/lib/armv7-m\libg_nano.a(lib_a-nano-vfprintf_i.o)
                0x000018a8                _printf_i
 .text.memchr   0x00001af4       0x1c c:/program files (x86)/cypress/psoc creator/4.2/psoc creator/import/gnu/arm/5.4.1/bin/../lib/gcc/arm-none-eabi/5.4.1/../../../../arm-none-eabi/lib/armv7-m\libg_nano.a(lib_a-memchr-stub.o)
                0x00001af4                memchr
 .text.memmove  0x00001b10       0x36 c:/program files (x86)/cypress/psoc creator/4.2/psoc creator/import/gnu/arm/5.4.1/bin/../lib/gcc/arm-none-eabi/5.4.1/../../../../arm-none-eabi/lib/armv7-m\libg_nano.a(lib_a-memmove.o)
                0x00001b10                memmove
 *fill*         0x00001b46        0x2 
 .text._free_r  0x00001b48       0x98 c:/program files (x86)/cypress/psoc creator/4.2/psoc creator/import/gnu/arm/5.4.1/bin/../lib/gcc/arm-none-eabi/5.4.1/../../../../arm-none-eabi/lib/armv7-m\libg_nano.a(lib_a-nano-freer.o)
                0x00001b48                _free_r
 .text._malloc_r
                0x00001be0       0xbc c:/program files (x86)/cypress/psoc creator/4.2/psoc creator/import/gnu/arm/5.4.1/bin/../lib/gcc/arm-none-eabi/5.4.1/../../../../arm-none-eabi/lib/armv7-m\libg_nano.a(lib_a-nano-mallocr.o)
                0x00001be0                _malloc_r
 .text._realloc_r
                0x00001c9c       0x4c c:/program files (x86)/cypress/psoc creator/4.2/psoc creator/import/gnu/arm/5.4.1/bin/../lib/gcc/arm-none-eabi/5.4.1/../../../../arm-none-eabi/lib/armv7-m\libg_nano.a(lib_a-nano-reallocr.o)
                0x00001c9c                _realloc_r
 .text._sbrk_r  0x00001ce8       0x20 c:/program files (x86)/cypress/psoc creator/4.2/psoc creator/import/gnu/arm/5.4.1/bin/../lib/gcc/arm-none-eabi/5.4.1/../../../../arm-none-eabi/lib/armv7-m\libg_nano.a(lib_a-sbrkr.o)
                0x00001ce8                _sbrk_r
 .text.__malloc_lock
                0x00001d08        0x2 c:/program files (x86)/cypress/psoc creator/4.2/psoc creator/import/gnu/arm/5.4.1/bin/../lib/gcc/arm-none-eabi/5.4.1/../../../../arm-none-eabi/lib/armv7-m\libg_nano.a(lib_a-mlock.o)
                0x00001d08                __malloc_lock
 .text.__malloc_unlock
                0x00001d0a        0x2 c:/program files (x86)/cypress/psoc creator/4.2/psoc creator/import/gnu/arm/5.4.1/bin/../lib/gcc/arm-none-eabi/5.4.1/../../../../arm-none-eabi/lib/armv7-m\libg_nano.a(lib_a-mlock.o)
                0x00001d0a                __malloc_unlock
 .text._malloc_usable_size_r
                0x00001d0c       0x14 c:/program files (x86)/cypress/psoc creator/4.2/psoc creator/import/gnu/arm/5.4.1/bin/../lib/gcc/arm-none-eabi/5.4.1/../../../../arm-none-eabi/lib/armv7-m\libg_nano.a(lib_a-nano-msizer.o)
                0x00001d0c                _malloc_usable_size_r
 *(.plt)
 *(.gnu.warning)
 *(.glue_7t)
 .glue_7t       0x00001d20        0x0 linker stubs
 *(.glue_7)
 .glue_7        0x00001d20        0x0 linker stubs
 *(.vfp11_veneer)
 .vfp11_veneer  0x00001d20        0x0 linker stubs
 *(.bootloader)
 *(.ARM.extab* .gnu.linkonce.armextab.*)
 *(.gcc_except_table)

.v4_bx          0x00001d20        0x0
 .v4_bx         0x00001d20        0x0 linker stubs

.iplt           0x00001d20        0x0
 .iplt          0x00001d20        0x0 c:/program files (x86)/cypress/psoc creator/4.2/psoc creator/import/gnu/arm/5.4.1/bin/../lib/gcc/arm-none-eabi/5.4.1/armv7-m/crtbegin.o

.eh_frame_hdr
 *(.eh_frame_hdr)

.eh_frame       0x00001d20        0x4
 *(.eh_frame)
 .eh_frame      0x00001d20        0x0 c:/program files (x86)/cypress/psoc creator/4.2/psoc creator/import/gnu/arm/5.4.1/bin/../lib/gcc/arm-none-eabi/5.4.1/armv7-m/crtbegin.o
 .eh_frame      0x00001d20        0x4 c:/program files (x86)/cypress/psoc creator/4.2/psoc creator/import/gnu/arm/5.4.1/bin/../lib/gcc/arm-none-eabi/5.4.1/armv7-m/crtend.o
                [!provide]                PROVIDE (__exidx_start, .)

.ARM.exidx
 *(.ARM.exidx* .gnu.linkonce.armexidx.*)
                0x00001d24                __exidx_end = .

.rodata         0x00001d24      0x264
 *(.rodata .rodata.* .gnu.linkonce.r.*)
 .rodata.str1.4
                0x00001d24      0x193 .\CortexM3\ARM_GCC_541\Debug\main.o
 *fill*         0x00001eb7        0x1 
 .rodata.str1.4
                0x00001eb8       0x24 .\CortexM3\ARM_GCC_541\Debug\MAX30102.o
                                 0x22 (size before relaxing)
 .rodata        0x00001edc       0x42 .\CortexM3\ARM_GCC_541\Debug\cyfitter_cfg.o
 .rodata.str1.1
                0x00001f1e        0x2 c:/program files (x86)/cypress/psoc creator/4.2/psoc creator/import/gnu/arm/5.4.1/bin/../lib/gcc/arm-none-eabi/5.4.1/../../../../arm-none-eabi/lib/armv7-m\libg_nano.a(lib_a-impure.o)
 .rodata.str1.1
                0x00001f20       0x11 c:/program files (x86)/cypress/psoc creator/4.2/psoc creator/import/gnu/arm/5.4.1/bin/../lib/gcc/arm-none-eabi/5.4.1/../../../../arm-none-eabi/lib/armv7-m\libg_nano.a(lib_a-nano-svfprintf.o)
 .rodata.str1.1
                0x00001f31       0x22 c:/program files (x86)/cypress/psoc creator/4.2/psoc creator/import/gnu/arm/5.4.1/bin/../lib/gcc/arm-none-eabi/5.4.1/../../../../arm-none-eabi/lib/armv7-m\libg_nano.a(lib_a-nano-vfprintf_i.o)
                0x00001f54                . = ALIGN (0x4)
 *fill*         0x00001f53        0x1 
 *(.init)
 .init          0x00001f54        0x4 c:/program files (x86)/cypress/psoc creator/4.2/psoc creator/import/gnu/arm/5.4.1/bin/../lib/gcc/arm-none-eabi/5.4.1/armv7-m/crti.o
                0x00001f54                _init
 .init          0x00001f58        0x8 c:/program files (x86)/cypress/psoc creator/4.2/psoc creator/import/gnu/arm/5.4.1/bin/../lib/gcc/arm-none-eabi/5.4.1/armv7-m/crtn.o
                0x00001f60                . = ALIGN (0x4)
                0x00001f60                __preinit_array_start = .
 *(.preinit_array)
                0x00001f60                __preinit_array_end = .
                0x00001f60                . = ALIGN (0x4)
                0x00001f60                __init_array_start = .
 *(SORT(.init_array.*))
 *(.init_array)
 .init_array    0x00001f60        0x4 c:/program files (x86)/cypress/psoc creator/4.2/psoc creator/import/gnu/arm/5.4.1/bin/../lib/gcc/arm-none-eabi/5.4.1/armv7-m/crtbegin.o
 .init_array    0x00001f64        0x4 .\CortexM3\ARM_GCC_541\Debug\Cm3Start.o
                0x00001f68                __init_array_end = .
                0x00001f68                . = ALIGN (0x4)
 *(.fini)
 .fini          0x00001f68        0x4 c:/program files (x86)/cypress/psoc creator/4.2/psoc creator/import/gnu/arm/5.4.1/bin/../lib/gcc/arm-none-eabi/5.4.1/armv7-m/crti.o
                0x00001f68                _fini
 .fini          0x00001f6c        0x8 c:/program files (x86)/cypress/psoc creator/4.2/psoc creator/import/gnu/arm/5.4.1/bin/../lib/gcc/arm-none-eabi/5.4.1/armv7-m/crtn.o
                0x00001f74                . = ALIGN (0x4)
                0x00001f74                __fini_array_start = .
 *(.fini_array)
 .fini_array    0x00001f74        0x4 c:/program files (x86)/cypress/psoc creator/4.2/psoc creator/import/gnu/arm/5.4.1/bin/../lib/gcc/arm-none-eabi/5.4.1/armv7-m/crtbegin.o
 *(SORT(.fini_array.*))
                0x00001f78                __fini_array_end = .
                0x00001f78                . = ALIGN (0x4)
 *crtbegin.o(.ctors)
 *(EXCLUDE_FILE(*crtend.o) .ctors)
 *(SORT(.ctors.*))
 *crtend.o(.ctors)
                0x00001f78                . = ALIGN (0x4)
 *crtbegin.o(.dtors)
 *(EXCLUDE_FILE(*crtend.o) .dtors)
 *(SORT(.dtors.*))
 *crtend.o(.dtors)
                0x00001f78                . = ALIGN (0x4)
                0x00001f78                __cy_regions = .
                0x00001f78        0x4 LONG 0x1f88 __cy_region_init_ram
                0x00001f7c        0x4 LONG 0x1fff80c8 __cy_region_start_data
                0x00001f80        0x4 LONG 0x80 __cy_region_init_size_ram
                0x00001f84        0x4 LONG 0x70 __cy_region_zero_size_ram
                0x00001f88                __cy_regions_end = .
                0x00001f88                . = ALIGN (0x8)
                0x00001f88                _etext = .

.cy_checksum_exclude
                0x00001f88        0x0
 *(.cy_checksum_exclude)

.ramvectors     0x1fff8000       0xc0
                0x1fff8000                __cy_region_start_ram = .
 *(.ramvectors)
 .ramvectors    0x1fff8000       0xc0 .\CortexM3\ARM_GCC_541\Debug\Cm3Start.o
                0x1fff8000                CyRamVectors

.noinit         0x1fff80c0        0x1
 *(.noinit)
 .noinit        0x1fff80c0        0x1 .\CortexM3\ARM_GCC_541\Debug\Pulsioximetro.a(CyLib.o)
                0x1fff80c0                CyResetStatus

.data           0x1fff80c8       0x80 load address 0x00001f88
                0x1fff80c8                __cy_region_start_data = .
 *(.jcr)
 .jcr           0x1fff80c8        0x0 c:/program files (x86)/cypress/psoc creator/4.2/psoc creator/import/gnu/arm/5.4.1/bin/../lib/gcc/arm-none-eabi/5.4.1/armv7-m/crtbegin.o
 .jcr           0x1fff80c8        0x4 c:/program files (x86)/cypress/psoc creator/4.2/psoc creator/import/gnu/arm/5.4.1/bin/../lib/gcc/arm-none-eabi/5.4.1/armv7-m/crtend.o
 *(.got.plt)
 *(.got)
 *(.shdata)
 *(.data .data.* .gnu.linkonce.d.*)
 .data          0x1fff80cc        0x2 .\CortexM3\ARM_GCC_541\Debug\main.o
                0x1fff80cc                bandera2
                0x1fff80cd                frecuencia
 *fill*         0x1fff80ce        0x2 
 .data          0x1fff80d0        0x4 .\CortexM3\ARM_GCC_541\Debug\Cm3Start.o
 .data          0x1fff80d4       0x10 .\CortexM3\ARM_GCC_541\Debug\Pulsioximetro.a(CyLib.o)
                0x1fff80d4                cydelay_32k_ms
                0x1fff80d8                cydelay_freq_khz
                0x1fff80dc                cydelay_freq_mhz
                0x1fff80e0                cydelay_freq_hz
 .data.impure_data
                0x1fff80e4       0x60 c:/program files (x86)/cypress/psoc creator/4.2/psoc creator/import/gnu/arm/5.4.1/bin/../lib/gcc/arm-none-eabi/5.4.1/../../../../arm-none-eabi/lib/armv7-m\libg_nano.a(lib_a-impure.o)
 .data._impure_ptr
                0x1fff8144        0x4 c:/program files (x86)/cypress/psoc creator/4.2/psoc creator/import/gnu/arm/5.4.1/bin/../lib/gcc/arm-none-eabi/5.4.1/../../../../arm-none-eabi/lib/armv7-m\libg_nano.a(lib_a-impure.o)
                0x1fff8144                _impure_ptr
                0x1fff8148                . = ALIGN (0x8)
 *(.ram)
                0x1fff8148                _edata = .

.igot.plt       0x1fff8148        0x0 load address 0x00002008
 .igot.plt      0x1fff8148        0x0 c:/program files (x86)/cypress/psoc creator/4.2/psoc creator/import/gnu/arm/5.4.1/bin/../lib/gcc/arm-none-eabi/5.4.1/armv7-m/crtbegin.o

.bss            0x1fff8148       0x70 load address 0x00002008
                0x1fff8148                PROVIDE (__bss_start__, .)
 *(.shbss)
 *(.bss .bss.* .gnu.linkonce.b.*)
 .bss           0x1fff8148       0x1c c:/program files (x86)/cypress/psoc creator/4.2/psoc creator/import/gnu/arm/5.4.1/bin/../lib/gcc/arm-none-eabi/5.4.1/armv7-m/crtbegin.o
 .bss           0x1fff8164       0x29 .\CortexM3\ARM_GCC_541\Debug\main.o
                0x1fff8164                aux
                0x1fff8174                Buffer
                0x1fff8188                pulse
                0x1fff8189                banderapulso
                0x1fff818a                cont
                0x1fff818b                bandera
                0x1fff818c                contpulso
 .bss           0x1fff818d        0x1 .\CortexM3\ARM_GCC_541\Debug\Pulsioximetro.a(I2C.o)
                0x1fff818d                I2C_initVar
 .bss           0x1fff818e        0x2 .\CortexM3\ARM_GCC_541\Debug\Pulsioximetro.a(UART.o)
                0x1fff818e                UART_initVar
 .bss           0x1fff8190        0x2 .\CortexM3\ARM_GCC_541\Debug\Pulsioximetro.a(LCD.o)
                0x1fff8190                LCD_enableState
                0x1fff8191                LCD_initVar
 *fill*         0x1fff8192        0x2 
 .bss.__malloc_sbrk_start
                0x1fff8194        0x4 c:/program files (x86)/cypress/psoc creator/4.2/psoc creator/import/gnu/arm/5.4.1/bin/../lib/gcc/arm-none-eabi/5.4.1/../../../../arm-none-eabi/lib/armv7-m\libg_nano.a(lib_a-nano-mallocr.o)
                0x1fff8194                __malloc_sbrk_start
 .bss.__malloc_free_list
                0x1fff8198        0x4 c:/program files (x86)/cypress/psoc creator/4.2/psoc creator/import/gnu/arm/5.4.1/bin/../lib/gcc/arm-none-eabi/5.4.1/../../../../arm-none-eabi/lib/armv7-m\libg_nano.a(lib_a-nano-mallocr.o)
                0x1fff8198                __malloc_free_list
 *(COMMON)
 COMMON         0x1fff819c        0x2 .\CortexM3\ARM_GCC_541\Debug\main.o
                0x1fff819c                activeLEDs
                0x1fff819d                data
 COMMON         0x1fff819e        0x1 .\CortexM3\ARM_GCC_541\Debug\Pulsioximetro.a(I2C.o)
                0x1fff819e                I2C_state
 *fill*         0x1fff819f        0x1 
 COMMON         0x1fff81a0       0x10 .\CortexM3\ARM_GCC_541\Debug\Pulsioximetro.a(I2C_MASTER.o)
                0x1fff81a0                I2C_mstrWrBufIndex
                0x1fff81a1                I2C_mstrWrBufSize
                0x1fff81a2                I2C_mstrStatus
                0x1fff81a4                I2C_mstrRdBufPtr
                0x1fff81a8                I2C_mstrControl
                0x1fff81a9                I2C_mstrRdBufSize
                0x1fff81aa                I2C_mstrRdBufIndex
                0x1fff81ac                I2C_mstrWrBufPtr
 COMMON         0x1fff81b0        0x4 c:/program files (x86)/cypress/psoc creator/4.2/psoc creator/import/gnu/arm/5.4.1/bin/../lib/gcc/arm-none-eabi/5.4.1/../../../../arm-none-eabi/lib/armv7-m\libg_nano.a(lib_a-reent.o)
                0x1fff81b0                errno
                0x1fff81b8                . = ALIGN (0x8)
 *fill*         0x1fff81b4        0x4 
 *(.ram.b)
                0x1fff81b8                _end = .
                0x1fff81b8                __end = .
                0x1fff81b8                PROVIDE (end, .)
                0x1fff81b8                PROVIDE (__bss_end__, .)
                0x00001f88                __cy_region_init_ram = LOADADDR (.data)
                0x00000080                __cy_region_init_size_ram = (_edata - ADDR (.data))
                0x00000070                __cy_region_zero_size_ram = (_end - _edata)

.heap           0x1fff81b8       0x80 load address 0x00002008
                0x1fff81b8                . = _end
                0x1fff8238                . = (. + 0x80)
 *fill*         0x1fff81b8       0x80 
                0x1fff8238                __cy_heap_limit = .

.stack          0x20007800      0x800
                0x20007800                __cy_stack_limit = .
                0x20008000                . = (. + 0x800)
 *fill*         0x20007800      0x800 
                0x00000001                ASSERT ((__cy_stack_limit >= __cy_heap_limit), region RAM overflowed with stack)
                0x00000000                cy_checksum_exclude_size = (CY_APPL_LOADABLE == 0x1)?SIZEOF (.cy_checksum_exclude):0x0
                0x00000001                ASSERT ((cy_checksum_exclude_size <= CY_CHECKSUM_EXCLUDE_SIZE), CY_BOOT: Section .cy_checksum_exclude size exceedes specified limit.)

.cyloadermeta
 *(.cyloadermeta)

.cyloadablemeta
 *(.cyloadablemeta)

.cyconfigecc    0x80000000      0x390
 *(.cyconfigecc)
 .cyconfigecc   0x80000000      0x390 .\CortexM3\ARM_GCC_541\Debug\cymetadata.o
                0x80000000                cy_meta_configecc

.cycustnvl      0x90000000        0x4
 *(.cycustnvl)
 .cycustnvl     0x90000000        0x4 .\CortexM3\ARM_GCC_541\Debug\cymetadata.o
                0x90000000                cy_meta_custnvl

.cywolatch      0x90100000        0x4
 *(.cywolatch)
 .cywolatch     0x90100000        0x4 .\CortexM3\ARM_GCC_541\Debug\cymetadata.o
                0x90100000                cy_meta_wonvl

.cyeeprom       0x90200000        0x0
 *(.cyeeprom)
                0x00000001                ASSERT ((. <= ((0x90200000 + ee_offset) + ee_size)), .cyeeprom data will not fit in EEPROM)

.cyflashprotect
                0x90400000      0x100
 *(.cyflashprotect)
 .cyflashprotect
                0x90400000      0x100 .\CortexM3\ARM_GCC_541\Debug\cymetadata.o
                0x90400000                cy_meta_flashprotect

.cymeta         0x90500000        0xc
 *(.cymeta)
 .cymeta        0x90500000        0xc .\CortexM3\ARM_GCC_541\Debug\cymetadata.o
                0x90500000                cy_metadata

.rel.dyn        0x00002008        0x0 load address 0x9050000c
 .rel.iplt      0x00002008        0x0 c:/program files (x86)/cypress/psoc creator/4.2/psoc creator/import/gnu/arm/5.4.1/bin/../lib/gcc/arm-none-eabi/5.4.1/armv7-m/crtbegin.o

.stab
 *(.stab)

.stabstr
 *(.stabstr)

.debug
 *(.debug)

.line
 *(.line)

.debug_srcinfo
 *(.debug_srcinfo)

.debug_sfnames
 *(.debug_sfnames)

.debug_aranges  0x00000000      0x9e0
 *(.debug_aranges)
 .debug_aranges
                0x00000000       0x28 .\CortexM3\ARM_GCC_541\Debug\main.o
 .debug_aranges
                0x00000028       0xf0 .\CortexM3\ARM_GCC_541\Debug\MAX30102.o
 .debug_aranges
                0x00000118       0x58 .\CortexM3\ARM_GCC_541\Debug\cyfitter_cfg.o
 .debug_aranges
                0x00000170       0x18 .\CortexM3\ARM_GCC_541\Debug\cymetadata.o
 .debug_aranges
                0x00000188       0x48 .\CortexM3\ARM_GCC_541\Debug\Cm3Start.o
 .debug_aranges
                0x000001d0       0x38 .\CortexM3\ARM_GCC_541\Debug\Pulsioximetro.a(I2C.o)
 .debug_aranges
                0x00000208       0x20 .\CortexM3\ARM_GCC_541\Debug\Pulsioximetro.a(I2C_INT.o)
 .debug_aranges
                0x00000228       0x38 .\CortexM3\ARM_GCC_541\Debug\Pulsioximetro.a(I2C_PM.o)
 .debug_aranges
                0x00000260       0x80 .\CortexM3\ARM_GCC_541\Debug\Pulsioximetro.a(I2C_MASTER.o)
 .debug_aranges
                0x000002e0      0x2a0 .\CortexM3\ARM_GCC_541\Debug\Pulsioximetro.a(CyLib.o)
 .debug_aranges
                0x00000580       0x98 .\CortexM3\ARM_GCC_541\Debug\Pulsioximetro.a(cyPm.o)
 .debug_aranges
                0x00000618       0xf0 .\CortexM3\ARM_GCC_541\Debug\Pulsioximetro.a(UART.o)
 .debug_aranges
                0x00000708       0x80 .\CortexM3\ARM_GCC_541\Debug\Pulsioximetro.a(IRQRX.o)
 .debug_aranges
                0x00000788       0x70 .\CortexM3\ARM_GCC_541\Debug\Pulsioximetro.a(UART_IntClock.o)
 .debug_aranges
                0x000007f8       0x98 .\CortexM3\ARM_GCC_541\Debug\Pulsioximetro.a(LCD.o)
 .debug_aranges
                0x00000890       0x28 .\CortexM3\ARM_GCC_541\Debug\Pulsioximetro.a(Control.o)
 .debug_aranges
                0x000008b8       0x20 .\CortexM3\ARM_GCC_541\Debug\Pulsioximetro.a(CyBootAsmGnu.o)
 .debug_aranges
                0x000008d8       0x88 .\CortexM3\ARM_GCC_541\Debug\Pulsioximetro.a(CyFlash.o)
 .debug_aranges
                0x00000960       0x80 .\CortexM3\ARM_GCC_541\Debug\Pulsioximetro.a(CySpc.o)

.debug_pubnames
 *(.debug_pubnames)

.debug_info     0x00000000     0x655e
 *(.debug_info .gnu.linkonce.wi.*)
 .debug_info    0x00000000      0x5a3 .\CortexM3\ARM_GCC_541\Debug\main.o
 .debug_info    0x000005a3      0xda9 .\CortexM3\ARM_GCC_541\Debug\MAX30102.o
 .debug_info    0x0000134c      0x5ba .\CortexM3\ARM_GCC_541\Debug\cyfitter_cfg.o
 .debug_info    0x00001906      0x135 .\CortexM3\ARM_GCC_541\Debug\cymetadata.o
 .debug_info    0x00001a3b      0x3bb .\CortexM3\ARM_GCC_541\Debug\Cm3Start.o
 .debug_info    0x00001df6      0x2ab .\CortexM3\ARM_GCC_541\Debug\Pulsioximetro.a(I2C.o)
 .debug_info    0x000020a1      0x184 .\CortexM3\ARM_GCC_541\Debug\Pulsioximetro.a(I2C_INT.o)
 .debug_info    0x00002225      0x207 .\CortexM3\ARM_GCC_541\Debug\Pulsioximetro.a(I2C_PM.o)
 .debug_info    0x0000242c      0x407 .\CortexM3\ARM_GCC_541\Debug\Pulsioximetro.a(I2C_MASTER.o)
 .debug_info    0x00002833     0x1374 .\CortexM3\ARM_GCC_541\Debug\Pulsioximetro.a(CyLib.o)
 .debug_info    0x00003ba7      0xa2a .\CortexM3\ARM_GCC_541\Debug\Pulsioximetro.a(cyPm.o)
 .debug_info    0x000045d1      0x60c .\CortexM3\ARM_GCC_541\Debug\Pulsioximetro.a(UART.o)
 .debug_info    0x00004bdd      0x2d2 .\CortexM3\ARM_GCC_541\Debug\Pulsioximetro.a(IRQRX.o)
 .debug_info    0x00004eaf      0x283 .\CortexM3\ARM_GCC_541\Debug\Pulsioximetro.a(UART_IntClock.o)
 .debug_info    0x00005132      0x715 .\CortexM3\ARM_GCC_541\Debug\Pulsioximetro.a(LCD.o)
 .debug_info    0x00005847       0xd6 .\CortexM3\ARM_GCC_541\Debug\Pulsioximetro.a(Control.o)
 .debug_info    0x0000591d       0xa4 .\CortexM3\ARM_GCC_541\Debug\Pulsioximetro.a(CyBootAsmGnu.o)
 .debug_info    0x000059c1      0x64d .\CortexM3\ARM_GCC_541\Debug\Pulsioximetro.a(CyFlash.o)
 .debug_info    0x0000600e      0x550 .\CortexM3\ARM_GCC_541\Debug\Pulsioximetro.a(CySpc.o)

.debug_abbrev   0x00000000     0x183e
 *(.debug_abbrev)
 .debug_abbrev  0x00000000      0x110 .\CortexM3\ARM_GCC_541\Debug\main.o
 .debug_abbrev  0x00000110      0x192 .\CortexM3\ARM_GCC_541\Debug\MAX30102.o
 .debug_abbrev  0x000002a2      0x20d .\CortexM3\ARM_GCC_541\Debug\cyfitter_cfg.o
 .debug_abbrev  0x000004af       0x66 .\CortexM3\ARM_GCC_541\Debug\cymetadata.o
 .debug_abbrev  0x00000515      0x1e8 .\CortexM3\ARM_GCC_541\Debug\Cm3Start.o
 .debug_abbrev  0x000006fd      0x10a .\CortexM3\ARM_GCC_541\Debug\Pulsioximetro.a(I2C.o)
 .debug_abbrev  0x00000807       0xb6 .\CortexM3\ARM_GCC_541\Debug\Pulsioximetro.a(I2C_INT.o)
 .debug_abbrev  0x000008bd       0xfe .\CortexM3\ARM_GCC_541\Debug\Pulsioximetro.a(I2C_PM.o)
 .debug_abbrev  0x000009bb      0x13c .\CortexM3\ARM_GCC_541\Debug\Pulsioximetro.a(I2C_MASTER.o)
 .debug_abbrev  0x00000af7      0x254 .\CortexM3\ARM_GCC_541\Debug\Pulsioximetro.a(CyLib.o)
 .debug_abbrev  0x00000d4b      0x1ab .\CortexM3\ARM_GCC_541\Debug\Pulsioximetro.a(cyPm.o)
 .debug_abbrev  0x00000ef6      0x175 .\CortexM3\ARM_GCC_541\Debug\Pulsioximetro.a(UART.o)
 .debug_abbrev  0x0000106b      0x173 .\CortexM3\ARM_GCC_541\Debug\Pulsioximetro.a(IRQRX.o)
 .debug_abbrev  0x000011de      0x139 .\CortexM3\ARM_GCC_541\Debug\Pulsioximetro.a(UART_IntClock.o)
 .debug_abbrev  0x00001317      0x157 .\CortexM3\ARM_GCC_541\Debug\Pulsioximetro.a(LCD.o)
 .debug_abbrev  0x0000146e       0x81 .\CortexM3\ARM_GCC_541\Debug\Pulsioximetro.a(Control.o)
 .debug_abbrev  0x000014ef       0x14 .\CortexM3\ARM_GCC_541\Debug\Pulsioximetro.a(CyBootAsmGnu.o)
 .debug_abbrev  0x00001503      0x1a7 .\CortexM3\ARM_GCC_541\Debug\Pulsioximetro.a(CyFlash.o)
 .debug_abbrev  0x000016aa      0x194 .\CortexM3\ARM_GCC_541\Debug\Pulsioximetro.a(CySpc.o)

.debug_line     0x00000000     0x28f7
 *(.debug_line)
 .debug_line    0x00000000      0x266 .\CortexM3\ARM_GCC_541\Debug\main.o
 .debug_line    0x00000266      0x471 .\CortexM3\ARM_GCC_541\Debug\MAX30102.o
 .debug_line    0x000006d7      0x1f4 .\CortexM3\ARM_GCC_541\Debug\cyfitter_cfg.o
 .debug_line    0x000008cb      0x141 .\CortexM3\ARM_GCC_541\Debug\cymetadata.o
 .debug_line    0x00000a0c      0x234 .\CortexM3\ARM_GCC_541\Debug\Cm3Start.o
 .debug_line    0x00000c40       0xd9 .\CortexM3\ARM_GCC_541\Debug\Pulsioximetro.a(I2C.o)
 .debug_line    0x00000d19      0x114 .\CortexM3\ARM_GCC_541\Debug\Pulsioximetro.a(I2C_INT.o)
 .debug_line    0x00000e2d       0xbb .\CortexM3\ARM_GCC_541\Debug\Pulsioximetro.a(I2C_PM.o)
 .debug_line    0x00000ee8      0x1fd .\CortexM3\ARM_GCC_541\Debug\Pulsioximetro.a(I2C_MASTER.o)
 .debug_line    0x000010e5      0x816 .\CortexM3\ARM_GCC_541\Debug\Pulsioximetro.a(CyLib.o)
 .debug_line    0x000018fb      0x367 .\CortexM3\ARM_GCC_541\Debug\Pulsioximetro.a(cyPm.o)
 .debug_line    0x00001c62      0x2bc .\CortexM3\ARM_GCC_541\Debug\Pulsioximetro.a(UART.o)
 .debug_line    0x00001f1e      0x132 .\CortexM3\ARM_GCC_541\Debug\Pulsioximetro.a(IRQRX.o)
 .debug_line    0x00002050      0x17c .\CortexM3\ARM_GCC_541\Debug\Pulsioximetro.a(UART_IntClock.o)
 .debug_line    0x000021cc      0x1dc .\CortexM3\ARM_GCC_541\Debug\Pulsioximetro.a(LCD.o)
 .debug_line    0x000023a8       0x6f .\CortexM3\ARM_GCC_541\Debug\Pulsioximetro.a(Control.o)
 .debug_line    0x00002417       0x66 .\CortexM3\ARM_GCC_541\Debug\Pulsioximetro.a(CyBootAsmGnu.o)
 .debug_line    0x0000247d      0x21a .\CortexM3\ARM_GCC_541\Debug\Pulsioximetro.a(CyFlash.o)
 .debug_line    0x00002697      0x260 .\CortexM3\ARM_GCC_541\Debug\Pulsioximetro.a(CySpc.o)

.debug_frame    0x00000000     0x1df0
 *(.debug_frame)
 .debug_frame   0x00000000       0x48 .\CortexM3\ARM_GCC_541\Debug\main.o
 .debug_frame   0x00000048      0x32c .\CortexM3\ARM_GCC_541\Debug\MAX30102.o
 .debug_frame   0x00000374       0xe4 .\CortexM3\ARM_GCC_541\Debug\cyfitter_cfg.o
 .debug_frame   0x00000458       0xb8 .\CortexM3\ARM_GCC_541\Debug\Cm3Start.o
 .debug_frame   0x00000510       0x90 .\CortexM3\ARM_GCC_541\Debug\Pulsioximetro.a(I2C.o)
 .debug_frame   0x000005a0       0x30 .\CortexM3\ARM_GCC_541\Debug\Pulsioximetro.a(I2C_INT.o)
 .debug_frame   0x000005d0       0x74 .\CortexM3\ARM_GCC_541\Debug\Pulsioximetro.a(I2C_PM.o)
 .debug_frame   0x00000644      0x138 .\CortexM3\ARM_GCC_541\Debug\Pulsioximetro.a(I2C_MASTER.o)
 .debug_frame   0x0000077c      0x738 .\CortexM3\ARM_GCC_541\Debug\Pulsioximetro.a(CyLib.o)
 .debug_frame   0x00000eb4      0x1f8 .\CortexM3\ARM_GCC_541\Debug\Pulsioximetro.a(cyPm.o)
 .debug_frame   0x000010ac      0x250 .\CortexM3\ARM_GCC_541\Debug\Pulsioximetro.a(UART.o)
 .debug_frame   0x000012fc      0x104 .\CortexM3\ARM_GCC_541\Debug\Pulsioximetro.a(IRQRX.o)
 .debug_frame   0x00001400       0xe0 .\CortexM3\ARM_GCC_541\Debug\Pulsioximetro.a(UART_IntClock.o)
 .debug_frame   0x000014e0      0x1e8 .\CortexM3\ARM_GCC_541\Debug\Pulsioximetro.a(LCD.o)
 .debug_frame   0x000016c8       0x30 .\CortexM3\ARM_GCC_541\Debug\Pulsioximetro.a(Control.o)
 .debug_frame   0x000016f8      0x194 .\CortexM3\ARM_GCC_541\Debug\Pulsioximetro.a(CyFlash.o)
 .debug_frame   0x0000188c      0x180 .\CortexM3\ARM_GCC_541\Debug\Pulsioximetro.a(CySpc.o)
 .debug_frame   0x00001a0c       0x20 c:/program files (x86)/cypress/psoc creator/4.2/psoc creator/import/gnu/arm/5.4.1/bin/../lib/gcc/arm-none-eabi/5.4.1/../../../../arm-none-eabi/lib/armv7-m\libg_nano.a(lib_a-errno.o)
 .debug_frame   0x00001a2c       0x28 c:/program files (x86)/cypress/psoc creator/4.2/psoc creator/import/gnu/arm/5.4.1/bin/../lib/gcc/arm-none-eabi/5.4.1/../../../../arm-none-eabi/lib/armv7-m\libg_nano.a(lib_a-exit.o)
 .debug_frame   0x00001a54       0x2c c:/program files (x86)/cypress/psoc creator/4.2/psoc creator/import/gnu/arm/5.4.1/bin/../lib/gcc/arm-none-eabi/5.4.1/../../../../arm-none-eabi/lib/armv7-m\libg_nano.a(lib_a-init.o)
 .debug_frame   0x00001a80       0x28 c:/program files (x86)/cypress/psoc creator/4.2/psoc creator/import/gnu/arm/5.4.1/bin/../lib/gcc/arm-none-eabi/5.4.1/../../../../arm-none-eabi/lib/armv7-m\libg_nano.a(lib_a-memcpy-stub.o)
 .debug_frame   0x00001aa8       0x20 c:/program files (x86)/cypress/psoc creator/4.2/psoc creator/import/gnu/arm/5.4.1/bin/../lib/gcc/arm-none-eabi/5.4.1/../../../../arm-none-eabi/lib/armv7-m\libg_nano.a(lib_a-memset.o)
 .debug_frame   0x00001ac8       0x70 c:/program files (x86)/cypress/psoc creator/4.2/psoc creator/import/gnu/arm/5.4.1/bin/../lib/gcc/arm-none-eabi/5.4.1/../../../../arm-none-eabi/lib/armv7-m\libg_nano.a(lib_a-sprintf.o)
 .debug_frame   0x00001b38       0x90 c:/program files (x86)/cypress/psoc creator/4.2/psoc creator/import/gnu/arm/5.4.1/bin/../lib/gcc/arm-none-eabi/5.4.1/../../../../arm-none-eabi/lib/armv7-m\libg_nano.a(lib_a-nano-svfprintf.o)
 .debug_frame   0x00001bc8       0x60 c:/program files (x86)/cypress/psoc creator/4.2/psoc creator/import/gnu/arm/5.4.1/bin/../lib/gcc/arm-none-eabi/5.4.1/../../../../arm-none-eabi/lib/armv7-m\libg_nano.a(lib_a-nano-vfprintf_i.o)
 .debug_frame   0x00001c28       0x28 c:/program files (x86)/cypress/psoc creator/4.2/psoc creator/import/gnu/arm/5.4.1/bin/../lib/gcc/arm-none-eabi/5.4.1/../../../../arm-none-eabi/lib/armv7-m\libg_nano.a(lib_a-memchr-stub.o)
 .debug_frame   0x00001c50       0x28 c:/program files (x86)/cypress/psoc creator/4.2/psoc creator/import/gnu/arm/5.4.1/bin/../lib/gcc/arm-none-eabi/5.4.1/../../../../arm-none-eabi/lib/armv7-m\libg_nano.a(lib_a-memmove.o)
 .debug_frame   0x00001c78       0x38 c:/program files (x86)/cypress/psoc creator/4.2/psoc creator/import/gnu/arm/5.4.1/bin/../lib/gcc/arm-none-eabi/5.4.1/../../../../arm-none-eabi/lib/armv7-m\libg_nano.a(lib_a-nano-freer.o)
 .debug_frame   0x00001cb0       0x2c c:/program files (x86)/cypress/psoc creator/4.2/psoc creator/import/gnu/arm/5.4.1/bin/../lib/gcc/arm-none-eabi/5.4.1/../../../../arm-none-eabi/lib/armv7-m\libg_nano.a(lib_a-nano-mallocr.o)
 .debug_frame   0x00001cdc       0x3c c:/program files (x86)/cypress/psoc creator/4.2/psoc creator/import/gnu/arm/5.4.1/bin/../lib/gcc/arm-none-eabi/5.4.1/../../../../arm-none-eabi/lib/armv7-m\libg_nano.a(lib_a-nano-reallocr.o)
 .debug_frame   0x00001d18       0x2c c:/program files (x86)/cypress/psoc creator/4.2/psoc creator/import/gnu/arm/5.4.1/bin/../lib/gcc/arm-none-eabi/5.4.1/../../../../arm-none-eabi/lib/armv7-m\libg_nano.a(lib_a-sbrkr.o)
 .debug_frame   0x00001d44       0x30 c:/program files (x86)/cypress/psoc creator/4.2/psoc creator/import/gnu/arm/5.4.1/bin/../lib/gcc/arm-none-eabi/5.4.1/../../../../arm-none-eabi/lib/armv7-m\libg_nano.a(lib_a-mlock.o)
 .debug_frame   0x00001d74       0x20 c:/program files (x86)/cypress/psoc creator/4.2/psoc creator/import/gnu/arm/5.4.1/bin/../lib/gcc/arm-none-eabi/5.4.1/../../../../arm-none-eabi/lib/armv7-m\libg_nano.a(lib_a-nano-msizer.o)
 .debug_frame   0x00001d94       0x5c c:/program files (x86)/cypress/psoc creator/4.2/psoc creator/import/gnu/arm/5.4.1/bin/../lib/gcc/arm-none-eabi/5.4.1/../../../../arm-none-eabi/lib/armv7-m\libg_nano.a(lib_a-reent.o)

.debug_str      0x00000000     0x1fba
 *(.debug_str)
 .debug_str     0x00000000      0x2c7 .\CortexM3\ARM_GCC_541\Debug\main.o
                                0x31b (size before relaxing)
 .debug_str     0x000002c7      0x2ab .\CortexM3\ARM_GCC_541\Debug\MAX30102.o
                                0x4df (size before relaxing)
 .debug_str     0x00000572      0x1b5 .\CortexM3\ARM_GCC_541\Debug\cyfitter_cfg.o
                                0x358 (size before relaxing)
 .debug_str     0x00000727       0x7f .\CortexM3\ARM_GCC_541\Debug\cymetadata.o
                                0x1f8 (size before relaxing)
 .debug_str     0x000007a6      0x144 .\CortexM3\ARM_GCC_541\Debug\Cm3Start.o
                                0x31e (size before relaxing)
 .debug_str     0x000008ea      0x123 .\CortexM3\ARM_GCC_541\Debug\Pulsioximetro.a(I2C.o)
                                0x2f5 (size before relaxing)
 .debug_str     0x00000a0d       0x86 .\CortexM3\ARM_GCC_541\Debug\Pulsioximetro.a(I2C_INT.o)
                                0x273 (size before relaxing)
 .debug_str     0x00000a93       0x56 .\CortexM3\ARM_GCC_541\Debug\Pulsioximetro.a(I2C_PM.o)
                                0x291 (size before relaxing)
 .debug_str     0x00000ae9      0x10c .\CortexM3\ARM_GCC_541\Debug\Pulsioximetro.a(I2C_MASTER.o)
                                0x3b8 (size before relaxing)
 .debug_str     0x00000bf5      0x7e6 .\CortexM3\ARM_GCC_541\Debug\Pulsioximetro.a(CyLib.o)
                                0xa5b (size before relaxing)
 .debug_str     0x000013db      0x365 .\CortexM3\ARM_GCC_541\Debug\Pulsioximetro.a(cyPm.o)
                                0x747 (size before relaxing)
 .debug_str     0x00001740      0x280 .\CortexM3\ARM_GCC_541\Debug\Pulsioximetro.a(UART.o)
                                0x489 (size before relaxing)
 .debug_str     0x000019c0       0xd8 .\CortexM3\ARM_GCC_541\Debug\Pulsioximetro.a(IRQRX.o)
                                0x2ba (size before relaxing)
 .debug_str     0x00001a98      0x183 .\CortexM3\ARM_GCC_541\Debug\Pulsioximetro.a(UART_IntClock.o)
                                0x34a (size before relaxing)
 .debug_str     0x00001c1b      0x10a .\CortexM3\ARM_GCC_541\Debug\Pulsioximetro.a(LCD.o)
                                0x33f (size before relaxing)
 .debug_str     0x00001d25       0x2e .\CortexM3\ARM_GCC_541\Debug\Pulsioximetro.a(Control.o)
                                0x1c9 (size before relaxing)
 .debug_str     0x00001d53      0x1bb .\CortexM3\ARM_GCC_541\Debug\Pulsioximetro.a(CyFlash.o)
                                0x3d4 (size before relaxing)
 .debug_str     0x00001f0e       0xac .\CortexM3\ARM_GCC_541\Debug\Pulsioximetro.a(CySpc.o)
                                0x34c (size before relaxing)

.debug_loc      0x00000000     0x2d0a
 *(.debug_loc)
 .debug_loc     0x00000000      0x57c .\CortexM3\ARM_GCC_541\Debug\MAX30102.o
 .debug_loc     0x0000057c      0x25a .\CortexM3\ARM_GCC_541\Debug\cyfitter_cfg.o
 .debug_loc     0x000007d6      0x144 .\CortexM3\ARM_GCC_541\Debug\Cm3Start.o
 .debug_loc     0x0000091a       0x39 .\CortexM3\ARM_GCC_541\Debug\Pulsioximetro.a(I2C.o)
 .debug_loc     0x00000953       0x29 .\CortexM3\ARM_GCC_541\Debug\Pulsioximetro.a(I2C_INT.o)
 .debug_loc     0x0000097c       0x13 .\CortexM3\ARM_GCC_541\Debug\Pulsioximetro.a(I2C_PM.o)
 .debug_loc     0x0000098f      0x52f .\CortexM3\ARM_GCC_541\Debug\Pulsioximetro.a(I2C_MASTER.o)
 .debug_loc     0x00000ebe      0xa11 .\CortexM3\ARM_GCC_541\Debug\Pulsioximetro.a(CyLib.o)
 .debug_loc     0x000018cf      0x1e4 .\CortexM3\ARM_GCC_541\Debug\Pulsioximetro.a(cyPm.o)
 .debug_loc     0x00001ab3      0x258 .\CortexM3\ARM_GCC_541\Debug\Pulsioximetro.a(UART.o)
 .debug_loc     0x00001d0b       0x56 .\CortexM3\ARM_GCC_541\Debug\Pulsioximetro.a(IRQRX.o)
 .debug_loc     0x00001d61      0x12c .\CortexM3\ARM_GCC_541\Debug\Pulsioximetro.a(UART_IntClock.o)
 .debug_loc     0x00001e8d      0x3c6 .\CortexM3\ARM_GCC_541\Debug\Pulsioximetro.a(LCD.o)
 .debug_loc     0x00002253      0x3b2 .\CortexM3\ARM_GCC_541\Debug\Pulsioximetro.a(CyFlash.o)
 .debug_loc     0x00002605      0x705 .\CortexM3\ARM_GCC_541\Debug\Pulsioximetro.a(CySpc.o)

.debug_macinfo
 *(.debug_macinfo)

.debug_ranges   0x00000000      0x898
 *(.debug_ranges)
 .debug_ranges  0x00000000       0x18 .\CortexM3\ARM_GCC_541\Debug\main.o
 .debug_ranges  0x00000018       0xe0 .\CortexM3\ARM_GCC_541\Debug\MAX30102.o
 .debug_ranges  0x000000f8       0x48 .\CortexM3\ARM_GCC_541\Debug\cyfitter_cfg.o
 .debug_ranges  0x00000140       0x38 .\CortexM3\ARM_GCC_541\Debug\Cm3Start.o
 .debug_ranges  0x00000178       0x28 .\CortexM3\ARM_GCC_541\Debug\Pulsioximetro.a(I2C.o)
 .debug_ranges  0x000001a0       0x10 .\CortexM3\ARM_GCC_541\Debug\Pulsioximetro.a(I2C_INT.o)
 .debug_ranges  0x000001b0       0x28 .\CortexM3\ARM_GCC_541\Debug\Pulsioximetro.a(I2C_PM.o)
 .debug_ranges  0x000001d8       0x70 .\CortexM3\ARM_GCC_541\Debug\Pulsioximetro.a(I2C_MASTER.o)
 .debug_ranges  0x00000248      0x290 .\CortexM3\ARM_GCC_541\Debug\Pulsioximetro.a(CyLib.o)
 .debug_ranges  0x000004d8       0x88 .\CortexM3\ARM_GCC_541\Debug\Pulsioximetro.a(cyPm.o)
 .debug_ranges  0x00000560       0xe0 .\CortexM3\ARM_GCC_541\Debug\Pulsioximetro.a(UART.o)
 .debug_ranges  0x00000640       0x70 .\CortexM3\ARM_GCC_541\Debug\Pulsioximetro.a(IRQRX.o)
 .debug_ranges  0x000006b0       0x60 .\CortexM3\ARM_GCC_541\Debug\Pulsioximetro.a(UART_IntClock.o)
 .debug_ranges  0x00000710       0x88 .\CortexM3\ARM_GCC_541\Debug\Pulsioximetro.a(LCD.o)
 .debug_ranges  0x00000798       0x18 .\CortexM3\ARM_GCC_541\Debug\Pulsioximetro.a(Control.o)
 .debug_ranges  0x000007b0       0x78 .\CortexM3\ARM_GCC_541\Debug\Pulsioximetro.a(CyFlash.o)
 .debug_ranges  0x00000828       0x70 .\CortexM3\ARM_GCC_541\Debug\Pulsioximetro.a(CySpc.o)

.comment        0x00000000       0x6e
 .comment       0x00000000       0x6e .\CortexM3\ARM_GCC_541\Debug\main.o
                                 0x6f (size before relaxing)
 .comment       0x0000006e       0x6f .\CortexM3\ARM_GCC_541\Debug\MAX30102.o
 .comment       0x0000006e       0x6f .\CortexM3\ARM_GCC_541\Debug\cyfitter_cfg.o
 .comment       0x0000006e       0x6f .\CortexM3\ARM_GCC_541\Debug\cymetadata.o
 .comment       0x0000006e       0x6f .\CortexM3\ARM_GCC_541\Debug\Cm3Start.o
 .comment       0x0000006e       0x6f .\CortexM3\ARM_GCC_541\Debug\Pulsioximetro.a(I2C.o)
 .comment       0x0000006e       0x6f .\CortexM3\ARM_GCC_541\Debug\Pulsioximetro.a(I2C_INT.o)
 .comment       0x0000006e       0x6f .\CortexM3\ARM_GCC_541\Debug\Pulsioximetro.a(I2C_PM.o)
 .comment       0x0000006e       0x6f .\CortexM3\ARM_GCC_541\Debug\Pulsioximetro.a(I2C_MASTER.o)
 .comment       0x0000006e       0x6f .\CortexM3\ARM_GCC_541\Debug\Pulsioximetro.a(CyLib.o)
 .comment       0x0000006e       0x6f .\CortexM3\ARM_GCC_541\Debug\Pulsioximetro.a(cyPm.o)
 .comment       0x0000006e       0x6f .\CortexM3\ARM_GCC_541\Debug\Pulsioximetro.a(UART.o)
 .comment       0x0000006e       0x6f .\CortexM3\ARM_GCC_541\Debug\Pulsioximetro.a(IRQRX.o)
 .comment       0x0000006e       0x6f .\CortexM3\ARM_GCC_541\Debug\Pulsioximetro.a(UART_IntClock.o)
 .comment       0x0000006e       0x6f .\CortexM3\ARM_GCC_541\Debug\Pulsioximetro.a(LCD.o)
 .comment       0x0000006e       0x6f .\CortexM3\ARM_GCC_541\Debug\Pulsioximetro.a(Control.o)
 .comment       0x0000006e       0x6f .\CortexM3\ARM_GCC_541\Debug\Pulsioximetro.a(CyFlash.o)
 .comment       0x0000006e       0x6f .\CortexM3\ARM_GCC_541\Debug\Pulsioximetro.a(CySpc.o)

.debug_weaknames
 *(.debug_weaknames)

.debug_funcnames
 *(.debug_funcnames)

.debug_typenames
 *(.debug_typenames)

.debug_varnames
 *(.debug_varnames)

.note.gnu.arm.ident
 *(.note.gnu.arm.ident)

.ARM.attributes
                0x00000000       0x29
 *(.ARM.attributes)
 .ARM.attributes
                0x00000000       0x1d c:/program files (x86)/cypress/psoc creator/4.2/psoc creator/import/gnu/arm/5.4.1/bin/../lib/gcc/arm-none-eabi/5.4.1/armv7-m/crti.o
 .ARM.attributes
                0x0000001d       0x2d c:/program files (x86)/cypress/psoc creator/4.2/psoc creator/import/gnu/arm/5.4.1/bin/../lib/gcc/arm-none-eabi/5.4.1/armv7-m/crtbegin.o
 .ARM.attributes
                0x0000004a       0x1b c:/program files (x86)/cypress/psoc creator/4.2/psoc creator/import/gnu/arm/5.4.1/bin/../lib/gcc/arm-none-eabi/5.4.1/../../../../arm-none-eabi/lib/armv7-m/crt0.o
 .ARM.attributes
                0x00000065       0x33 .\CortexM3\ARM_GCC_541\Debug\main.o
 .ARM.attributes
                0x00000098       0x33 .\CortexM3\ARM_GCC_541\Debug\MAX30102.o
 .ARM.attributes
                0x000000cb       0x33 .\CortexM3\ARM_GCC_541\Debug\cyfitter_cfg.o
 .ARM.attributes
                0x000000fe       0x33 .\CortexM3\ARM_GCC_541\Debug\cymetadata.o
 .ARM.attributes
                0x00000131       0x33 .\CortexM3\ARM_GCC_541\Debug\Cm3Start.o
 .ARM.attributes
                0x00000164       0x33 .\CortexM3\ARM_GCC_541\Debug\Pulsioximetro.a(I2C.o)
 .ARM.attributes
                0x00000197       0x33 .\CortexM3\ARM_GCC_541\Debug\Pulsioximetro.a(I2C_INT.o)
 .ARM.attributes
                0x000001ca       0x33 .\CortexM3\ARM_GCC_541\Debug\Pulsioximetro.a(I2C_PM.o)
 .ARM.attributes
                0x000001fd       0x33 .\CortexM3\ARM_GCC_541\Debug\Pulsioximetro.a(I2C_MASTER.o)
 .ARM.attributes
                0x00000230       0x33 .\CortexM3\ARM_GCC_541\Debug\Pulsioximetro.a(CyLib.o)
 .ARM.attributes
                0x00000263       0x33 .\CortexM3\ARM_GCC_541\Debug\Pulsioximetro.a(cyPm.o)
 .ARM.attributes
                0x00000296       0x33 .\CortexM3\ARM_GCC_541\Debug\Pulsioximetro.a(UART.o)
 .ARM.attributes
                0x000002c9       0x33 .\CortexM3\ARM_GCC_541\Debug\Pulsioximetro.a(IRQRX.o)
 .ARM.attributes
                0x000002fc       0x33 .\CortexM3\ARM_GCC_541\Debug\Pulsioximetro.a(UART_IntClock.o)
 .ARM.attributes
                0x0000032f       0x33 .\CortexM3\ARM_GCC_541\Debug\Pulsioximetro.a(LCD.o)
 .ARM.attributes
                0x00000362       0x33 .\CortexM3\ARM_GCC_541\Debug\Pulsioximetro.a(Control.o)
 .ARM.attributes
                0x00000395       0x21 .\CortexM3\ARM_GCC_541\Debug\Pulsioximetro.a(CyBootAsmGnu.o)
 .ARM.attributes
                0x000003b6       0x33 .\CortexM3\ARM_GCC_541\Debug\Pulsioximetro.a(CyFlash.o)
 .ARM.attributes
                0x000003e9       0x33 .\CortexM3\ARM_GCC_541\Debug\Pulsioximetro.a(CySpc.o)
 .ARM.attributes
                0x0000041c       0x2d c:/program files (x86)/cypress/psoc creator/4.2/psoc creator/import/gnu/arm/5.4.1/bin/../lib/gcc/arm-none-eabi/5.4.1/../../../../arm-none-eabi/lib/armv7-m\libg_nano.a(lib_a-errno.o)
 .ARM.attributes
                0x00000449       0x2d c:/program files (x86)/cypress/psoc creator/4.2/psoc creator/import/gnu/arm/5.4.1/bin/../lib/gcc/arm-none-eabi/5.4.1/../../../../arm-none-eabi/lib/armv7-m\libg_nano.a(lib_a-exit.o)
 .ARM.attributes
                0x00000476       0x2d c:/program files (x86)/cypress/psoc creator/4.2/psoc creator/import/gnu/arm/5.4.1/bin/../lib/gcc/arm-none-eabi/5.4.1/../../../../arm-none-eabi/lib/armv7-m\libg_nano.a(lib_a-impure.o)
 .ARM.attributes
                0x000004a3       0x2d c:/program files (x86)/cypress/psoc creator/4.2/psoc creator/import/gnu/arm/5.4.1/bin/../lib/gcc/arm-none-eabi/5.4.1/../../../../arm-none-eabi/lib/armv7-m\libg_nano.a(lib_a-init.o)
 .ARM.attributes
                0x000004d0       0x2d c:/program files (x86)/cypress/psoc creator/4.2/psoc creator/import/gnu/arm/5.4.1/bin/../lib/gcc/arm-none-eabi/5.4.1/../../../../arm-none-eabi/lib/armv7-m\libg_nano.a(lib_a-memcpy-stub.o)
 .ARM.attributes
                0x000004fd       0x2d c:/program files (x86)/cypress/psoc creator/4.2/psoc creator/import/gnu/arm/5.4.1/bin/../lib/gcc/arm-none-eabi/5.4.1/../../../../arm-none-eabi/lib/armv7-m\libg_nano.a(lib_a-memset.o)
 .ARM.attributes
                0x0000052a       0x2d c:/program files (x86)/cypress/psoc creator/4.2/psoc creator/import/gnu/arm/5.4.1/bin/../lib/gcc/arm-none-eabi/5.4.1/../../../../arm-none-eabi/lib/armv7-m\libg_nano.a(lib_a-sprintf.o)
 .ARM.attributes
                0x00000557       0x2d c:/program files (x86)/cypress/psoc creator/4.2/psoc creator/import/gnu/arm/5.4.1/bin/../lib/gcc/arm-none-eabi/5.4.1/../../../../arm-none-eabi/lib/armv7-m\libg_nano.a(lib_a-nano-svfprintf.o)
 .ARM.attributes
                0x00000584       0x2d c:/program files (x86)/cypress/psoc creator/4.2/psoc creator/import/gnu/arm/5.4.1/bin/../lib/gcc/arm-none-eabi/5.4.1/../../../../arm-none-eabi/lib/armv7-m\libg_nano.a(lib_a-nano-vfprintf_i.o)
 .ARM.attributes
                0x000005b1       0x2d c:/program files (x86)/cypress/psoc creator/4.2/psoc creator/import/gnu/arm/5.4.1/bin/../lib/gcc/arm-none-eabi/5.4.1/../../../../arm-none-eabi/lib/armv7-m\libg_nano.a(lib_a-memchr-stub.o)
 .ARM.attributes
                0x000005de       0x2d c:/program files (x86)/cypress/psoc creator/4.2/psoc creator/import/gnu/arm/5.4.1/bin/../lib/gcc/arm-none-eabi/5.4.1/../../../../arm-none-eabi/lib/armv7-m\libg_nano.a(lib_a-memmove.o)
 .ARM.attributes
                0x0000060b       0x2d c:/program files (x86)/cypress/psoc creator/4.2/psoc creator/import/gnu/arm/5.4.1/bin/../lib/gcc/arm-none-eabi/5.4.1/../../../../arm-none-eabi/lib/armv7-m\libg_nano.a(lib_a-nano-freer.o)
 .ARM.attributes
                0x00000638       0x2d c:/program files (x86)/cypress/psoc creator/4.2/psoc creator/import/gnu/arm/5.4.1/bin/../lib/gcc/arm-none-eabi/5.4.1/../../../../arm-none-eabi/lib/armv7-m\libg_nano.a(lib_a-nano-mallocr.o)
 .ARM.attributes
                0x00000665       0x2d c:/program files (x86)/cypress/psoc creator/4.2/psoc creator/import/gnu/arm/5.4.1/bin/../lib/gcc/arm-none-eabi/5.4.1/../../../../arm-none-eabi/lib/armv7-m\libg_nano.a(lib_a-nano-reallocr.o)
 .ARM.attributes
                0x00000692       0x2d c:/program files (x86)/cypress/psoc creator/4.2/psoc creator/import/gnu/arm/5.4.1/bin/../lib/gcc/arm-none-eabi/5.4.1/../../../../arm-none-eabi/lib/armv7-m\libg_nano.a(lib_a-sbrkr.o)
 .ARM.attributes
                0x000006bf       0x2d c:/program files (x86)/cypress/psoc creator/4.2/psoc creator/import/gnu/arm/5.4.1/bin/../lib/gcc/arm-none-eabi/5.4.1/../../../../arm-none-eabi/lib/armv7-m\libg_nano.a(lib_a-mlock.o)
 .ARM.attributes
                0x000006ec       0x2d c:/program files (x86)/cypress/psoc creator/4.2/psoc creator/import/gnu/arm/5.4.1/bin/../lib/gcc/arm-none-eabi/5.4.1/../../../../arm-none-eabi/lib/armv7-m\libg_nano.a(lib_a-nano-msizer.o)
 .ARM.attributes
                0x00000719       0x2d c:/program files (x86)/cypress/psoc creator/4.2/psoc creator/import/gnu/arm/5.4.1/bin/../lib/gcc/arm-none-eabi/5.4.1/../../../../arm-none-eabi/lib/armv7-m\libg_nano.a(lib_a-reent.o)
 .ARM.attributes
                0x00000746       0x2d c:/program files (x86)/cypress/psoc creator/4.2/psoc creator/import/gnu/arm/5.4.1/bin/../lib/gcc/arm-none-eabi/5.4.1/armv7-m/crtend.o
 .ARM.attributes
                0x00000773       0x1d c:/program files (x86)/cypress/psoc creator/4.2/psoc creator/import/gnu/arm/5.4.1/bin/../lib/gcc/arm-none-eabi/5.4.1/armv7-m/crtn.o

/DISCARD/
 *(.note.GNU-stack)
OUTPUT(C:\Users\LASER_2\Documents\PSoC Creator\Pulsomertria-con-MAX30102\Pulsioximetro.cydsn\CortexM3\ARM_GCC_541\Debug\Pulsioximetro.elf elf32-littlearm)
