Archive member included to satisfy reference by file (symbol)

.\CortexM3\ARM_GCC_541\Debug\Pulsioximetro.a(I2C.o)
                              .\CortexM3\ARM_GCC_541\Debug\MAX30102.o (I2C_Start)
.\CortexM3\ARM_GCC_541\Debug\Pulsioximetro.a(I2C_INT.o)
                              .\CortexM3\ARM_GCC_541\Debug\Pulsioximetro.a(I2C.o) (I2C_ISR)
.\CortexM3\ARM_GCC_541\Debug\Pulsioximetro.a(I2C_PM.o)
                              .\CortexM3\ARM_GCC_541\Debug\Pulsioximetro.a(I2C.o) (I2C_backup)
.\CortexM3\ARM_GCC_541\Debug\Pulsioximetro.a(I2C_MASTER.o)
                              .\CortexM3\ARM_GCC_541\Debug\Pulsioximetro.a(I2C.o) (I2C_mstrStatus)
.\CortexM3\ARM_GCC_541\Debug\Pulsioximetro.a(CyLib.o)
                              .\CortexM3\ARM_GCC_541\Debug\Cm3Start.o (CyHalt)
.\CortexM3\ARM_GCC_541\Debug\Pulsioximetro.a(cyPm.o)
                              .\CortexM3\ARM_GCC_541\Debug\Pulsioximetro.a(CyLib.o) (CyPmReadStatus)
.\CortexM3\ARM_GCC_541\Debug\Pulsioximetro.a(UART.o)
                              .\CortexM3\ARM_GCC_541\Debug\main.o (UART_Start)
.\CortexM3\ARM_GCC_541\Debug\Pulsioximetro.a(IRQRX.o)
                              .\CortexM3\ARM_GCC_541\Debug\main.o (IRQRX_StartEx)
.\CortexM3\ARM_GCC_541\Debug\Pulsioximetro.a(UART_IntClock.o)
                              .\CortexM3\ARM_GCC_541\Debug\Pulsioximetro.a(UART.o) (UART_IntClock_Start)
.\CortexM3\ARM_GCC_541\Debug\Pulsioximetro.a(CyBootAsmGnu.o)
                              .\CortexM3\ARM_GCC_541\Debug\cyfitter_cfg.o (CyDelayCycles)
.\CortexM3\ARM_GCC_541\Debug\Pulsioximetro.a(CyFlash.o)
                              .\CortexM3\ARM_GCC_541\Debug\Pulsioximetro.a(cyPm.o) (CyFlash_SetWaitCycles)
.\CortexM3\ARM_GCC_541\Debug\Pulsioximetro.a(CySpc.o)
                              .\CortexM3\ARM_GCC_541\Debug\Pulsioximetro.a(CyFlash.o) (CySpcStart)
c:/program files (x86)/cypress/psoc creator/4.2/psoc creator/import/gnu/arm/5.4.1/bin/../lib/gcc/arm-none-eabi/5.4.1/../../../../arm-none-eabi/lib/armv7-m\libg_nano.a(lib_a-errno.o)
                              .\CortexM3\ARM_GCC_541\Debug\Cm3Start.o (__errno)
c:/program files (x86)/cypress/psoc creator/4.2/psoc creator/import/gnu/arm/5.4.1/bin/../lib/gcc/arm-none-eabi/5.4.1/../../../../arm-none-eabi/lib/armv7-m\libg_nano.a(lib_a-exit.o)
                              c:/program files (x86)/cypress/psoc creator/4.2/psoc creator/import/gnu/arm/5.4.1/bin/../lib/gcc/arm-none-eabi/5.4.1/../../../../arm-none-eabi/lib/armv7-m/crt0.o (exit)
c:/program files (x86)/cypress/psoc creator/4.2/psoc creator/import/gnu/arm/5.4.1/bin/../lib/gcc/arm-none-eabi/5.4.1/../../../../arm-none-eabi/lib/armv7-m\libg_nano.a(lib_a-impure.o)
                              c:/program files (x86)/cypress/psoc creator/4.2/psoc creator/import/gnu/arm/5.4.1/bin/../lib/gcc/arm-none-eabi/5.4.1/../../../../arm-none-eabi/lib/armv7-m\libg_nano.a(lib_a-exit.o) (_global_impure_ptr)
c:/program files (x86)/cypress/psoc creator/4.2/psoc creator/import/gnu/arm/5.4.1/bin/../lib/gcc/arm-none-eabi/5.4.1/../../../../arm-none-eabi/lib/armv7-m\libg_nano.a(lib_a-init.o)
                              c:/program files (x86)/cypress/psoc creator/4.2/psoc creator/import/gnu/arm/5.4.1/bin/../lib/gcc/arm-none-eabi/5.4.1/../../../../arm-none-eabi/lib/armv7-m/crt0.o (__libc_init_array)
c:/program files (x86)/cypress/psoc creator/4.2/psoc creator/import/gnu/arm/5.4.1/bin/../lib/gcc/arm-none-eabi/5.4.1/../../../../arm-none-eabi/lib/armv7-m\libg_nano.a(lib_a-memcpy-stub.o)
                              .\CortexM3\ARM_GCC_541\Debug\cyfitter_cfg.o (memcpy)
c:/program files (x86)/cypress/psoc creator/4.2/psoc creator/import/gnu/arm/5.4.1/bin/../lib/gcc/arm-none-eabi/5.4.1/../../../../arm-none-eabi/lib/armv7-m\libg_nano.a(lib_a-memset.o)
                              c:/program files (x86)/cypress/psoc creator/4.2/psoc creator/import/gnu/arm/5.4.1/bin/../lib/gcc/arm-none-eabi/5.4.1/../../../../arm-none-eabi/lib/armv7-m/crt0.o (memset)
c:/program files (x86)/cypress/psoc creator/4.2/psoc creator/import/gnu/arm/5.4.1/bin/../lib/gcc/arm-none-eabi/5.4.1/../../../../arm-none-eabi/lib/armv7-m\libg_nano.a(lib_a-sprintf.o)
                              .\CortexM3\ARM_GCC_541\Debug\main.o (sprintf)
c:/program files (x86)/cypress/psoc creator/4.2/psoc creator/import/gnu/arm/5.4.1/bin/../lib/gcc/arm-none-eabi/5.4.1/../../../../arm-none-eabi/lib/armv7-m\libg_nano.a(lib_a-nano-svfprintf.o)
                              c:/program files (x86)/cypress/psoc creator/4.2/psoc creator/import/gnu/arm/5.4.1/bin/../lib/gcc/arm-none-eabi/5.4.1/../../../../arm-none-eabi/lib/armv7-m\libg_nano.a(lib_a-sprintf.o) (_svfprintf_r)
c:/program files (x86)/cypress/psoc creator/4.2/psoc creator/import/gnu/arm/5.4.1/bin/../lib/gcc/arm-none-eabi/5.4.1/../../../../arm-none-eabi/lib/armv7-m\libg_nano.a(lib_a-nano-vfprintf_i.o)
[...]
Memory Configuration

Name             Origin             Length             Attributes
rom              0x00000000         0x00040000         xr
ram              0x1fff8000         0x00010000         xrw
*default*        0x00000000         0xffffffff

Linker script and memory map

LOAD c:/program files (x86)/cypress/psoc creator/4.2/psoc creator/import/gnu/arm/5.4.1/bin/../lib/gcc/arm-none-eabi/5.4.1/armv7-m/crti.o
LOAD c:/program files (x86)/cypress/psoc creator/4.2/psoc creator/import/gnu/arm/5.4.1/bin/../lib/gcc/arm-none-eabi/5.4.1/armv7-m/crtbegin.o
LOAD c:/program files (x86)/cypress/psoc creator/4.2/psoc creator/import/gnu/arm/5.4.1/bin/../lib/gcc/arm-none-eabi/5.4.1/../../../../arm-none-eabi/lib/armv7-m/crt0.o
START GROUP
LOAD .\CortexM3\ARM_GCC_541\Debug\main.o
LOAD .\CortexM3\ARM_GCC_541\Debug\MAX30102.o
LOAD .\CortexM3\ARM_GCC_541\Debug\cyfitter_cfg.o
LOAD .\CortexM3\ARM_GCC_541\Debug\cymetadata.o
LOAD .\CortexM3\ARM_GCC_541\Debug\Cm3Start.o
LOAD .\CortexM3\ARM_GCC_541\Debug\Pulsioximetro.a
LOAD C:\Program Files (x86)\Cypress\PSoC Creator\4.2\PSoC Creator\psoc\content\cycomponentlibrary\CyComponentLibrary.cylib\CortexM3\ARM_GCC_541\Debug\CyComponentLibrary.a
END GROUP
START GROUP
LOAD c:/program files (x86)/cypress/psoc creator/4.2/psoc creator/import/gnu/arm/5.4.1/bin/../lib/gcc/arm-none-eabi/5.4.1/armv7-m\libgcc.a
LOAD c:/program files (x86)/cypress/psoc creator/4.2/psoc creator/import/gnu/arm/5.4.1/bin/../lib/gcc/arm-none-eabi/5.4.1/../../../../arm-none-eabi/lib/armv7-m\libg_nano.a
LOAD c:/program files (x86)/cypress/psoc creator/4.2/psoc creator/import/gnu/arm/5.4.1/bin/../lib/gcc/arm-none-eabi/5.4.1/../../../../arm-none-eabi/lib/armv7-m\libc_nano.a
END GROUP
START GROUP
LOAD c:/program files (x86)/cypress/psoc creator/4.2/psoc creator/import/gnu/arm/5.4.1/bin/../lib/gcc/arm-none-eabi/5.4.1/armv7-m\libgcc.a
LOAD c:/program files (x86)/cypress/psoc creator/4.2/psoc creator/import/gnu/arm/5.4.1/bin/../lib/gcc/arm-none-eabi/5.4.1/../../../../arm-none-eabi/lib/armv7-m\libc_nano.a
END GROUP
LOAD c:/program files (x86)/cypress/psoc creator/4.2/psoc creator/import/gnu/arm/5.4.1/bin/../lib/gcc/arm-none-eabi/5.4.1/armv7-m/crtend.o
LOAD c:/program files (x86)/cypress/psoc creator/4.2/psoc creator/import/gnu/arm/5.4.1/bin/../lib/gcc/arm-none-eabi/5.4.1/armv7-m/crtn.o
START GROUP
LOAD c:/program files (x86)/cypress/psoc creator/4.2/psoc creator/import/gnu/arm/5.4.1/bin/../lib/gcc/arm-none-eabi/5.4.1/armv7-m\libgcc.a
LOAD c:/program files (x86)/cypress/psoc creator/4.2/psoc creator/import/gnu/arm/5.4.1/bin/../lib/gcc/arm-none-eabi/5.4.1/../../../../arm-none-eabi/lib/armv7-m\libc.a
LOAD c:/program files (x86)/cypress/psoc creator/4.2/psoc creator/import/gnu/arm/5.4.1/bin/../lib/gcc/arm-none-eabi/5.4.1/../../../../arm-none-eabi/lib/armv7-m\libnosys.a
END GROUP
                0x00000000                CY_APPL_ORIGIN = 0x0
                0x00000100                CY_FLASH_ROW_SIZE = 0x100
                0x00000020                CY_ECC_ROW_SIZE = 0x20
                0x00000000                CY_EE_IN_BTLDR = 0x0
                0x00000000                CY_APPL_LOADABLE = 0x0
                0x00000800                CY_EE_SIZE = 0x800
                0x00000001                CY_APPL_NUM = 0x1
                0x00000001                CY_APPL_MAX = 0x1
                0x00000040                CY_METADATA_SIZE = 0x40
                0x00000000                CY_APPL_LOADABLE = 0x0
                0x00000000                CY_CHECKSUM_EXCLUDE_SIZE = ALIGN (0x0, CY_FLASH_ROW_SIZE)
                [!provide]                PROVIDE (__cy_heap_start, _end)
                0x00000001                PROVIDE (__cy_region_num, ((__cy_regions_end - __cy_regions) / 0x10))
                0x20008000                PROVIDE (__cy_stack, (ORIGIN (ram) + LENGTH (ram)))
                [!provide]                PROVIDE (__cy_heap_end, (__cy_stack - 0x800))

.cybootloader   0x00000000        0x0
 *(.cybootloader)
                0x00000000                appl1_start = CY_APPL_ORIGIN?CY_APPL_ORIGIN:ALIGN (CY_FLASH_ROW_SIZE)
                0x0001ff00                appl2_start = (appl1_start + ALIGN ((((LENGTH (rom) - appl1_start) - (0x2 * CY_FLASH_ROW_SIZE)) / 0x2), CY_FLASH_ROW_SIZE))
                0x00000000                appl_start = (CY_APPL_NUM == 0x1)?appl1_start:appl2_start
                0x00000000                ecc_offset = ((appl_start / CY_FLASH_ROW_SIZE) * CY_ECC_ROW_SIZE)
                0x00000000                ee_offset = (CY_APPL_LOADABLE && ! (CY_EE_IN_BTLDR))?((CY_EE_SIZE / CY_APPL_MAX) * (CY_APPL_NUM - 0x1)):0x0
                0x00000800                ee_size = (CY_APPL_LOADABLE && ! (CY_EE_IN_BTLDR))?(CY_EE_SIZE / CY_APPL_MAX):CY_EE_SIZE
                [!provide]                PROVIDE (CY_ECC_OFFSET, ecc_offset)

.text           0x00000000     0x18c0
 CREATE_OBJECT_SYMBOLS
                0x00000000                PROVIDE (__cy_interrupt_vector, RomVectors)
 *(.romvectors)
 .romvectors    0x00000000       0x10 .\CortexM3\ARM_GCC_541\Debug\Cm3Start.o
                0x00000000                RomVectors
                0x00000001                ASSERT ((. != __cy_interrupt_vector), No interrupt vector)
                0x00000001                ASSERT (CY_APPL_ORIGIN?(SIZEOF (.cybootloader) <= CY_APPL_ORIGIN):0x1, Wrong image location)
                0x00000010                PROVIDE (__cy_reset, Reset)
 *(.text.Reset)
 .text.Reset    0x00000010       0x18 .\CortexM3\ARM_GCC_541\Debug\Cm3Start.o
                0x00000010                Reset
                0x00000001                ASSERT ((. != __cy_reset), No reset code)
 *(.dma_init)
                0x00000001                ASSERT ((((appl_start + .) <= 0x10000) || 0x1), DMA Init must be within the first 64k of flash)
 *(.text .text.* .gnu.linkonce.t.*)
 .text          0x00000028       0x5c c:/program files (x86)/cypress/psoc creator/4.2/psoc creator/import/gnu/arm/5.4.1/bin/../lib/gcc/arm-none-eabi/5.4.1/armv7-m/crtbegin.o
 .text.InterrupRx
                0x00000084       0x14 .\CortexM3\ARM_GCC_541\Debug\main.o
                0x00000084                InterrupRx
 .text.main     0x00000098       0x68 .\CortexM3\ARM_GCC_541\Debug\main.o
                0x00000098                main
 .text.Max_Beginwrite
                0x00000100       0x2c .\CortexM3\ARM_GCC_541\Debug\MAX30102.o
                0x00000100                Max_Beginwrite
 .text.Max_Read
                0x0000012c       0x30 .\CortexM3\ARM_GCC_541\Debug\MAX30102.o
                0x0000012c                Max_Read
 .text.Max_Write
                0x0000015c       0x20 .\CortexM3\ARM_GCC_541\Debug\MAX30102.o
                0x0000015c                Max_Write
 .text.bitMask  0x0000017c       0x20 .\CortexM3\ARM_GCC_541\Debug\MAX30102.o
                0x0000017c                bitMask
 .text.softReset
                0x0000019c       0x30 .\CortexM3\ARM_GCC_541\Debug\MAX30102.o
                0x0000019c                softReset
 .text.setLEDMode
                0x000001cc       0x10 .\CortexM3\ARM_GCC_541\Debug\MAX30102.o
                0x000001cc                setLEDMode
 .text.setADCRange
                0x000001dc       0x10 .\CortexM3\ARM_GCC_541\Debug\MAX30102.o
                0x000001dc                setADCRange
 .text.setSampleRate
                0x000001ec       0x10 .\CortexM3\ARM_GCC_541\Debug\MAX30102.o
                0x000001ec                setSampleRate
 .text.setPulseWidth
                0x000001fc       0x10 .\CortexM3\ARM_GCC_541\Debug\MAX30102.o
                0x000001fc                setPulseWidth
 .text.setPulseAmplitudeRed
                0x0000020c       0x10 .\CortexM3\ARM_GCC_541\Debug\MAX30102.o
                0x0000020c                setPulseAmplitudeRed
 .text.setPulseAmplitudeIR
                0x0000021c       0x10 .\CortexM3\ARM_GCC_541\Debug\MAX30102.o
                0x0000021c                setPulseAmplitudeIR
 .text.setPulseAmplitudeGreen
                0x0000022c       0x10 .\CortexM3\ARM_GCC_541\Debug\MAX30102.o
                0x0000022c                setPulseAmplitudeGreen
 .text.setPulseAmplitudeProximity
                0x0000023c       0x10 .\CortexM3\ARM_GCC_541\Debug\MAX30102.o
                0x0000023c                setPulseAmplitudeProximity
 .text.setFIFOAverage
                0x0000024c       0x10 .\CortexM3\ARM_GCC_541\Debug\MAX30102.o
                0x0000024c                setFIFOAverage
 .text.clearFIFO
                0x0000025c       0x24 .\CortexM3\ARM_GCC_541\Debug\MAX30102.o
                0x0000025c                clearFIFO
 .text.enableFIFORollover
                0x00000280       0x10 .\CortexM3\ARM_GCC_541\Debug\MAX30102.o
                0x00000280                enableFIFORollover
 .text.getWritePointer
                0x00000290        0xc .\CortexM3\ARM_GCC_541\Debug\MAX30102.o
                0x00000290                getWritePointer
 .text.getReadPointer
                0x0000029c        0xc .\CortexM3\ARM_GCC_541\Debug\MAX30102.o
                0x0000029c                getReadPointer
 .text.enableSlot
                0x000002a8       0x48 .\CortexM3\ARM_GCC_541\Debug\MAX30102.o
                0x000002a8                enableSlot
 .text.Max_Init
                0x000002f0      0x1c4 .\CortexM3\ARM_GCC_541\Debug\MAX30102.o
                0x000002f0                Max_Init
 .text.Max_getIR
                0x000004b4       0xc0 .\CortexM3\ARM_GCC_541\Debug\MAX30102.o
                0x000004b4                Max_getIR
 .text.CyClockStartupError
                0x00000574        0x4 .\CortexM3\ARM_GCC_541\Debug\cyfitter_cfg.o
 .text.cfg_write_bytes32
                0x00000578       0x34 .\CortexM3\ARM_GCC_541\Debug\cyfitter_cfg.o
 .text.AnalogSetDefault
                0x000005ac       0x28 .\CortexM3\ARM_GCC_541\Debug\cyfitter_cfg.o
 .text.CYMEMZERO
                0x000005d4        0xc .\CortexM3\ARM_GCC_541\Debug\cyfitter_cfg.o
 .text.ClockSetup
                0x000005e0       0xb8 .\CortexM3\ARM_GCC_541\Debug\cyfitter_cfg.o
 .text.CYCONFIGCPY
                0x00000698        0x8 .\CortexM3\ARM_GCC_541\Debug\cyfitter_cfg.o
 .text.cyfitter_cfg
                0x000006a0      0x110 .\CortexM3\ARM_GCC_541\Debug\cyfitter_cfg.o
                0x000006a0                cyfitter_cfg
 .text.IntDefaultHandler
                0x000007b0       0x10 .\CortexM3\ARM_GCC_541\Debug\Cm3Start.o
                0x000007b0                IntDefaultHandler
 .text._sbrk    0x000007c0       0x30 .\CortexM3\ARM_GCC_541\Debug\Cm3Start.o
                0x000007c0                _sbrk
 .text.Start_c  0x000007f0       0x4c .\CortexM3\ARM_GCC_541\Debug\Cm3Start.o
                0x000007f0                Start_c
 .text.initialize_psoc
                0x0000083c       0x68 .\CortexM3\ARM_GCC_541\Debug\Cm3Start.o
                0x0000083c                initialize_psoc
 .text.I2C_Init
                0x000008a4       0x68 .\CortexM3\ARM_GCC_541\Debug\Pulsioximetro.a(I2C.o)
                0x000008a4                I2C_Init
 .text.I2C_Enable
                0x0000090c       0x24 .\CortexM3\ARM_GCC_541\Debug\Pulsioximetro.a(I2C.o)
                0x0000090c                I2C_Enable
 .text.I2C_Start
                0x00000930       0x28 .\CortexM3\ARM_GCC_541\Debug\Pulsioximetro.a(I2C.o)
                0x00000930                I2C_Start
 .text.I2C_ISR  0x00000958      0x2d0 .\CortexM3\ARM_GCC_541\Debug\Pulsioximetro.a(I2C_INT.o)
                0x00000958                I2C_ISR
 .text.I2C_MasterSendStart
                0x00000c28       0x80 .\CortexM3\ARM_GCC_541\Debug\Pulsioximetro.a(I2C_MASTER.o)
                0x00000c28                I2C_MasterSendStart
 .text.I2C_MasterSendRestart
                0x00000ca8       0x6c .\CortexM3\ARM_GCC_541\Debug\Pulsioximetro.a(I2C_MASTER.o)
                0x00000ca8                I2C_MasterSendRestart
 .text.I2C_MasterSendStop
                0x00000d14       0x38 .\CortexM3\ARM_GCC_541\Debug\Pulsioximetro.a(I2C_MASTER.o)
                0x00000d14                I2C_MasterSendStop
 .text.I2C_MasterWriteByte
                0x00000d4c       0x58 .\CortexM3\ARM_GCC_541\Debug\Pulsioximetro.a(I2C_MASTER.o)
                0x00000d4c                I2C_MasterWriteByte
 .text.I2C_MasterReadByte
                0x00000da4       0x58 .\CortexM3\ARM_GCC_541\Debug\Pulsioximetro.a(I2C_MASTER.o)
                0x00000da4                I2C_MasterReadByte
 .text.CyHalt   0x00000dfc        0x4 .\CortexM3\ARM_GCC_541\Debug\Pulsioximetro.a(CyLib.o)
                0x00000dfc                CyHalt
 .text.CyDelay  0x00000e00       0x2c .\CortexM3\ARM_GCC_541\Debug\Pulsioximetro.a(CyLib.o)
                0x00000e00                CyDelay
 .text.CyIntSetVector
                0x00000e2c       0x28 .\CortexM3\ARM_GCC_541\Debug\Pulsioximetro.a(CyLib.o)
                0x00000e2c                CyIntSetVector
 .text.CyIntSetPriority
                0x00000e54       0x30 .\CortexM3\ARM_GCC_541\Debug\Pulsioximetro.a(CyLib.o)
                0x00000e54                CyIntSetPriority
 .text.UART_Init
                0x00000e84       0x28 .\CortexM3\ARM_GCC_541\Debug\Pulsioximetro.a(UART.o)
                0x00000e84                UART_Init
 .text.UART_Enable
                0x00000eac       0x38 .\CortexM3\ARM_GCC_541\Debug\Pulsioximetro.a(UART.o)
                0x00000eac                UART_Enable
 .text.UART_Start
                0x00000ee4       0x1c .\CortexM3\ARM_GCC_541\Debug\Pulsioximetro.a(UART.o)
                0x00000ee4                UART_Start
 .text.UART_GetChar
                0x00000f00       0x2c .\CortexM3\ARM_GCC_541\Debug\Pulsioximetro.a(UART.o)
                0x00000f00                UART_GetChar
 .text.UART_PutChar
                0x00000f2c       0x18 .\CortexM3\ARM_GCC_541\Debug\Pulsioximetro.a(UART.o)
                0x00000f2c                UART_PutChar
 .text.UART_PutString
                0x00000f44       0x24 .\CortexM3\ARM_GCC_541\Debug\Pulsioximetro.a(UART.o)
                0x00000f44                UART_PutString
 .text.IRQRX_SetVector
                0x00000f68        0xc .\CortexM3\ARM_GCC_541\Debug\Pulsioximetro.a(IRQRX.o)
                0x00000f68                IRQRX_SetVector
 .text.IRQRX_SetPriority
                0x00000f74       0x10 .\CortexM3\ARM_GCC_541\Debug\Pulsioximetro.a(IRQRX.o)
                0x00000f74                IRQRX_SetPriority
 .text.IRQRX_Enable
                0x00000f84        0xc .\CortexM3\ARM_GCC_541\Debug\Pulsioximetro.a(IRQRX.o)
                0x00000f84                IRQRX_Enable
 .text.IRQRX_Disable
                0x00000f90        0xc .\CortexM3\ARM_GCC_541\Debug\Pulsioximetro.a(IRQRX.o)
                0x00000f90                IRQRX_Disable
 .text.IRQRX_StartEx
                0x00000f9c       0x1c .\CortexM3\ARM_GCC_541\Debug\Pulsioximetro.a(IRQRX.o)
                0x00000f9c                IRQRX_StartEx
 .text.UART_IntClock_Start
                0x00000fb8       0x1c .\CortexM3\ARM_GCC_541\Debug\Pulsioximetro.a(UART_IntClock.o)
                0x00000fb8                UART_IntClock_Start
 *fill*         0x00000fd4        0x4 
 .text          0x00000fd8       0x20 .\CortexM3\ARM_GCC_541\Debug\Pulsioximetro.a(CyBootAsmGnu.o)
                0x00000fd8                CyDelayCycles
                0x00000fe8                CyEnterCriticalSection
                0x00000ff0                CyExitCriticalSection
 .text.__errno  0x00000ff8        0xc c:/program files (x86)/cypress/psoc creator/4.2/psoc creator/import/gnu/arm/5.4.1/bin/../lib/gcc/arm-none-eabi/5.4.1/../../../../arm-none-eabi/lib/armv7-m\libg_nano.a(lib_a-errno.o)
                0x00000ff8                __errno
 .text.__libc_init_array
                0x00001004       0x4c c:/program files (x86)/cypress/psoc creator/4.2/psoc creator/import/gnu/arm/5.4.1/bin/../lib/gcc/arm-none-eabi/5.4.1/../../../../arm-none-eabi/lib/armv7-m\libg_nano.a(lib_a-init.o)
                0x00001004                __libc_init_array
 .text.memcpy   0x00001050       0x16 c:/program files (x86)/cypress/psoc creator/4.2/psoc creator/import/gnu/arm/5.4.1/bin/../lib/gcc/arm-none-eabi/5.4.1/../../../../arm-none-eabi/lib/armv7-m\libg_nano.a(lib_a-memcpy-stub.o)
                0x00001050                memcpy
 .text.memset   0x00001066       0x10 c:/program files (x86)/cypress/psoc creator/4.2/psoc creator/import/gnu/arm/5.4.1/bin/../lib/gcc/arm-none-eabi/5.4.1/../../../../arm-none-eabi/lib/armv7-m\libg_nano.a(lib_a-memset.o)
                0x00001066                memset
 *fill*         0x00001076        0x2 
 .text.sprintf  0x00001078       0x48 c:/program files (x86)/cypress/psoc creator/4.2/psoc creator/import/gnu/arm/5.4.1/bin/../lib/gcc/arm-none-eabi/5.4.1/../../../../arm-none-eabi/lib/armv7-m\libg_nano.a(lib_a-sprintf.o)
                0x00001078                siprintf
                0x00001078                sprintf
 .text.__ssputs_r
                0x000010c0       0xb2 c:/program files (x86)/cypress/psoc creator/4.2/psoc creator/import/gnu/arm/5.4.1/bin/../lib/gcc/arm-none-eabi/5.4.1/../../../../arm-none-eabi/lib/armv7-m\libg_nano.a(lib_a-nano-svfprintf.o)
                0x000010c0                __ssputs_r
 *fill*         0x00001172        0x2 
 .text._svfprintf_r
                0x00001174      0x1e8 c:/program files (x86)/cypress/psoc creator/4.2/psoc creator/import/gnu/arm/5.4.1/bin/../lib/gcc/arm-none-eabi/5.4.1/../../../../arm-none-eabi/lib/armv7-m\libg_nano.a(lib_a-nano-svfprintf.o)
                0x00001174                _svfiprintf_r
                0x00001174                _svfprintf_r
 .text._printf_common
                0x0000135c       0xec c:/program files (x86)/cypress/psoc creator/4.2/psoc creator/import/gnu/arm/5.4.1/bin/../lib/gcc/arm-none-eabi/5.4.1/../../../../arm-none-eabi/lib/armv7-m\libg_nano.a(lib_a-nano-vfprintf_i.o)
                0x0000135c                _printf_common
 .text._printf_i
                0x00001448      0x24c c:/program files (x86)/cypress/psoc creator/4.2/psoc creator/import/gnu/arm/5.4.1/bin/../lib/gcc/arm-none-eabi/5.4.1/../../../../arm-none-eabi/lib/armv7-m\libg_nano.a(lib_a-nano-vfprintf_i.o)
                0x00001448                _printf_i
 .text.memchr   0x00001694       0x1c c:/program files (x86)/cypress/psoc creator/4.2/psoc creator/import/gnu/arm/5.4.1/bin/../lib/gcc/arm-none-eabi/5.4.1/../../../../arm-none-eabi/lib/armv7-m\libg_nano.a(lib_a-memchr-stub.o)
                0x00001694                memchr
 .text.memmove  0x000016b0       0x36 c:/program files (x86)/cypress/psoc creator/4.2/psoc creator/import/gnu/arm/5.4.1/bin/../lib/gcc/arm-none-eabi/5.4.1/../../../../arm-none-eabi/lib/armv7-m\libg_nano.a(lib_a-memmove.o)
                0x000016b0                memmove
 *fill*         0x000016e6        0x2 
 .text._free_r  0x000016e8       0x98 c:/program files (x86)/cypress/psoc creator/4.2/psoc creator/import/gnu/arm/5.4.1/bin/../lib/gcc/arm-none-eabi/5.4.1/../../../../arm-none-eabi/lib/armv7-m\libg_nano.a(lib_a-nano-freer.o)
                0x000016e8                _free_r
 .text._malloc_r
                0x00001780       0xbc c:/program files (x86)/cypress/psoc creator/4.2/psoc creator/import/gnu/arm/5.4.1/bin/../lib/gcc/arm-none-eabi/5.4.1/../../../../arm-none-eabi/lib/armv7-m\libg_nano.a(lib_a-nano-mallocr.o)
                0x00001780                _malloc_r
 .text._realloc_r
                0x0000183c       0x4c c:/program files (x86)/cypress/psoc creator/4.2/psoc creator/import/gnu/arm/5.4.1/bin/../lib/gcc/arm-none-eabi/5.4.1/../../../../arm-none-eabi/lib/armv7-m\libg_nano.a(lib_a-nano-reallocr.o)
                0x0000183c                _realloc_r
 .text._sbrk_r  0x00001888       0x20 c:/program files (x86)/cypress/psoc creator/4.2/psoc creator/import/gnu/arm/5.4.1/bin/../lib/gcc/arm-none-eabi/5.4.1/../../../../arm-none-eabi/lib/armv7-m\libg_nano.a(lib_a-sbrkr.o)
                0x00001888                _sbrk_r
 .text.__malloc_lock
                0x000018a8        0x2 c:/program files (x86)/cypress/psoc creator/4.2/psoc creator/import/gnu/arm/5.4.1/bin/../lib/gcc/arm-none-eabi/5.4.1/../../../../arm-none-eabi/lib/armv7-m\libg_nano.a(lib_a-mlock.o)
                0x000018a8                __malloc_lock
 .text.__malloc_unlock
                0x000018aa        0x2 c:/program files (x86)/cypress/psoc creator/4.2/psoc creator/import/gnu/arm/5.4.1/bin/../lib/gcc/arm-none-eabi/5.4.1/../../../../arm-none-eabi/lib/armv7-m\libg_nano.a(lib_a-mlock.o)
                0x000018aa                __malloc_unlock
 .text._malloc_usable_size_r
                0x000018ac       0x14 c:/program files (x86)/cypress/psoc creator/4.2/psoc creator/import/gnu/arm/5.4.1/bin/../lib/gcc/arm-none-eabi/5.4.1/../../../../arm-none-eabi/lib/armv7-m\libg_nano.a(lib_a-nano-msizer.o)
                0x000018ac                _malloc_usable_size_r
 *(.plt)
 *(.gnu.warning)
 *(.glue_7t)
 .glue_7t       0x000018c0        0x0 linker stubs
 *(.glue_7)
 .glue_7        0x000018c0        0x0 linker stubs
 *(.vfp11_veneer)
 .vfp11_veneer  0x000018c0        0x0 linker stubs
 *(.bootloader)
 *(.ARM.extab* .gnu.linkonce.armextab.*)
 *(.gcc_except_table)

.v4_bx          0x000018c0        0x0
 .v4_bx         0x000018c0        0x0 linker stubs

.iplt           0x000018c0        0x0
 .iplt          0x000018c0        0x0 c:/program files (x86)/cypress/psoc creator/4.2/psoc creator/import/gnu/arm/5.4.1/bin/../lib/gcc/arm-none-eabi/5.4.1/armv7-m/crtbegin.o

.eh_frame_hdr
 *(.eh_frame_hdr)

.eh_frame       0x000018c0        0x4
 *(.eh_frame)
 .eh_frame      0x000018c0        0x0 c:/program files (x86)/cypress/psoc creator/4.2/psoc creator/import/gnu/arm/5.4.1/bin/../lib/gcc/arm-none-eabi/5.4.1/armv7-m/crtbegin.o
 .eh_frame      0x000018c0        0x4 c:/program files (x86)/cypress/psoc creator/4.2/psoc creator/import/gnu/arm/5.4.1/bin/../lib/gcc/arm-none-eabi/5.4.1/armv7-m/crtend.o
                [!provide]                PROVIDE (__exidx_start, .)

.ARM.exidx
 *(.ARM.exidx* .gnu.linkonce.armexidx.*)
                0x000018c4                __exidx_end = .

.rodata         0x000018c4      0x104
 *(.rodata .rodata.* .gnu.linkonce.r.*)
 .rodata.str1.4
                0x000018c4       0x13 .\CortexM3\ARM_GCC_541\Debug\main.o
 *fill*         0x000018d7        0x1 
 .rodata.str1.4
                0x000018d8       0x34 .\CortexM3\ARM_GCC_541\Debug\MAX30102.o
                                 0x31 (size before relaxing)
 .rodata        0x0000190c       0x4e .\CortexM3\ARM_GCC_541\Debug\cyfitter_cfg.o
 .rodata.str1.1
                0x0000195a        0x2 c:/program files (x86)/cypress/psoc creator/4.2/psoc creator/import/gnu/arm/5.4.1/bin/../lib/gcc/arm-none-eabi/5.4.1/../../../../arm-none-eabi/lib/armv7-m\libg_nano.a(lib_a-impure.o)
 .rodata.str1.1
                0x0000195c       0x11 c:/program files (x86)/cypress/psoc creator/4.2/psoc creator/import/gnu/arm/5.4.1/bin/../lib/gcc/arm-none-eabi/5.4.1/../../../../arm-none-eabi/lib/armv7-m\libg_nano.a(lib_a-nano-svfprintf.o)
 .rodata.str1.1
                0x0000196d       0x22 c:/program files (x86)/cypress/psoc creator/4.2/psoc creator/import/gnu/arm/5.4.1/bin/../lib/gcc/arm-none-eabi/5.4.1/../../../../arm-none-eabi/lib/armv7-m\libg_nano.a(lib_a-nano-vfprintf_i.o)
                0x00001990                . = ALIGN (0x4)
 *fill*         0x0000198f        0x1 
 *(.init)
 .init          0x00001990        0x4 c:/program files (x86)/cypress/psoc creator/4.2/psoc creator/import/gnu/arm/5.4.1/bin/../lib/gcc/arm-none-eabi/5.4.1/armv7-m/crti.o
                0x00001990                _init
 .init          0x00001994        0x8 c:/program files (x86)/cypress/psoc creator/4.2/psoc creator/import/gnu/arm/5.4.1/bin/../lib/gcc/arm-none-eabi/5.4.1/armv7-m/crtn.o
                0x0000199c                . = ALIGN (0x4)
                0x0000199c                __preinit_array_start = .
 *(.preinit_array)
                0x0000199c                __preinit_array_end = .
                0x0000199c                . = ALIGN (0x4)
                0x0000199c                __init_array_start = .
 *(SORT(.init_array.*))
 *(.init_array)
 .init_array    0x0000199c        0x4 c:/program files (x86)/cypress/psoc creator/4.2/psoc creator/import/gnu/arm/5.4.1/bin/../lib/gcc/arm-none-eabi/5.4.1/armv7-m/crtbegin.o
 .init_array    0x000019a0        0x4 .\CortexM3\ARM_GCC_541\Debug\Cm3Start.o
                0x000019a4                __init_array_end = .
                0x000019a4                . = ALIGN (0x4)
 *(.fini)
 .fini          0x000019a4        0x4 c:/program files (x86)/cypress/psoc creator/4.2/psoc creator/import/gnu/arm/5.4.1/bin/../lib/gcc/arm-none-eabi/5.4.1/armv7-m/crti.o
                0x000019a4                _fini
 .fini          0x000019a8        0x8 c:/program files (x86)/cypress/psoc creator/4.2/psoc creator/import/gnu/arm/5.4.1/bin/../lib/gcc/arm-none-eabi/5.4.1/armv7-m/crtn.o
                0x000019b0                . = ALIGN (0x4)
                0x000019b0                __fini_array_start = .
 *(.fini_array)
 .fini_array    0x000019b0        0x4 c:/program files (x86)/cypress/psoc creator/4.2/psoc creator/import/gnu/arm/5.4.1/bin/../lib/gcc/arm-none-eabi/5.4.1/armv7-m/crtbegin.o
 *(SORT(.fini_array.*))
                0x000019b4                __fini_array_end = .
                0x000019b4                . = ALIGN (0x4)
 *crtbegin.o(.ctors)
 *(EXCLUDE_FILE(*crtend.o) .ctors)
 *(SORT(.ctors.*))
 *crtend.o(.ctors)
                0x000019b4                . = ALIGN (0x4)
 *crtbegin.o(.dtors)
 *(EXCLUDE_FILE(*crtend.o) .dtors)
 *(SORT(.dtors.*))
 *crtend.o(.dtors)
                0x000019b4                . = ALIGN (0x4)
                0x000019b4                __cy_regions = .
                0x000019b4        0x4 LONG 0x19c8 __cy_region_init_ram
                0x000019b8        0x4 LONG 0x1fff80c8 __cy_region_start_data
                0x000019bc        0x4 LONG 0x80 __cy_region_init_size_ram
                0x000019c0        0x4 LONG 0x50 __cy_region_zero_size_ram
                0x000019c4                __cy_regions_end = .
                0x000019c8                . = ALIGN (0x8)
 *fill*         0x000019c4        0x4 
                0x000019c8                _etext = .

.cy_checksum_exclude
                0x000019c8        0x0
 *(.cy_checksum_exclude)

.ramvectors     0x1fff8000       0xc0
                0x1fff8000                __cy_region_start_ram = .
 *(.ramvectors)
 .ramvectors    0x1fff8000       0xc0 .\CortexM3\ARM_GCC_541\Debug\Cm3Start.o
                0x1fff8000                CyRamVectors

.noinit         0x1fff80c0        0x1
 *(.noinit)
 .noinit        0x1fff80c0        0x1 .\CortexM3\ARM_GCC_541\Debug\Pulsioximetro.a(CyLib.o)
                0x1fff80c0                CyResetStatus

.data           0x1fff80c8       0x80 load address 0x000019c8
                0x1fff80c8                __cy_region_start_data = .
 *(.jcr)
 .jcr           0x1fff80c8        0x0 c:/program files (x86)/cypress/psoc creator/4.2/psoc creator/import/gnu/arm/5.4.1/bin/../lib/gcc/arm-none-eabi/5.4.1/armv7-m/crtbegin.o
 .jcr           0x1fff80c8        0x4 c:/program files (x86)/cypress/psoc creator/4.2/psoc creator/import/gnu/arm/5.4.1/bin/../lib/gcc/arm-none-eabi/5.4.1/armv7-m/crtend.o
 *(.got.plt)
 *(.got)
 *(.shdata)
 *(.data .data.* .gnu.linkonce.d.*)
 .data          0x1fff80cc        0x4 .\CortexM3\ARM_GCC_541\Debug\Cm3Start.o
 .data          0x1fff80d0       0x10 .\CortexM3\ARM_GCC_541\Debug\Pulsioximetro.a(CyLib.o)
                0x1fff80d0                cydelay_32k_ms
                0x1fff80d4                cydelay_freq_khz
                0x1fff80d8                cydelay_freq_mhz
                0x1fff80dc                cydelay_freq_hz
 .data.impure_data
                0x1fff80e0       0x60 c:/program files (x86)/cypress/psoc creator/4.2/psoc creator/import/gnu/arm/5.4.1/bin/../lib/gcc/arm-none-eabi/5.4.1/../../../../arm-none-eabi/lib/armv7-m\libg_nano.a(lib_a-impure.o)
 .data._impure_ptr
                0x1fff8140        0x4 c:/program files (x86)/cypress/psoc creator/4.2/psoc creator/import/gnu/arm/5.4.1/bin/../lib/gcc/arm-none-eabi/5.4.1/../../../../arm-none-eabi/lib/armv7-m\libg_nano.a(lib_a-impure.o)
                0x1fff8140                _impure_ptr
                0x1fff8148                . = ALIGN (0x8)
 *fill*         0x1fff8144        0x4 
 *(.ram)
                0x1fff8148                _edata = .

.igot.plt       0x1fff8148        0x0 load address 0x00001a48
 .igot.plt      0x1fff8148        0x0 c:/program files (x86)/cypress/psoc creator/4.2/psoc creator/import/gnu/arm/5.4.1/bin/../lib/gcc/arm-none-eabi/5.4.1/armv7-m/crtbegin.o

.bss            0x1fff8148       0x50 load address 0x00001a48
                0x1fff8148                PROVIDE (__bss_start__, .)
 *(.shbss)
 *(.bss .bss.* .gnu.linkonce.b.*)
 .bss           0x1fff8148       0x1c c:/program files (x86)/cypress/psoc creator/4.2/psoc creator/import/gnu/arm/5.4.1/bin/../lib/gcc/arm-none-eabi/5.4.1/armv7-m/crtbegin.o
 .bss           0x1fff8164        0xc .\CortexM3\ARM_GCC_541\Debug\main.o
                0x1fff8164                Buffer
 .bss           0x1fff8170        0x1 .\CortexM3\ARM_GCC_541\Debug\Pulsioximetro.a(I2C.o)
                0x1fff8170                I2C_initVar
 .bss           0x1fff8171        0x2 .\CortexM3\ARM_GCC_541\Debug\Pulsioximetro.a(UART.o)
                0x1fff8171                UART_initVar
 *fill*         0x1fff8173        0x1 
 .bss.__malloc_sbrk_start
                0x1fff8174        0x4 c:/program files (x86)/cypress/psoc creator/4.2/psoc creator/import/gnu/arm/5.4.1/bin/../lib/gcc/arm-none-eabi/5.4.1/../../../../arm-none-eabi/lib/armv7-m\libg_nano.a(lib_a-nano-mallocr.o)
                0x1fff8174                __malloc_sbrk_start
 .bss.__malloc_free_list
                0x1fff8178        0x4 c:/program files (x86)/cypress/psoc creator/4.2/psoc creator/import/gnu/arm/5.4.1/bin/../lib/gcc/arm-none-eabi/5.4.1/../../../../arm-none-eabi/lib/armv7-m\libg_nano.a(lib_a-nano-mallocr.o)
                0x1fff8178                __malloc_free_list
 *(COMMON)
 COMMON         0x1fff817c        0x2 .\CortexM3\ARM_GCC_541\Debug\main.o
                0x1fff817c                activeLEDs
                0x1fff817d                data
 COMMON         0x1fff817e        0x1 .\CortexM3\ARM_GCC_541\Debug\Pulsioximetro.a(I2C.o)
                0x1fff817e                I2C_state
 *fill*         0x1fff817f        0x1 
 COMMON         0x1fff8180       0x10 .\CortexM3\ARM_GCC_541\Debug\Pulsioximetro.a(I2C_MASTER.o)
                0x1fff8180                I2C_mstrWrBufIndex
                0x1fff8181                I2C_mstrWrBufSize
                0x1fff8182                I2C_mstrStatus
                0x1fff8184                I2C_mstrRdBufPtr
                0x1fff8188                I2C_mstrControl
                0x1fff8189                I2C_mstrRdBufSize
                0x1fff818a                I2C_mstrRdBufIndex
                0x1fff818c                I2C_mstrWrBufPtr
 COMMON         0x1fff8190        0x4 c:/program files (x86)/cypress/psoc creator/4.2/psoc creator/import/gnu/arm/5.4.1/bin/../lib/gcc/arm-none-eabi/5.4.1/../../../../arm-none-eabi/lib/armv7-m\libg_nano.a(lib_a-reent.o)
                0x1fff8190                errno
                0x1fff8198                . = ALIGN (0x8)
 *fill*         0x1fff8194        0x4 
 *(.ram.b)
                0x1fff8198                _end = .
                0x1fff8198                __end = .
                0x1fff8198                PROVIDE (end, .)
                0x1fff8198                PROVIDE (__bss_end__, .)
                0x000019c8                __cy_region_init_ram = LOADADDR (.data)
                0x00000080                __cy_region_init_size_ram = (_edata - ADDR (.data))
                0x00000050                __cy_region_zero_size_ram = (_end - _edata)

.heap           0x1fff8198       0x80 load address 0x00001a48
                0x1fff8198                . = _end
                0x1fff8218                . = (. + 0x80)
 *fill*         0x1fff8198       0x80 
                0x1fff8218                __cy_heap_limit = .

.stack          0x20007800      0x800
                0x20007800                __cy_stack_limit = .
                0x20008000                . = (. + 0x800)
 *fill*         0x20007800      0x800 
                0x00000001                ASSERT ((__cy_stack_limit >= __cy_heap_limit), region RAM overflowed with stack)
                0x00000000                cy_checksum_exclude_size = (CY_APPL_LOADABLE == 0x1)?SIZEOF (.cy_checksum_exclude):0x0
                0x00000001                ASSERT ((cy_checksum_exclude_size <= CY_CHECKSUM_EXCLUDE_SIZE), CY_BOOT: Section .cy_checksum_exclude size exceedes specified limit.)

.cyloadermeta
 *(.cyloadermeta)

.cyloadablemeta
 *(.cyloadablemeta)

.cyconfigecc    0x80000000      0x378
 *(.cyconfigecc)
 .cyconfigecc   0x80000000      0x378 .\CortexM3\ARM_GCC_541\Debug\cymetadata.o
                0x80000000                cy_meta_configecc

.cycustnvl      0x90000000        0x4
 *(.cycustnvl)
 .cycustnvl     0x90000000        0x4 .\CortexM3\ARM_GCC_541\Debug\cymetadata.o
                0x90000000                cy_meta_custnvl

.cywolatch      0x90100000        0x4
 *(.cywolatch)
 .cywolatch     0x90100000        0x4 .\CortexM3\ARM_GCC_541\Debug\cymetadata.o
                0x90100000                cy_meta_wonvl

.cyeeprom       0x90200000        0x0
 *(.cyeeprom)
                0x00000001                ASSERT ((. <= ((0x90200000 + ee_offset) + ee_size)), .cyeeprom data will not fit in EEPROM)

.cyflashprotect
                0x90400000      0x100
 *(.cyflashprotect)
 .cyflashprotect
                0x90400000      0x100 .\CortexM3\ARM_GCC_541\Debug\cymetadata.o
                0x90400000                cy_meta_flashprotect

.cymeta         0x90500000        0xc
 *(.cymeta)
 .cymeta        0x90500000        0xc .\CortexM3\ARM_GCC_541\Debug\cymetadata.o
                0x90500000                cy_metadata

.rel.dyn        0x00001a48        0x0 load address 0x9050000c
 .rel.iplt      0x00001a48        0x0 c:/program files (x86)/cypress/psoc creator/4.2/psoc creator/import/gnu/arm/5.4.1/bin/../lib/gcc/arm-none-eabi/5.4.1/armv7-m/crtbegin.o

.stab
 *(.stab)

.stabstr
 *(.stabstr)

.debug
 *(.debug)

.line
 *(.line)

.debug_srcinfo
 *(.debug_srcinfo)

.debug_sfnames
 *(.debug_sfnames)

.debug_aranges  0x00000000      0x920
 *(.debug_aranges)
 .debug_aranges
                0x00000000       0x28 .\CortexM3\ARM_GCC_541\Debug\main.o
 .debug_aranges
                0x00000028       0xf0 .\CortexM3\ARM_GCC_541\Debug\MAX30102.o
 .debug_aranges
                0x00000118       0x58 .\CortexM3\ARM_GCC_541\Debug\cyfitter_cfg.o
 .debug_aranges
                0x00000170       0x18 .\CortexM3\ARM_GCC_541\Debug\cymetadata.o
 .debug_aranges
                0x00000188       0x48 .\CortexM3\ARM_GCC_541\Debug\Cm3Start.o
 .debug_aranges
                0x000001d0       0x38 .\CortexM3\ARM_GCC_541\Debug\Pulsioximetro.a(I2C.o)
 .debug_aranges
                0x00000208       0x20 .\CortexM3\ARM_GCC_541\Debug\Pulsioximetro.a(I2C_INT.o)
 .debug_aranges
                0x00000228       0x38 .\CortexM3\ARM_GCC_541\Debug\Pulsioximetro.a(I2C_PM.o)
 .debug_aranges
                0x00000260       0x80 .\CortexM3\ARM_GCC_541\Debug\Pulsioximetro.a(I2C_MASTER.o)
 .debug_aranges
                0x000002e0      0x2a0 .\CortexM3\ARM_GCC_541\Debug\Pulsioximetro.a(CyLib.o)
 .debug_aranges
                0x00000580       0x98 .\CortexM3\ARM_GCC_541\Debug\Pulsioximetro.a(cyPm.o)
 .debug_aranges
                0x00000618       0xf0 .\CortexM3\ARM_GCC_541\Debug\Pulsioximetro.a(UART.o)
 .debug_aranges
                0x00000708       0x80 .\CortexM3\ARM_GCC_541\Debug\Pulsioximetro.a(IRQRX.o)
 .debug_aranges
                0x00000788       0x70 .\CortexM3\ARM_GCC_541\Debug\Pulsioximetro.a(UART_IntClock.o)
 .debug_aranges
                0x000007f8       0x20 .\CortexM3\ARM_GCC_541\Debug\Pulsioximetro.a(CyBootAsmGnu.o)
 .debug_aranges
                0x00000818       0x88 .\CortexM3\ARM_GCC_541\Debug\Pulsioximetro.a(CyFlash.o)
 .debug_aranges
                0x000008a0       0x80 .\CortexM3\ARM_GCC_541\Debug\Pulsioximetro.a(CySpc.o)

.debug_pubnames
 *(.debug_pubnames)

.debug_info     0x00000000     0x5b10
 *(.debug_info .gnu.linkonce.wi.*)
 .debug_info    0x00000000      0x2cb .\CortexM3\ARM_GCC_541\Debug\main.o
 .debug_info    0x000002cb      0xe45 .\CortexM3\ARM_GCC_541\Debug\MAX30102.o
 .debug_info    0x00001110      0x595 .\CortexM3\ARM_GCC_541\Debug\cyfitter_cfg.o
 .debug_info    0x000016a5      0x135 .\CortexM3\ARM_GCC_541\Debug\cymetadata.o
 .debug_info    0x000017da      0x3bb .\CortexM3\ARM_GCC_541\Debug\Cm3Start.o
 .debug_info    0x00001b95      0x2ab .\CortexM3\ARM_GCC_541\Debug\Pulsioximetro.a(I2C.o)
 .debug_info    0x00001e40      0x184 .\CortexM3\ARM_GCC_541\Debug\Pulsioximetro.a(I2C_INT.o)
 .debug_info    0x00001fc4      0x207 .\CortexM3\ARM_GCC_541\Debug\Pulsioximetro.a(I2C_PM.o)
 .debug_info    0x000021cb      0x407 .\CortexM3\ARM_GCC_541\Debug\Pulsioximetro.a(I2C_MASTER.o)
 .debug_info    0x000025d2     0x1374 .\CortexM3\ARM_GCC_541\Debug\Pulsioximetro.a(CyLib.o)
 .debug_info    0x00003946      0xa2a .\CortexM3\ARM_GCC_541\Debug\Pulsioximetro.a(cyPm.o)
 .debug_info    0x00004370      0x60c .\CortexM3\ARM_GCC_541\Debug\Pulsioximetro.a(UART.o)
 .debug_info    0x0000497c      0x2d2 .\CortexM3\ARM_GCC_541\Debug\Pulsioximetro.a(IRQRX.o)
 .debug_info    0x00004c4e      0x283 .\CortexM3\ARM_GCC_541\Debug\Pulsioximetro.a(UART_IntClock.o)
 .debug_info    0x00004ed1       0xa2 .\CortexM3\ARM_GCC_541\Debug\Pulsioximetro.a(CyBootAsmGnu.o)
 .debug_info    0x00004f73      0x64d .\CortexM3\ARM_GCC_541\Debug\Pulsioximetro.a(CyFlash.o)
 .debug_info    0x000055c0      0x550 .\CortexM3\ARM_GCC_541\Debug\Pulsioximetro.a(CySpc.o)

.debug_abbrev   0x00000000     0x1648
 *(.debug_abbrev)
 .debug_abbrev  0x00000000       0xf2 .\CortexM3\ARM_GCC_541\Debug\main.o
 .debug_abbrev  0x000000f2      0x192 .\CortexM3\ARM_GCC_541\Debug\MAX30102.o
 .debug_abbrev  0x00000284      0x20d .\CortexM3\ARM_GCC_541\Debug\cyfitter_cfg.o
 .debug_abbrev  0x00000491       0x66 .\CortexM3\ARM_GCC_541\Debug\cymetadata.o
 .debug_abbrev  0x000004f7      0x1e8 .\CortexM3\ARM_GCC_541\Debug\Cm3Start.o
 .debug_abbrev  0x000006df      0x10a .\CortexM3\ARM_GCC_541\Debug\Pulsioximetro.a(I2C.o)
 .debug_abbrev  0x000007e9       0xb6 .\CortexM3\ARM_GCC_541\Debug\Pulsioximetro.a(I2C_INT.o)
 .debug_abbrev  0x0000089f       0xfe .\CortexM3\ARM_GCC_541\Debug\Pulsioximetro.a(I2C_PM.o)
 .debug_abbrev  0x0000099d      0x13c .\CortexM3\ARM_GCC_541\Debug\Pulsioximetro.a(I2C_MASTER.o)
 .debug_abbrev  0x00000ad9      0x254 .\CortexM3\ARM_GCC_541\Debug\Pulsioximetro.a(CyLib.o)
 .debug_abbrev  0x00000d2d      0x1ab .\CortexM3\ARM_GCC_541\Debug\Pulsioximetro.a(cyPm.o)
 .debug_abbrev  0x00000ed8      0x175 .\CortexM3\ARM_GCC_541\Debug\Pulsioximetro.a(UART.o)
 .debug_abbrev  0x0000104d      0x173 .\CortexM3\ARM_GCC_541\Debug\Pulsioximetro.a(IRQRX.o)
 .debug_abbrev  0x000011c0      0x139 .\CortexM3\ARM_GCC_541\Debug\Pulsioximetro.a(UART_IntClock.o)
 .debug_abbrev  0x000012f9       0x14 .\CortexM3\ARM_GCC_541\Debug\Pulsioximetro.a(CyBootAsmGnu.o)
 .debug_abbrev  0x0000130d      0x1a7 .\CortexM3\ARM_GCC_541\Debug\Pulsioximetro.a(CyFlash.o)
 .debug_abbrev  0x000014b4      0x194 .\CortexM3\ARM_GCC_541\Debug\Pulsioximetro.a(CySpc.o)

.debug_line     0x00000000     0x26e9
 *(.debug_line)
 .debug_line    0x00000000      0x223 .\CortexM3\ARM_GCC_541\Debug\main.o
 .debug_line    0x00000223      0x4f2 .\CortexM3\ARM_GCC_541\Debug\MAX30102.o
 .debug_line    0x00000715      0x1f3 .\CortexM3\ARM_GCC_541\Debug\cyfitter_cfg.o
 .debug_line    0x00000908      0x141 .\CortexM3\ARM_GCC_541\Debug\cymetadata.o
 .debug_line    0x00000a49      0x234 .\CortexM3\ARM_GCC_541\Debug\Cm3Start.o
 .debug_line    0x00000c7d       0xd9 .\CortexM3\ARM_GCC_541\Debug\Pulsioximetro.a(I2C.o)
 .debug_line    0x00000d56      0x114 .\CortexM3\ARM_GCC_541\Debug\Pulsioximetro.a(I2C_INT.o)
 .debug_line    0x00000e6a       0xbb .\CortexM3\ARM_GCC_541\Debug\Pulsioximetro.a(I2C_PM.o)
 .debug_line    0x00000f25      0x1fd .\CortexM3\ARM_GCC_541\Debug\Pulsioximetro.a(I2C_MASTER.o)
 .debug_line    0x00001122      0x816 .\CortexM3\ARM_GCC_541\Debug\Pulsioximetro.a(CyLib.o)
 .debug_line    0x00001938      0x367 .\CortexM3\ARM_GCC_541\Debug\Pulsioximetro.a(cyPm.o)
 .debug_line    0x00001c9f      0x2bc .\CortexM3\ARM_GCC_541\Debug\Pulsioximetro.a(UART.o)
 .debug_line    0x00001f5b      0x132 .\CortexM3\ARM_GCC_541\Debug\Pulsioximetro.a(IRQRX.o)
 .debug_line    0x0000208d      0x17c .\CortexM3\ARM_GCC_541\Debug\Pulsioximetro.a(UART_IntClock.o)
 .debug_line    0x00002209       0x66 .\CortexM3\ARM_GCC_541\Debug\Pulsioximetro.a(CyBootAsmGnu.o)
 .debug_line    0x0000226f      0x21a .\CortexM3\ARM_GCC_541\Debug\Pulsioximetro.a(CyFlash.o)
 .debug_line    0x00002489      0x260 .\CortexM3\ARM_GCC_541\Debug\Pulsioximetro.a(CySpc.o)

.debug_frame    0x00000000     0x1bdc
 *(.debug_frame)
 .debug_frame   0x00000000       0x48 .\CortexM3\ARM_GCC_541\Debug\main.o
 .debug_frame   0x00000048      0x330 .\CortexM3\ARM_GCC_541\Debug\MAX30102.o
 .debug_frame   0x00000378       0xe4 .\CortexM3\ARM_GCC_541\Debug\cyfitter_cfg.o
 .debug_frame   0x0000045c       0xb8 .\CortexM3\ARM_GCC_541\Debug\Cm3Start.o
 .debug_frame   0x00000514       0x90 .\CortexM3\ARM_GCC_541\Debug\Pulsioximetro.a(I2C.o)
 .debug_frame   0x000005a4       0x30 .\CortexM3\ARM_GCC_541\Debug\Pulsioximetro.a(I2C_INT.o)
 .debug_frame   0x000005d4       0x74 .\CortexM3\ARM_GCC_541\Debug\Pulsioximetro.a(I2C_PM.o)
 .debug_frame   0x00000648      0x138 .\CortexM3\ARM_GCC_541\Debug\Pulsioximetro.a(I2C_MASTER.o)
 .debug_frame   0x00000780      0x738 .\CortexM3\ARM_GCC_541\Debug\Pulsioximetro.a(CyLib.o)
 .debug_frame   0x00000eb8      0x1f8 .\CortexM3\ARM_GCC_541\Debug\Pulsioximetro.a(cyPm.o)
 .debug_frame   0x000010b0      0x250 .\CortexM3\ARM_GCC_541\Debug\Pulsioximetro.a(UART.o)
 .debug_frame   0x00001300      0x104 .\CortexM3\ARM_GCC_541\Debug\Pulsioximetro.a(IRQRX.o)
 .debug_frame   0x00001404       0xe0 .\CortexM3\ARM_GCC_541\Debug\Pulsioximetro.a(UART_IntClock.o)
 .debug_frame   0x000014e4      0x194 .\CortexM3\ARM_GCC_541\Debug\Pulsioximetro.a(CyFlash.o)
 .debug_frame   0x00001678      0x180 .\CortexM3\ARM_GCC_541\Debug\Pulsioximetro.a(CySpc.o)
 .debug_frame   0x000017f8       0x20 c:/program files (x86)/cypress/psoc creator/4.2/psoc creator/import/gnu/arm/5.4.1/bin/../lib/gcc/arm-none-eabi/5.4.1/../../../../arm-none-eabi/lib/armv7-m\libg_nano.a(lib_a-errno.o)
 .debug_frame   0x00001818       0x28 c:/program files (x86)/cypress/psoc creator/4.2/psoc creator/import/gnu/arm/5.4.1/bin/../lib/gcc/arm-none-eabi/5.4.1/../../../../arm-none-eabi/lib/armv7-m\libg_nano.a(lib_a-exit.o)
 .debug_frame   0x00001840       0x2c c:/program files (x86)/cypress/psoc creator/4.2/psoc creator/import/gnu/arm/5.4.1/bin/../lib/gcc/arm-none-eabi/5.4.1/../../../../arm-none-eabi/lib/armv7-m\libg_nano.a(lib_a-init.o)
 .debug_frame   0x0000186c       0x28 c:/program files (x86)/cypress/psoc creator/4.2/psoc creator/import/gnu/arm/5.4.1/bin/../lib/gcc/arm-none-eabi/5.4.1/../../../../arm-none-eabi/lib/armv7-m\libg_nano.a(lib_a-memcpy-stub.o)
 .debug_frame   0x00001894       0x20 c:/program files (x86)/cypress/psoc creator/4.2/psoc creator/import/gnu/arm/5.4.1/bin/../lib/gcc/arm-none-eabi/5.4.1/../../../../arm-none-eabi/lib/armv7-m\libg_nano.a(lib_a-memset.o)
 .debug_frame   0x000018b4       0x70 c:/program files (x86)/cypress/psoc creator/4.2/psoc creator/import/gnu/arm/5.4.1/bin/../lib/gcc/arm-none-eabi/5.4.1/../../../../arm-none-eabi/lib/armv7-m\libg_nano.a(lib_a-sprintf.o)
 .debug_frame   0x00001924       0x90 c:/program files (x86)/cypress/psoc creator/4.2/psoc creator/import/gnu/arm/5.4.1/bin/../lib/gcc/arm-none-eabi/5.4.1/../../../../arm-none-eabi/lib/armv7-m\libg_nano.a(lib_a-nano-svfprintf.o)
 .debug_frame   0x000019b4       0x60 c:/program files (x86)/cypress/psoc creator/4.2/psoc creator/import/gnu/arm/5.4.1/bin/../lib/gcc/arm-none-eabi/5.4.1/../../../../arm-none-eabi/lib/armv7-m\libg_nano.a(lib_a-nano-vfprintf_i.o)
 .debug_frame   0x00001a14       0x28 c:/program files (x86)/cypress/psoc creator/4.2/psoc creator/import/gnu/arm/5.4.1/bin/../lib/gcc/arm-none-eabi/5.4.1/../../../../arm-none-eabi/lib/armv7-m\libg_nano.a(lib_a-memchr-stub.o)
 .debug_frame   0x00001a3c       0x28 c:/program files (x86)/cypress/psoc creator/4.2/psoc creator/import/gnu/arm/5.4.1/bin/../lib/gcc/arm-none-eabi/5.4.1/../../../../arm-none-eabi/lib/armv7-m\libg_nano.a(lib_a-memmove.o)
 .debug_frame   0x00001a64       0x38 c:/program files (x86)/cypress/psoc creator/4.2/psoc creator/import/gnu/arm/5.4.1/bin/../lib/gcc/arm-none-eabi/5.4.1/../../../../arm-none-eabi/lib/armv7-m\libg_nano.a(lib_a-nano-freer.o)
 .debug_frame   0x00001a9c       0x2c c:/program files (x86)/cypress/psoc creator/4.2/psoc creator/import/gnu/arm/5.4.1/bin/../lib/gcc/arm-none-eabi/5.4.1/../../../../arm-none-eabi/lib/armv7-m\libg_nano.a(lib_a-nano-mallocr.o)
 .debug_frame   0x00001ac8       0x3c c:/program files (x86)/cypress/psoc creator/4.2/psoc creator/import/gnu/arm/5.4.1/bin/../lib/gcc/arm-none-eabi/5.4.1/../../../../arm-none-eabi/lib/armv7-m\libg_nano.a(lib_a-nano-reallocr.o)
 .debug_frame   0x00001b04       0x2c c:/program files (x86)/cypress/psoc creator/4.2/psoc creator/import/gnu/arm/5.4.1/bin/../lib/gcc/arm-none-eabi/5.4.1/../../../../arm-none-eabi/lib/armv7-m\libg_nano.a(lib_a-sbrkr.o)
 .debug_frame   0x00001b30       0x30 c:/program files (x86)/cypress/psoc creator/4.2/psoc creator/import/gnu/arm/5.4.1/bin/../lib/gcc/arm-none-eabi/5.4.1/../../../../arm-none-eabi/lib/armv7-m\libg_nano.a(lib_a-mlock.o)
 .debug_frame   0x00001b60       0x20 c:/program files (x86)/cypress/psoc creator/4.2/psoc creator/import/gnu/arm/5.4.1/bin/../lib/gcc/arm-none-eabi/5.4.1/../../../../arm-none-eabi/lib/armv7-m\libg_nano.a(lib_a-nano-msizer.o)
 .debug_frame   0x00001b80       0x5c c:/program files (x86)/cypress/psoc creator/4.2/psoc creator/import/gnu/arm/5.4.1/bin/../lib/gcc/arm-none-eabi/5.4.1/../../../../arm-none-eabi/lib/armv7-m\libg_nano.a(lib_a-reent.o)

.debug_str      0x00000000     0x1e02
 *(.debug_str)
 .debug_str     0x00000000      0x221 .\CortexM3\ARM_GCC_541\Debug\main.o
                                0x275 (size before relaxing)
 .debug_str     0x00000221      0x2be .\CortexM3\ARM_GCC_541\Debug\MAX30102.o
                                0x4ed (size before relaxing)
 .debug_str     0x000004df      0x1bc .\CortexM3\ARM_GCC_541\Debug\cyfitter_cfg.o
                                0x356 (size before relaxing)
 .debug_str     0x0000069b       0x7f .\CortexM3\ARM_GCC_541\Debug\cymetadata.o
                                0x1f6 (size before relaxing)
 .debug_str     0x0000071a      0x144 .\CortexM3\ARM_GCC_541\Debug\Cm3Start.o
                                0x31c (size before relaxing)
 .debug_str     0x0000085e      0x12f .\CortexM3\ARM_GCC_541\Debug\Pulsioximetro.a(I2C.o)
                                0x2f3 (size before relaxing)
 .debug_str     0x0000098d       0x86 .\CortexM3\ARM_GCC_541\Debug\Pulsioximetro.a(I2C_INT.o)
                                0x271 (size before relaxing)
 .debug_str     0x00000a13       0x56 .\CortexM3\ARM_GCC_541\Debug\Pulsioximetro.a(I2C_PM.o)
                                0x28f (size before relaxing)
 .debug_str     0x00000a69      0x10c .\CortexM3\ARM_GCC_541\Debug\Pulsioximetro.a(I2C_MASTER.o)
                                0x3b6 (size before relaxing)
 .debug_str     0x00000b75      0x7e6 .\CortexM3\ARM_GCC_541\Debug\Pulsioximetro.a(CyLib.o)
                                0xa59 (size before relaxing)
 .debug_str     0x0000135b      0x365 .\CortexM3\ARM_GCC_541\Debug\Pulsioximetro.a(cyPm.o)
                                0x745 (size before relaxing)
 .debug_str     0x000016c0      0x280 .\CortexM3\ARM_GCC_541\Debug\Pulsioximetro.a(UART.o)
                                0x487 (size before relaxing)
 .debug_str     0x00001940       0xd8 .\CortexM3\ARM_GCC_541\Debug\Pulsioximetro.a(IRQRX.o)
                                0x2b8 (size before relaxing)
 .debug_str     0x00001a18      0x183 .\CortexM3\ARM_GCC_541\Debug\Pulsioximetro.a(UART_IntClock.o)
                                0x348 (size before relaxing)
 .debug_str     0x00001b9b      0x1bb .\CortexM3\ARM_GCC_541\Debug\Pulsioximetro.a(CyFlash.o)
                                0x3d2 (size before relaxing)
 .debug_str     0x00001d56       0xac .\CortexM3\ARM_GCC_541\Debug\Pulsioximetro.a(CySpc.o)
                                0x34a (size before relaxing)

.debug_loc      0x00000000     0x295f
 *(.debug_loc)
 .debug_loc     0x00000000      0x597 .\CortexM3\ARM_GCC_541\Debug\MAX30102.o
 .debug_loc     0x00000597      0x25a .\CortexM3\ARM_GCC_541\Debug\cyfitter_cfg.o
 .debug_loc     0x000007f1      0x144 .\CortexM3\ARM_GCC_541\Debug\Cm3Start.o
 .debug_loc     0x00000935       0x39 .\CortexM3\ARM_GCC_541\Debug\Pulsioximetro.a(I2C.o)
 .debug_loc     0x0000096e       0x29 .\CortexM3\ARM_GCC_541\Debug\Pulsioximetro.a(I2C_INT.o)
 .debug_loc     0x00000997       0x13 .\CortexM3\ARM_GCC_541\Debug\Pulsioximetro.a(I2C_PM.o)
 .debug_loc     0x000009aa      0x52f .\CortexM3\ARM_GCC_541\Debug\Pulsioximetro.a(I2C_MASTER.o)
 .debug_loc     0x00000ed9      0xa11 .\CortexM3\ARM_GCC_541\Debug\Pulsioximetro.a(CyLib.o)
 .debug_loc     0x000018ea      0x1e4 .\CortexM3\ARM_GCC_541\Debug\Pulsioximetro.a(cyPm.o)
 .debug_loc     0x00001ace      0x258 .\CortexM3\ARM_GCC_541\Debug\Pulsioximetro.a(UART.o)
 .debug_loc     0x00001d26       0x56 .\CortexM3\ARM_GCC_541\Debug\Pulsioximetro.a(IRQRX.o)
 .debug_loc     0x00001d7c      0x12c .\CortexM3\ARM_GCC_541\Debug\Pulsioximetro.a(UART_IntClock.o)
 .debug_loc     0x00001ea8      0x3b2 .\CortexM3\ARM_GCC_541\Debug\Pulsioximetro.a(CyFlash.o)
 .debug_loc     0x0000225a      0x705 .\CortexM3\ARM_GCC_541\Debug\Pulsioximetro.a(CySpc.o)

.debug_macinfo
 *(.debug_macinfo)

.debug_ranges   0x00000000      0x7f8
 *(.debug_ranges)
 .debug_ranges  0x00000000       0x18 .\CortexM3\ARM_GCC_541\Debug\main.o
 .debug_ranges  0x00000018       0xe0 .\CortexM3\ARM_GCC_541\Debug\MAX30102.o
 .debug_ranges  0x000000f8       0x48 .\CortexM3\ARM_GCC_541\Debug\cyfitter_cfg.o
 .debug_ranges  0x00000140       0x38 .\CortexM3\ARM_GCC_541\Debug\Cm3Start.o
 .debug_ranges  0x00000178       0x28 .\CortexM3\ARM_GCC_541\Debug\Pulsioximetro.a(I2C.o)
 .debug_ranges  0x000001a0       0x10 .\CortexM3\ARM_GCC_541\Debug\Pulsioximetro.a(I2C_INT.o)
 .debug_ranges  0x000001b0       0x28 .\CortexM3\ARM_GCC_541\Debug\Pulsioximetro.a(I2C_PM.o)
 .debug_ranges  0x000001d8       0x70 .\CortexM3\ARM_GCC_541\Debug\Pulsioximetro.a(I2C_MASTER.o)
 .debug_ranges  0x00000248      0x290 .\CortexM3\ARM_GCC_541\Debug\Pulsioximetro.a(CyLib.o)
 .debug_ranges  0x000004d8       0x88 .\CortexM3\ARM_GCC_541\Debug\Pulsioximetro.a(cyPm.o)
 .debug_ranges  0x00000560       0xe0 .\CortexM3\ARM_GCC_541\Debug\Pulsioximetro.a(UART.o)
 .debug_ranges  0x00000640       0x70 .\CortexM3\ARM_GCC_541\Debug\Pulsioximetro.a(IRQRX.o)
 .debug_ranges  0x000006b0       0x60 .\CortexM3\ARM_GCC_541\Debug\Pulsioximetro.a(UART_IntClock.o)
 .debug_ranges  0x00000710       0x78 .\CortexM3\ARM_GCC_541\Debug\Pulsioximetro.a(CyFlash.o)
 .debug_ranges  0x00000788       0x70 .\CortexM3\ARM_GCC_541\Debug\Pulsioximetro.a(CySpc.o)

.comment        0x00000000       0x6e
 .comment       0x00000000       0x6e .\CortexM3\ARM_GCC_541\Debug\main.o
                                 0x6f (size before relaxing)
 .comment       0x0000006e       0x6f .\CortexM3\ARM_GCC_541\Debug\MAX30102.o
 .comment       0x0000006e       0x6f .\CortexM3\ARM_GCC_541\Debug\cyfitter_cfg.o
 .comment       0x0000006e       0x6f .\CortexM3\ARM_GCC_541\Debug\cymetadata.o
 .comment       0x0000006e       0x6f .\CortexM3\ARM_GCC_541\Debug\Cm3Start.o
 .comment       0x0000006e       0x6f .\CortexM3\ARM_GCC_541\Debug\Pulsioximetro.a(I2C.o)
 .comment       0x0000006e       0x6f .\CortexM3\ARM_GCC_541\Debug\Pulsioximetro.a(I2C_INT.o)
 .comment       0x0000006e       0x6f .\CortexM3\ARM_GCC_541\Debug\Pulsioximetro.a(I2C_PM.o)
 .comment       0x0000006e       0x6f .\CortexM3\ARM_GCC_541\Debug\Pulsioximetro.a(I2C_MASTER.o)
 .comment       0x0000006e       0x6f .\CortexM3\ARM_GCC_541\Debug\Pulsioximetro.a(CyLib.o)
 .comment       0x0000006e       0x6f .\CortexM3\ARM_GCC_541\Debug\Pulsioximetro.a(cyPm.o)
 .comment       0x0000006e       0x6f .\CortexM3\ARM_GCC_541\Debug\Pulsioximetro.a(UART.o)
 .comment       0x0000006e       0x6f .\CortexM3\ARM_GCC_541\Debug\Pulsioximetro.a(IRQRX.o)
 .comment       0x0000006e       0x6f .\CortexM3\ARM_GCC_541\Debug\Pulsioximetro.a(UART_IntClock.o)
 .comment       0x0000006e       0x6f .\CortexM3\ARM_GCC_541\Debug\Pulsioximetro.a(CyFlash.o)
 .comment       0x0000006e       0x6f .\CortexM3\ARM_GCC_541\Debug\Pulsioximetro.a(CySpc.o)

.debug_weaknames
 *(.debug_weaknames)

.debug_funcnames
 *(.debug_funcnames)

.debug_typenames
 *(.debug_typenames)

.debug_varnames
 *(.debug_varnames)

.note.gnu.arm.ident
 *(.note.gnu.arm.ident)

.ARM.attributes
                0x00000000       0x29
 *(.ARM.attributes)
 .ARM.attributes
                0x00000000       0x1d c:/program files (x86)/cypress/psoc creator/4.2/psoc creator/import/gnu/arm/5.4.1/bin/../lib/gcc/arm-none-eabi/5.4.1/armv7-m/crti.o
 .ARM.attributes
                0x0000001d       0x2d c:/program files (x86)/cypress/psoc creator/4.2/psoc creator/import/gnu/arm/5.4.1/bin/../lib/gcc/arm-none-eabi/5.4.1/armv7-m/crtbegin.o
 .ARM.attributes
                0x0000004a       0x1b c:/program files (x86)/cypress/psoc creator/4.2/psoc creator/import/gnu/arm/5.4.1/bin/../lib/gcc/arm-none-eabi/5.4.1/../../../../arm-none-eabi/lib/armv7-m/crt0.o
 .ARM.attributes
                0x00000065       0x33 .\CortexM3\ARM_GCC_541\Debug\main.o
 .ARM.attributes
                0x00000098       0x33 .\CortexM3\ARM_GCC_541\Debug\MAX30102.o
 .ARM.attributes
                0x000000cb       0x33 .\CortexM3\ARM_GCC_541\Debug\cyfitter_cfg.o
 .ARM.attributes
                0x000000fe       0x33 .\CortexM3\ARM_GCC_541\Debug\cymetadata.o
 .ARM.attributes
                0x00000131       0x33 .\CortexM3\ARM_GCC_541\Debug\Cm3Start.o
 .ARM.attributes
                0x00000164       0x33 .\CortexM3\ARM_GCC_541\Debug\Pulsioximetro.a(I2C.o)
 .ARM.attributes
                0x00000197       0x33 .\CortexM3\ARM_GCC_541\Debug\Pulsioximetro.a(I2C_INT.o)
 .ARM.attributes
                0x000001ca       0x33 .\CortexM3\ARM_GCC_541\Debug\Pulsioximetro.a(I2C_PM.o)
 .ARM.attributes
                0x000001fd       0x33 .\CortexM3\ARM_GCC_541\Debug\Pulsioximetro.a(I2C_MASTER.o)
 .ARM.attributes
                0x00000230       0x33 .\CortexM3\ARM_GCC_541\Debug\Pulsioximetro.a(CyLib.o)
 .ARM.attributes
                0x00000263       0x33 .\CortexM3\ARM_GCC_541\Debug\Pulsioximetro.a(cyPm.o)
 .ARM.attributes
                0x00000296       0x33 .\CortexM3\ARM_GCC_541\Debug\Pulsioximetro.a(UART.o)
 .ARM.attributes
                0x000002c9       0x33 .\CortexM3\ARM_GCC_541\Debug\Pulsioximetro.a(IRQRX.o)
 .ARM.attributes
                0x000002fc       0x33 .\CortexM3\ARM_GCC_541\Debug\Pulsioximetro.a(UART_IntClock.o)
 .ARM.attributes
                0x0000032f       0x21 .\CortexM3\ARM_GCC_541\Debug\Pulsioximetro.a(CyBootAsmGnu.o)
 .ARM.attributes
                0x00000350       0x33 .\CortexM3\ARM_GCC_541\Debug\Pulsioximetro.a(CyFlash.o)
 .ARM.attributes
                0x00000383       0x33 .\CortexM3\ARM_GCC_541\Debug\Pulsioximetro.a(CySpc.o)
 .ARM.attributes
                0x000003b6       0x2d c:/program files (x86)/cypress/psoc creator/4.2/psoc creator/import/gnu/arm/5.4.1/bin/../lib/gcc/arm-none-eabi/5.4.1/../../../../arm-none-eabi/lib/armv7-m\libg_nano.a(lib_a-errno.o)
 .ARM.attributes
                0x000003e3       0x2d c:/program files (x86)/cypress/psoc creator/4.2/psoc creator/import/gnu/arm/5.4.1/bin/../lib/gcc/arm-none-eabi/5.4.1/../../../../arm-none-eabi/lib/armv7-m\libg_nano.a(lib_a-exit.o)
 .ARM.attributes
                0x00000410       0x2d c:/program files (x86)/cypress/psoc creator/4.2/psoc creator/import/gnu/arm/5.4.1/bin/../lib/gcc/arm-none-eabi/5.4.1/../../../../arm-none-eabi/lib/armv7-m\libg_nano.a(lib_a-impure.o)
 .ARM.attributes
                0x0000043d       0x2d c:/program files (x86)/cypress/psoc creator/4.2/psoc creator/import/gnu/arm/5.4.1/bin/../lib/gcc/arm-none-eabi/5.4.1/../../../../arm-none-eabi/lib/armv7-m\libg_nano.a(lib_a-init.o)
 .ARM.attributes
                0x0000046a       0x2d c:/program files (x86)/cypress/psoc creator/4.2/psoc creator/import/gnu/arm/5.4.1/bin/../lib/gcc/arm-none-eabi/5.4.1/../../../../arm-none-eabi/lib/armv7-m\libg_nano.a(lib_a-memcpy-stub.o)
 .ARM.attributes
                0x00000497       0x2d c:/program files (x86)/cypress/psoc creator/4.2/psoc creator/import/gnu/arm/5.4.1/bin/../lib/gcc/arm-none-eabi/5.4.1/../../../../arm-none-eabi/lib/armv7-m\libg_nano.a(lib_a-memset.o)
 .ARM.attributes
                0x000004c4       0x2d c:/program files (x86)/cypress/psoc creator/4.2/psoc creator/import/gnu/arm/5.4.1/bin/../lib/gcc/arm-none-eabi/5.4.1/../../../../arm-none-eabi/lib/armv7-m\libg_nano.a(lib_a-sprintf.o)
 .ARM.attributes
                0x000004f1       0x2d c:/program files (x86)/cypress/psoc creator/4.2/psoc creator/import/gnu/arm/5.4.1/bin/../lib/gcc/arm-none-eabi/5.4.1/../../../../arm-none-eabi/lib/armv7-m\libg_nano.a(lib_a-nano-svfprintf.o)
 .ARM.attributes
                0x0000051e       0x2d c:/program files (x86)/cypress/psoc creator/4.2/psoc creator/import/gnu/arm/5.4.1/bin/../lib/gcc/arm-none-eabi/5.4.1/../../../../arm-none-eabi/lib/armv7-m\libg_nano.a(lib_a-nano-vfprintf_i.o)
 .ARM.attributes
                0x0000054b       0x2d c:/program files (x86)/cypress/psoc creator/4.2/psoc creator/import/gnu/arm/5.4.1/bin/../lib/gcc/arm-none-eabi/5.4.1/../../../../arm-none-eabi/lib/armv7-m\libg_nano.a(lib_a-memchr-stub.o)
 .ARM.attributes
                0x00000578       0x2d c:/program files (x86)/cypress/psoc creator/4.2/psoc creator/import/gnu/arm/5.4.1/bin/../lib/gcc/arm-none-eabi/5.4.1/../../../../arm-none-eabi/lib/armv7-m\libg_nano.a(lib_a-memmove.o)
 .ARM.attributes
                0x000005a5       0x2d c:/program files (x86)/cypress/psoc creator/4.2/psoc creator/import/gnu/arm/5.4.1/bin/../lib/gcc/arm-none-eabi/5.4.1/../../../../arm-none-eabi/lib/armv7-m\libg_nano.a(lib_a-nano-freer.o)
 .ARM.attributes
                0x000005d2       0x2d c:/program files (x86)/cypress/psoc creator/4.2/psoc creator/import/gnu/arm/5.4.1/bin/../lib/gcc/arm-none-eabi/5.4.1/../../../../arm-none-eabi/lib/armv7-m\libg_nano.a(lib_a-nano-mallocr.o)
 .ARM.attributes
                0x000005ff       0x2d c:/program files (x86)/cypress/psoc creator/4.2/psoc creator/import/gnu/arm/5.4.1/bin/../lib/gcc/arm-none-eabi/5.4.1/../../../../arm-none-eabi/lib/armv7-m\libg_nano.a(lib_a-nano-reallocr.o)
 .ARM.attributes
                0x0000062c       0x2d c:/program files (x86)/cypress/psoc creator/4.2/psoc creator/import/gnu/arm/5.4.1/bin/../lib/gcc/arm-none-eabi/5.4.1/../../../../arm-none-eabi/lib/armv7-m\libg_nano.a(lib_a-sbrkr.o)
 .ARM.attributes
                0x00000659       0x2d c:/program files (x86)/cypress/psoc creator/4.2/psoc creator/import/gnu/arm/5.4.1/bin/../lib/gcc/arm-none-eabi/5.4.1/../../../../arm-none-eabi/lib/armv7-m\libg_nano.a(lib_a-mlock.o)
 .ARM.attributes
                0x00000686       0x2d c:/program files (x86)/cypress/psoc creator/4.2/psoc creator/import/gnu/arm/5.4.1/bin/../lib/gcc/arm-none-eabi/5.4.1/../../../../arm-none-eabi/lib/armv7-m\libg_nano.a(lib_a-nano-msizer.o)
 .ARM.attributes
                0x000006b3       0x2d c:/program files (x86)/cypress/psoc creator/4.2/psoc creator/import/gnu/arm/5.4.1/bin/../lib/gcc/arm-none-eabi/5.4.1/../../../../arm-none-eabi/lib/armv7-m\libg_nano.a(lib_a-reent.o)
 .ARM.attributes
                0x000006e0       0x2d c:/program files (x86)/cypress/psoc creator/4.2/psoc creator/import/gnu/arm/5.4.1/bin/../lib/gcc/arm-none-eabi/5.4.1/armv7-m/crtend.o
 .ARM.attributes
                0x0000070d       0x1d c:/program files (x86)/cypress/psoc creator/4.2/psoc creator/import/gnu/arm/5.4.1/bin/../lib/gcc/arm-none-eabi/5.4.1/armv7-m/crtn.o

/DISCARD/
 *(.note.GNU-stack)
OUTPUT(C:\Users\nikod\Documents\PSoC Creator\Pulsomertria-con-MAX30102\Pulsioximetro.cydsn\CortexM3\ARM_GCC_541\Debug\Pulsioximetro.elf elf32-littlearm)
