ARM GAS  C:\Users\jdrd3\AppData\Local\Temp\ccxMI6Yg.s 			page 1


   1              		.syntax unified
   2              		.cpu cortex-m3
   3              		.fpu softvfp
   4              		.eabi_attribute 20, 1
   5              		.eabi_attribute 21, 1
   6              		.eabi_attribute 23, 3
   7              		.eabi_attribute 24, 1
   8              		.eabi_attribute 25, 1
   9              		.eabi_attribute 26, 1
  10              		.eabi_attribute 30, 1
  11              		.eabi_attribute 34, 1
  12              		.eabi_attribute 18, 4
  13              		.thumb
  14              		.syntax unified
  15              		.file	"cyfitter_cfg.c"
  16              		.text
  17              	.Ltext0:
  18              		.cfi_sections	.debug_frame
  19              		.section	.text.CyClockStartupError,"ax",%progbits
  20              		.align	2
  21              		.thumb
  22              		.thumb_func
  23              		.type	CyClockStartupError, %function
  24              	CyClockStartupError:
  25              	.LFB3:
  26              		.file 1 "Generated_Source\\PSoC5\\cyfitter_cfg.c"
   1:Generated_Source\PSoC5/cyfitter_cfg.c **** 
   2:Generated_Source\PSoC5/cyfitter_cfg.c **** /*******************************************************************************
   3:Generated_Source\PSoC5/cyfitter_cfg.c **** * File Name: cyfitter_cfg.c
   4:Generated_Source\PSoC5/cyfitter_cfg.c **** * 
   5:Generated_Source\PSoC5/cyfitter_cfg.c **** * PSoC Creator  4.2
   6:Generated_Source\PSoC5/cyfitter_cfg.c **** *
   7:Generated_Source\PSoC5/cyfitter_cfg.c **** * Description:
   8:Generated_Source\PSoC5/cyfitter_cfg.c **** * This file contains device initialization code.
   9:Generated_Source\PSoC5/cyfitter_cfg.c **** * Except for the user defined sections in CyClockStartupError(), this file should not be modified.
  10:Generated_Source\PSoC5/cyfitter_cfg.c **** * This file is automatically generated by PSoC Creator.
  11:Generated_Source\PSoC5/cyfitter_cfg.c **** *
  12:Generated_Source\PSoC5/cyfitter_cfg.c **** ********************************************************************************
  13:Generated_Source\PSoC5/cyfitter_cfg.c **** * Copyright (c) 2007-2018 Cypress Semiconductor.  All rights reserved.
  14:Generated_Source\PSoC5/cyfitter_cfg.c **** * You may use this file only in accordance with the license, terms, conditions, 
  15:Generated_Source\PSoC5/cyfitter_cfg.c **** * disclaimers, and limitations in the end user license agreement accompanying 
  16:Generated_Source\PSoC5/cyfitter_cfg.c **** * the software package with which this file was provided.
  17:Generated_Source\PSoC5/cyfitter_cfg.c **** ********************************************************************************/
  18:Generated_Source\PSoC5/cyfitter_cfg.c **** 
  19:Generated_Source\PSoC5/cyfitter_cfg.c **** #include <string.h>
  20:Generated_Source\PSoC5/cyfitter_cfg.c **** #include "cytypes.h"
  21:Generated_Source\PSoC5/cyfitter_cfg.c **** #include "cydevice_trm.h"
  22:Generated_Source\PSoC5/cyfitter_cfg.c **** #include "cyfitter.h"
  23:Generated_Source\PSoC5/cyfitter_cfg.c **** #include "CyLib.h"
  24:Generated_Source\PSoC5/cyfitter_cfg.c **** #include "cyfitter_cfg.h"
  25:Generated_Source\PSoC5/cyfitter_cfg.c **** #include "cyapicallbacks.h"
  26:Generated_Source\PSoC5/cyfitter_cfg.c **** 
  27:Generated_Source\PSoC5/cyfitter_cfg.c **** #define CY_NEED_CYCLOCKSTARTUPERROR 1
  28:Generated_Source\PSoC5/cyfitter_cfg.c **** 
  29:Generated_Source\PSoC5/cyfitter_cfg.c **** 
  30:Generated_Source\PSoC5/cyfitter_cfg.c **** #if defined(__GNUC__) || defined(__ARMCC_VERSION)
  31:Generated_Source\PSoC5/cyfitter_cfg.c ****     #define CYPACKED 
ARM GAS  C:\Users\jdrd3\AppData\Local\Temp\ccxMI6Yg.s 			page 2


  32:Generated_Source\PSoC5/cyfitter_cfg.c ****     #define CYPACKED_ATTR __attribute__ ((packed))
  33:Generated_Source\PSoC5/cyfitter_cfg.c ****     #define CYALIGNED __attribute__ ((aligned))
  34:Generated_Source\PSoC5/cyfitter_cfg.c ****     #define CY_CFG_UNUSED __attribute__ ((unused))
  35:Generated_Source\PSoC5/cyfitter_cfg.c ****     #ifndef CY_CFG_SECTION
  36:Generated_Source\PSoC5/cyfitter_cfg.c ****         #define CY_CFG_SECTION __attribute__ ((section(".psocinit")))
  37:Generated_Source\PSoC5/cyfitter_cfg.c ****     #endif
  38:Generated_Source\PSoC5/cyfitter_cfg.c ****     
  39:Generated_Source\PSoC5/cyfitter_cfg.c ****     #if defined(__ARMCC_VERSION)
  40:Generated_Source\PSoC5/cyfitter_cfg.c ****         #define CY_CFG_MEMORY_BARRIER() __memory_changed()
  41:Generated_Source\PSoC5/cyfitter_cfg.c ****     #else
  42:Generated_Source\PSoC5/cyfitter_cfg.c ****         #define CY_CFG_MEMORY_BARRIER() __sync_synchronize()
  43:Generated_Source\PSoC5/cyfitter_cfg.c ****     #endif
  44:Generated_Source\PSoC5/cyfitter_cfg.c ****     
  45:Generated_Source\PSoC5/cyfitter_cfg.c **** #elif defined(__ICCARM__)
  46:Generated_Source\PSoC5/cyfitter_cfg.c ****     #include <intrinsics.h>
  47:Generated_Source\PSoC5/cyfitter_cfg.c **** 
  48:Generated_Source\PSoC5/cyfitter_cfg.c ****     #define CYPACKED __packed
  49:Generated_Source\PSoC5/cyfitter_cfg.c ****     #define CYPACKED_ATTR 
  50:Generated_Source\PSoC5/cyfitter_cfg.c ****     #define CYALIGNED _Pragma("data_alignment=4")
  51:Generated_Source\PSoC5/cyfitter_cfg.c ****     #define CY_CFG_UNUSED _Pragma("diag_suppress=Pe177")
  52:Generated_Source\PSoC5/cyfitter_cfg.c ****     #define CY_CFG_SECTION _Pragma("location=\".psocinit\"")
  53:Generated_Source\PSoC5/cyfitter_cfg.c ****     
  54:Generated_Source\PSoC5/cyfitter_cfg.c ****     #define CY_CFG_MEMORY_BARRIER() __DMB()
  55:Generated_Source\PSoC5/cyfitter_cfg.c ****     
  56:Generated_Source\PSoC5/cyfitter_cfg.c **** #else
  57:Generated_Source\PSoC5/cyfitter_cfg.c ****     #error Unsupported toolchain
  58:Generated_Source\PSoC5/cyfitter_cfg.c **** #endif
  59:Generated_Source\PSoC5/cyfitter_cfg.c **** 
  60:Generated_Source\PSoC5/cyfitter_cfg.c **** #ifndef CYCODE
  61:Generated_Source\PSoC5/cyfitter_cfg.c ****     #define CYCODE
  62:Generated_Source\PSoC5/cyfitter_cfg.c **** #endif
  63:Generated_Source\PSoC5/cyfitter_cfg.c **** #ifndef CYDATA
  64:Generated_Source\PSoC5/cyfitter_cfg.c ****     #define CYDATA
  65:Generated_Source\PSoC5/cyfitter_cfg.c **** #endif
  66:Generated_Source\PSoC5/cyfitter_cfg.c **** #ifndef CYFAR
  67:Generated_Source\PSoC5/cyfitter_cfg.c ****     #define CYFAR
  68:Generated_Source\PSoC5/cyfitter_cfg.c **** #endif
  69:Generated_Source\PSoC5/cyfitter_cfg.c **** #ifndef CYXDATA
  70:Generated_Source\PSoC5/cyfitter_cfg.c ****     #define CYXDATA
  71:Generated_Source\PSoC5/cyfitter_cfg.c **** #endif
  72:Generated_Source\PSoC5/cyfitter_cfg.c **** 
  73:Generated_Source\PSoC5/cyfitter_cfg.c **** 
  74:Generated_Source\PSoC5/cyfitter_cfg.c **** CY_CFG_UNUSED
  75:Generated_Source\PSoC5/cyfitter_cfg.c **** static void CYMEMZERO(void *s, size_t n);
  76:Generated_Source\PSoC5/cyfitter_cfg.c **** CY_CFG_UNUSED
  77:Generated_Source\PSoC5/cyfitter_cfg.c **** static void CYMEMZERO(void *s, size_t n)
  78:Generated_Source\PSoC5/cyfitter_cfg.c **** {
  79:Generated_Source\PSoC5/cyfitter_cfg.c **** 	(void)memset(s, 0, n);
  80:Generated_Source\PSoC5/cyfitter_cfg.c **** }
  81:Generated_Source\PSoC5/cyfitter_cfg.c **** CY_CFG_UNUSED
  82:Generated_Source\PSoC5/cyfitter_cfg.c **** static void CYCONFIGCPY(void *dest, const void *src, size_t n);
  83:Generated_Source\PSoC5/cyfitter_cfg.c **** CY_CFG_UNUSED
  84:Generated_Source\PSoC5/cyfitter_cfg.c **** static void CYCONFIGCPY(void *dest, const void *src, size_t n)
  85:Generated_Source\PSoC5/cyfitter_cfg.c **** {
  86:Generated_Source\PSoC5/cyfitter_cfg.c **** 	(void)memcpy(dest, src, n);
  87:Generated_Source\PSoC5/cyfitter_cfg.c **** }
  88:Generated_Source\PSoC5/cyfitter_cfg.c **** CY_CFG_UNUSED
ARM GAS  C:\Users\jdrd3\AppData\Local\Temp\ccxMI6Yg.s 			page 3


  89:Generated_Source\PSoC5/cyfitter_cfg.c **** static void CYCONFIGCPYCODE(void *dest, const void *src, size_t n);
  90:Generated_Source\PSoC5/cyfitter_cfg.c **** CY_CFG_UNUSED
  91:Generated_Source\PSoC5/cyfitter_cfg.c **** static void CYCONFIGCPYCODE(void *dest, const void *src, size_t n)
  92:Generated_Source\PSoC5/cyfitter_cfg.c **** {
  93:Generated_Source\PSoC5/cyfitter_cfg.c **** 	(void)memcpy(dest, src, n);
  94:Generated_Source\PSoC5/cyfitter_cfg.c **** }
  95:Generated_Source\PSoC5/cyfitter_cfg.c **** 
  96:Generated_Source\PSoC5/cyfitter_cfg.c **** 
  97:Generated_Source\PSoC5/cyfitter_cfg.c **** 
  98:Generated_Source\PSoC5/cyfitter_cfg.c **** 
  99:Generated_Source\PSoC5/cyfitter_cfg.c **** /* Clock startup error codes                                                   */
 100:Generated_Source\PSoC5/cyfitter_cfg.c **** #define CYCLOCKSTART_NO_ERROR    0u
 101:Generated_Source\PSoC5/cyfitter_cfg.c **** #define CYCLOCKSTART_XTAL_ERROR  1u
 102:Generated_Source\PSoC5/cyfitter_cfg.c **** #define CYCLOCKSTART_32KHZ_ERROR 2u
 103:Generated_Source\PSoC5/cyfitter_cfg.c **** #define CYCLOCKSTART_PLL_ERROR   3u
 104:Generated_Source\PSoC5/cyfitter_cfg.c **** #define CYCLOCKSTART_FLL_ERROR   4u
 105:Generated_Source\PSoC5/cyfitter_cfg.c **** #define CYCLOCKSTART_WCO_ERROR   5u
 106:Generated_Source\PSoC5/cyfitter_cfg.c **** 
 107:Generated_Source\PSoC5/cyfitter_cfg.c **** 
 108:Generated_Source\PSoC5/cyfitter_cfg.c **** #ifdef CY_NEED_CYCLOCKSTARTUPERROR
 109:Generated_Source\PSoC5/cyfitter_cfg.c **** /*******************************************************************************
 110:Generated_Source\PSoC5/cyfitter_cfg.c **** * Function Name: CyClockStartupError
 111:Generated_Source\PSoC5/cyfitter_cfg.c **** ********************************************************************************
 112:Generated_Source\PSoC5/cyfitter_cfg.c **** * Summary:
 113:Generated_Source\PSoC5/cyfitter_cfg.c **** *  If an error is encountered during clock configuration (crystal startup error,
 114:Generated_Source\PSoC5/cyfitter_cfg.c **** *  PLL lock error, etc.), the system will end up here.  Unless reimplemented by
 115:Generated_Source\PSoC5/cyfitter_cfg.c **** *  the customer, this function will stop in an infinite loop.
 116:Generated_Source\PSoC5/cyfitter_cfg.c **** *
 117:Generated_Source\PSoC5/cyfitter_cfg.c **** * Parameters:
 118:Generated_Source\PSoC5/cyfitter_cfg.c **** *   void
 119:Generated_Source\PSoC5/cyfitter_cfg.c **** *
 120:Generated_Source\PSoC5/cyfitter_cfg.c **** * Return:
 121:Generated_Source\PSoC5/cyfitter_cfg.c **** *   void
 122:Generated_Source\PSoC5/cyfitter_cfg.c **** *
 123:Generated_Source\PSoC5/cyfitter_cfg.c **** *******************************************************************************/
 124:Generated_Source\PSoC5/cyfitter_cfg.c **** CY_CFG_UNUSED
 125:Generated_Source\PSoC5/cyfitter_cfg.c **** static void CyClockStartupError(uint8 errorCode);
 126:Generated_Source\PSoC5/cyfitter_cfg.c **** CY_CFG_UNUSED
 127:Generated_Source\PSoC5/cyfitter_cfg.c **** static void CyClockStartupError(uint8 errorCode)
 128:Generated_Source\PSoC5/cyfitter_cfg.c **** {
  27              		.loc 1 128 0
  28              		.cfi_startproc
  29              		@ Volatile: function does not return.
  30              		@ args = 0, pretend = 0, frame = 0
  31              		@ frame_needed = 0, uses_anonymous_args = 0
  32              		@ link register save eliminated.
  33              	.LVL0:
  34              	.L2:
  35 0000 FEE7     		b	.L2
  36              		.cfi_endproc
  37              	.LFE3:
  38              		.size	CyClockStartupError, .-CyClockStartupError
  39 0002 00BF     		.section	.text.AnalogSetDefault,"ax",%progbits
  40              		.align	2
  41              		.thumb
  42              		.thumb_func
  43              		.type	AnalogSetDefault, %function
ARM GAS  C:\Users\jdrd3\AppData\Local\Temp\ccxMI6Yg.s 			page 4


  44              	AnalogSetDefault:
  45              	.LFB5:
 129:Generated_Source\PSoC5/cyfitter_cfg.c ****     /* To remove the compiler warning if errorCode not used.                */
 130:Generated_Source\PSoC5/cyfitter_cfg.c ****     errorCode = errorCode;
 131:Generated_Source\PSoC5/cyfitter_cfg.c **** 
 132:Generated_Source\PSoC5/cyfitter_cfg.c ****     /* If we have a clock startup error (bad MHz crystal, PLL lock, etc.),  */
 133:Generated_Source\PSoC5/cyfitter_cfg.c ****     /* we will end up here to allow the customer to implement something to  */
 134:Generated_Source\PSoC5/cyfitter_cfg.c ****     /* deal with the clock condition.                                       */
 135:Generated_Source\PSoC5/cyfitter_cfg.c **** 
 136:Generated_Source\PSoC5/cyfitter_cfg.c **** #ifdef CY_CFG_CLOCK_STARTUP_ERROR_CALLBACK
 137:Generated_Source\PSoC5/cyfitter_cfg.c ****     CY_CFG_Clock_Startup_ErrorCallback();
 138:Generated_Source\PSoC5/cyfitter_cfg.c **** #else
 139:Generated_Source\PSoC5/cyfitter_cfg.c ****     /*  If not using CY_CFG_CLOCK_STARTUP_ERROR_CALLBACK, place your clock startup code here. */
 140:Generated_Source\PSoC5/cyfitter_cfg.c ****     /* `#START CyClockStartupError` */
 141:Generated_Source\PSoC5/cyfitter_cfg.c **** 
 142:Generated_Source\PSoC5/cyfitter_cfg.c **** 
 143:Generated_Source\PSoC5/cyfitter_cfg.c **** 
 144:Generated_Source\PSoC5/cyfitter_cfg.c ****     /* `#END` */
 145:Generated_Source\PSoC5/cyfitter_cfg.c **** 
 146:Generated_Source\PSoC5/cyfitter_cfg.c ****     while(1) {}
 147:Generated_Source\PSoC5/cyfitter_cfg.c **** #endif /* CY_CFG_CLOCK_STARTUP_ERROR_CALLBACK */
 148:Generated_Source\PSoC5/cyfitter_cfg.c **** }
 149:Generated_Source\PSoC5/cyfitter_cfg.c **** #endif
 150:Generated_Source\PSoC5/cyfitter_cfg.c **** 
 151:Generated_Source\PSoC5/cyfitter_cfg.c **** /* IOPINS0_0 Address: CYREG_PRT0_DM0 Size (bytes): 8 */
 152:Generated_Source\PSoC5/cyfitter_cfg.c **** #define BS_IOPINS0_0_VAL ((const uint8 CYFAR *)0x48000000u)
 153:Generated_Source\PSoC5/cyfitter_cfg.c **** 
 154:Generated_Source\PSoC5/cyfitter_cfg.c **** /* IOPINS0_1 Address: CYREG_PRT1_DM0 Size (bytes): 8 */
 155:Generated_Source\PSoC5/cyfitter_cfg.c **** #define BS_IOPINS0_1_VAL ((const uint8 CYFAR *)0x48000008u)
 156:Generated_Source\PSoC5/cyfitter_cfg.c **** 
 157:Generated_Source\PSoC5/cyfitter_cfg.c **** 
 158:Generated_Source\PSoC5/cyfitter_cfg.c **** /*******************************************************************************
 159:Generated_Source\PSoC5/cyfitter_cfg.c **** * Function Name: ClockSetup
 160:Generated_Source\PSoC5/cyfitter_cfg.c **** ********************************************************************************
 161:Generated_Source\PSoC5/cyfitter_cfg.c **** *
 162:Generated_Source\PSoC5/cyfitter_cfg.c **** * Summary:
 163:Generated_Source\PSoC5/cyfitter_cfg.c **** *  Performs the initialization of all of the clocks in the device based on the
 164:Generated_Source\PSoC5/cyfitter_cfg.c **** *  settings in the Clock tab of the DWR.  This includes enabling the requested
 165:Generated_Source\PSoC5/cyfitter_cfg.c **** *  clocks and setting the necessary dividers to produce the desired frequency. 
 166:Generated_Source\PSoC5/cyfitter_cfg.c **** *
 167:Generated_Source\PSoC5/cyfitter_cfg.c **** * Parameters:
 168:Generated_Source\PSoC5/cyfitter_cfg.c **** *  void
 169:Generated_Source\PSoC5/cyfitter_cfg.c **** *
 170:Generated_Source\PSoC5/cyfitter_cfg.c **** * Return:
 171:Generated_Source\PSoC5/cyfitter_cfg.c **** *  void
 172:Generated_Source\PSoC5/cyfitter_cfg.c **** *
 173:Generated_Source\PSoC5/cyfitter_cfg.c **** *******************************************************************************/
 174:Generated_Source\PSoC5/cyfitter_cfg.c **** static void ClockSetup(void);
 175:Generated_Source\PSoC5/cyfitter_cfg.c **** static void ClockSetup(void)
 176:Generated_Source\PSoC5/cyfitter_cfg.c **** {
 177:Generated_Source\PSoC5/cyfitter_cfg.c **** 	uint32 timeout;
 178:Generated_Source\PSoC5/cyfitter_cfg.c **** 	uint8 pllLock;
 179:Generated_Source\PSoC5/cyfitter_cfg.c **** 
 180:Generated_Source\PSoC5/cyfitter_cfg.c **** 
 181:Generated_Source\PSoC5/cyfitter_cfg.c **** 	/* Configure ILO based on settings from Clock DWR */
 182:Generated_Source\PSoC5/cyfitter_cfg.c **** 	CY_SET_XTND_REG8((void CYFAR *)(CYREG_SLOWCLK_ILO_CR0), 0x02u);
 183:Generated_Source\PSoC5/cyfitter_cfg.c **** 	CY_SET_XTND_REG8((void CYFAR *)(CYREG_CLKDIST_CR), 0x08u);
ARM GAS  C:\Users\jdrd3\AppData\Local\Temp\ccxMI6Yg.s 			page 5


 184:Generated_Source\PSoC5/cyfitter_cfg.c **** 
 185:Generated_Source\PSoC5/cyfitter_cfg.c **** 	/* Configure IMO based on settings from Clock DWR */
 186:Generated_Source\PSoC5/cyfitter_cfg.c **** 	CY_SET_XTND_REG8((void CYFAR *)(CYREG_FASTCLK_IMO_CR), 0x03u);
 187:Generated_Source\PSoC5/cyfitter_cfg.c **** 	CY_SET_XTND_REG8((void CYFAR *)(CYREG_IMO_TR1), (CY_GET_XTND_REG8((void CYFAR *)CYREG_FLSHID_CUST_
 188:Generated_Source\PSoC5/cyfitter_cfg.c **** 
 189:Generated_Source\PSoC5/cyfitter_cfg.c **** 	/* Configure PLL based on settings from Clock DWR */
 190:Generated_Source\PSoC5/cyfitter_cfg.c **** 	CY_SET_XTND_REG16((void CYFAR *)(CYREG_FASTCLK_PLL_P), 0x0008u);
 191:Generated_Source\PSoC5/cyfitter_cfg.c **** 	CY_SET_XTND_REG16((void CYFAR *)(CYREG_FASTCLK_PLL_CFG0), 0x1251u);
 192:Generated_Source\PSoC5/cyfitter_cfg.c **** 	/* Wait up to 250us for the PLL to lock */
 193:Generated_Source\PSoC5/cyfitter_cfg.c **** 	pllLock = 0u;
 194:Generated_Source\PSoC5/cyfitter_cfg.c **** 	for (timeout = 250u / 10u; (timeout > 0u) && (pllLock != 0x03u); timeout--)
 195:Generated_Source\PSoC5/cyfitter_cfg.c **** 	{ 
 196:Generated_Source\PSoC5/cyfitter_cfg.c **** 		pllLock = 0x03u & ((uint8)((uint8)pllLock << 1) | ((CY_GET_XTND_REG8((void CYFAR *)CYREG_FASTCLK_
 197:Generated_Source\PSoC5/cyfitter_cfg.c **** 		CyDelayCycles(10u * 48u); /* Delay 10us based on 48MHz clock */
 198:Generated_Source\PSoC5/cyfitter_cfg.c **** 	}
 199:Generated_Source\PSoC5/cyfitter_cfg.c **** 	/* If we ran out of time the PLL didn't lock so go to the error function */
 200:Generated_Source\PSoC5/cyfitter_cfg.c **** 	if (timeout == 0u)
 201:Generated_Source\PSoC5/cyfitter_cfg.c **** 	{
 202:Generated_Source\PSoC5/cyfitter_cfg.c **** 		CyClockStartupError(CYCLOCKSTART_PLL_ERROR);
 203:Generated_Source\PSoC5/cyfitter_cfg.c **** 	}
 204:Generated_Source\PSoC5/cyfitter_cfg.c **** 
 205:Generated_Source\PSoC5/cyfitter_cfg.c **** 	/* Configure Bus/Master Clock based on settings from Clock DWR */
 206:Generated_Source\PSoC5/cyfitter_cfg.c **** 	CY_SET_XTND_REG16((void CYFAR *)(CYREG_CLKDIST_MSTR0), 0x0100u);
 207:Generated_Source\PSoC5/cyfitter_cfg.c **** 	CY_SET_XTND_REG8((void CYFAR *)(CYREG_CLKDIST_MSTR0), 0x07u);
 208:Generated_Source\PSoC5/cyfitter_cfg.c **** 	CY_SET_XTND_REG8((void CYFAR *)(CYREG_CLKDIST_BCFG0), 0x00u);
 209:Generated_Source\PSoC5/cyfitter_cfg.c **** 	CY_SET_XTND_REG8((void CYFAR *)(CYREG_CLKDIST_BCFG2), 0x48u);
 210:Generated_Source\PSoC5/cyfitter_cfg.c **** 	CY_SET_XTND_REG8((void CYFAR *)(CYREG_CLKDIST_MSTR0), 0x00u);
 211:Generated_Source\PSoC5/cyfitter_cfg.c **** 	CY_SET_XTND_REG8((void CYFAR *)(CYREG_CLKDIST_LD), 0x02u);
 212:Generated_Source\PSoC5/cyfitter_cfg.c **** }
 213:Generated_Source\PSoC5/cyfitter_cfg.c **** 
 214:Generated_Source\PSoC5/cyfitter_cfg.c **** 
 215:Generated_Source\PSoC5/cyfitter_cfg.c **** /* Analog API Functions */
 216:Generated_Source\PSoC5/cyfitter_cfg.c **** 
 217:Generated_Source\PSoC5/cyfitter_cfg.c **** 
 218:Generated_Source\PSoC5/cyfitter_cfg.c **** /*******************************************************************************
 219:Generated_Source\PSoC5/cyfitter_cfg.c **** * Function Name: AnalogSetDefault
 220:Generated_Source\PSoC5/cyfitter_cfg.c **** ********************************************************************************
 221:Generated_Source\PSoC5/cyfitter_cfg.c **** *
 222:Generated_Source\PSoC5/cyfitter_cfg.c **** * Summary:
 223:Generated_Source\PSoC5/cyfitter_cfg.c **** *  Sets up the analog portions of the chip to default values based on chip
 224:Generated_Source\PSoC5/cyfitter_cfg.c **** *  configuration options from the project.
 225:Generated_Source\PSoC5/cyfitter_cfg.c **** *
 226:Generated_Source\PSoC5/cyfitter_cfg.c **** * Parameters:
 227:Generated_Source\PSoC5/cyfitter_cfg.c **** *  void
 228:Generated_Source\PSoC5/cyfitter_cfg.c **** *
 229:Generated_Source\PSoC5/cyfitter_cfg.c **** * Return:
 230:Generated_Source\PSoC5/cyfitter_cfg.c **** *  void
 231:Generated_Source\PSoC5/cyfitter_cfg.c **** *
 232:Generated_Source\PSoC5/cyfitter_cfg.c **** *******************************************************************************/
 233:Generated_Source\PSoC5/cyfitter_cfg.c **** static void AnalogSetDefault(void);
 234:Generated_Source\PSoC5/cyfitter_cfg.c **** static void AnalogSetDefault(void)
 235:Generated_Source\PSoC5/cyfitter_cfg.c **** {
  46              		.loc 1 235 0
  47              		.cfi_startproc
  48              		@ args = 0, pretend = 0, frame = 0
  49              		@ frame_needed = 0, uses_anonymous_args = 0
  50              		@ link register save eliminated.
ARM GAS  C:\Users\jdrd3\AppData\Local\Temp\ccxMI6Yg.s 			page 6


 236:Generated_Source\PSoC5/cyfitter_cfg.c **** 	uint8 bg_xover_inl_trim = CY_GET_XTND_REG8((void CYFAR *)(CYREG_FLSHID_MFG_CFG_BG_XOVER_INL_TRIM +
  51              		.loc 1 236 0
  52 0000 064B     		ldr	r3, .L4
  53 0002 1B78     		ldrb	r3, [r3]	@ zero_extendqisi2
  54 0004 DBB2     		uxtb	r3, r3
  55              	.LVL1:
 237:Generated_Source\PSoC5/cyfitter_cfg.c **** 	CY_SET_XTND_REG8((void CYFAR *)(CYREG_BG_DFT0), (bg_xover_inl_trim & 0x07u));
  56              		.loc 1 237 0
  57 0006 03F00701 		and	r1, r3, #7
  58 000a 054A     		ldr	r2, .L4+4
  59 000c 1170     		strb	r1, [r2]
 238:Generated_Source\PSoC5/cyfitter_cfg.c **** 	CY_SET_XTND_REG8((void CYFAR *)(CYREG_BG_DFT1), ((bg_xover_inl_trim >> 4) & 0x0Fu));
  60              		.loc 1 238 0
  61 000e 1B09     		lsrs	r3, r3, #4
  62              	.LVL2:
  63 0010 0132     		adds	r2, r2, #1
  64 0012 1370     		strb	r3, [r2]
 239:Generated_Source\PSoC5/cyfitter_cfg.c **** 	CY_SET_XTND_REG8((void CYFAR *)CYREG_PUMP_CR0, 0x44u);
  65              		.loc 1 239 0
  66 0014 4422     		movs	r2, #68
  67 0016 034B     		ldr	r3, .L4+8
  68 0018 1A70     		strb	r2, [r3]
  69 001a 7047     		bx	lr
  70              	.L5:
  71              		.align	2
  72              	.L4:
  73 001c CF010049 		.word	1224737231
  74 0020 6E580040 		.word	1073764462
  75 0024 76580040 		.word	1073764470
  76              		.cfi_endproc
  77              	.LFE5:
  78              		.size	AnalogSetDefault, .-AnalogSetDefault
  79              		.section	.text.CYMEMZERO,"ax",%progbits
  80              		.align	2
  81              		.thumb
  82              		.thumb_func
  83              		.type	CYMEMZERO, %function
  84              	CYMEMZERO:
  85              	.LFB0:
  78:Generated_Source\PSoC5/cyfitter_cfg.c **** 	(void)memset(s, 0, n);
  86              		.loc 1 78 0
  87              		.cfi_startproc
  88              		@ args = 0, pretend = 0, frame = 0
  89              		@ frame_needed = 0, uses_anonymous_args = 0
  90              	.LVL3:
  91 0000 08B5     		push	{r3, lr}
  92              		.cfi_def_cfa_offset 8
  93              		.cfi_offset 3, -8
  94              		.cfi_offset 14, -4
  79:Generated_Source\PSoC5/cyfitter_cfg.c **** }
  95              		.loc 1 79 0
  96 0002 0A46     		mov	r2, r1
  97 0004 0021     		movs	r1, #0
  98              	.LVL4:
  99 0006 FFF7FEFF 		bl	memset
 100              	.LVL5:
 101 000a 08BD     		pop	{r3, pc}
ARM GAS  C:\Users\jdrd3\AppData\Local\Temp\ccxMI6Yg.s 			page 7


 102              		.cfi_endproc
 103              	.LFE0:
 104              		.size	CYMEMZERO, .-CYMEMZERO
 105              		.section	.text.ClockSetup,"ax",%progbits
 106              		.align	2
 107              		.thumb
 108              		.thumb_func
 109              		.type	ClockSetup, %function
 110              	ClockSetup:
 111              	.LFB4:
 176:Generated_Source\PSoC5/cyfitter_cfg.c **** 	uint32 timeout;
 112              		.loc 1 176 0
 113              		.cfi_startproc
 114              		@ args = 0, pretend = 0, frame = 0
 115              		@ frame_needed = 0, uses_anonymous_args = 0
 116 0000 38B5     		push	{r3, r4, r5, lr}
 117              		.cfi_def_cfa_offset 16
 118              		.cfi_offset 3, -16
 119              		.cfi_offset 4, -12
 120              		.cfi_offset 5, -8
 121              		.cfi_offset 14, -4
 182:Generated_Source\PSoC5/cyfitter_cfg.c **** 	CY_SET_XTND_REG8((void CYFAR *)(CYREG_CLKDIST_CR), 0x08u);
 122              		.loc 1 182 0
 123 0002 0222     		movs	r2, #2
 124 0004 1E4B     		ldr	r3, .L14
 125 0006 1A70     		strb	r2, [r3]
 183:Generated_Source\PSoC5/cyfitter_cfg.c **** 
 126              		.loc 1 183 0
 127 0008 0822     		movs	r2, #8
 128 000a 4FF04023 		mov	r3, #1073758208
 129 000e 1A70     		strb	r2, [r3]
 186:Generated_Source\PSoC5/cyfitter_cfg.c **** 	CY_SET_XTND_REG8((void CYFAR *)(CYREG_IMO_TR1), (CY_GET_XTND_REG8((void CYFAR *)CYREG_FLSHID_CUST_
 130              		.loc 1 186 0
 131 0010 0321     		movs	r1, #3
 132 0012 03F50073 		add	r3, r3, #512
 133 0016 1970     		strb	r1, [r3]
 187:Generated_Source\PSoC5/cyfitter_cfg.c **** 
 134              		.loc 1 187 0
 135 0018 1A4B     		ldr	r3, .L14+4
 136 001a 1B78     		ldrb	r3, [r3]	@ zero_extendqisi2
 137 001c DBB2     		uxtb	r3, r3
 138 001e 1A49     		ldr	r1, .L14+8
 139 0020 0B70     		strb	r3, [r1]
 190:Generated_Source\PSoC5/cyfitter_cfg.c **** 	CY_SET_XTND_REG16((void CYFAR *)(CYREG_FASTCLK_PLL_CFG0), 0x1251u);
 140              		.loc 1 190 0
 141 0022 1A4B     		ldr	r3, .L14+12
 142 0024 1A80     		strh	r2, [r3]	@ movhi
 191:Generated_Source\PSoC5/cyfitter_cfg.c **** 	/* Wait up to 250us for the PLL to lock */
 143              		.loc 1 191 0
 144 0026 41F25122 		movw	r2, #4689
 145 002a 023B     		subs	r3, r3, #2
 146 002c 1A80     		strh	r2, [r3]	@ movhi
 147              	.LVL6:
 193:Generated_Source\PSoC5/cyfitter_cfg.c **** 	for (timeout = 250u / 10u; (timeout > 0u) && (pllLock != 0x03u); timeout--)
 148              		.loc 1 193 0
 149 002e 0024     		movs	r4, #0
 194:Generated_Source\PSoC5/cyfitter_cfg.c **** 	{ 
ARM GAS  C:\Users\jdrd3\AppData\Local\Temp\ccxMI6Yg.s 			page 8


 150              		.loc 1 194 0
 151 0030 1925     		movs	r5, #25
 152 0032 0CE0     		b	.L9
 153              	.LVL7:
 154              	.L11:
 196:Generated_Source\PSoC5/cyfitter_cfg.c **** 		CyDelayCycles(10u * 48u); /* Delay 10us based on 48MHz clock */
 155              		.loc 1 196 0 discriminator 4
 156 0034 164B     		ldr	r3, .L14+16
 157 0036 1B78     		ldrb	r3, [r3]	@ zero_extendqisi2
 158 0038 03F00103 		and	r3, r3, #1
 159 003c 43EA4404 		orr	r4, r3, r4, lsl #1
 160              	.LVL8:
 161 0040 04F00304 		and	r4, r4, #3
 162              	.LVL9:
 197:Generated_Source\PSoC5/cyfitter_cfg.c **** 	}
 163              		.loc 1 197 0 discriminator 4
 164 0044 4FF4F070 		mov	r0, #480
 165 0048 FFF7FEFF 		bl	CyDelayCycles
 166              	.LVL10:
 194:Generated_Source\PSoC5/cyfitter_cfg.c **** 	{ 
 167              		.loc 1 194 0 discriminator 4
 168 004c 013D     		subs	r5, r5, #1
 169              	.LVL11:
 170              	.L9:
 194:Generated_Source\PSoC5/cyfitter_cfg.c **** 	{ 
 171              		.loc 1 194 0 is_stmt 0 discriminator 1
 172 004e 0DB1     		cbz	r5, .L10
 194:Generated_Source\PSoC5/cyfitter_cfg.c **** 	{ 
 173              		.loc 1 194 0 discriminator 3
 174 0050 032C     		cmp	r4, #3
 175 0052 EFD1     		bne	.L11
 176              	.L10:
 200:Generated_Source\PSoC5/cyfitter_cfg.c **** 	{
 177              		.loc 1 200 0 is_stmt 1
 178 0054 15B9     		cbnz	r5, .L12
 202:Generated_Source\PSoC5/cyfitter_cfg.c **** 	}
 179              		.loc 1 202 0
 180 0056 0320     		movs	r0, #3
 181 0058 FFF7FEFF 		bl	CyClockStartupError
 182              	.LVL12:
 183              	.L12:
 206:Generated_Source\PSoC5/cyfitter_cfg.c **** 	CY_SET_XTND_REG8((void CYFAR *)(CYREG_CLKDIST_MSTR0), 0x07u);
 184              		.loc 1 206 0
 185 005c 0D4B     		ldr	r3, .L14+20
 186 005e 4FF48072 		mov	r2, #256
 187 0062 1A80     		strh	r2, [r3]	@ movhi
 207:Generated_Source\PSoC5/cyfitter_cfg.c **** 	CY_SET_XTND_REG8((void CYFAR *)(CYREG_CLKDIST_BCFG0), 0x00u);
 188              		.loc 1 207 0
 189 0064 0722     		movs	r2, #7
 190 0066 1A70     		strb	r2, [r3]
 208:Generated_Source\PSoC5/cyfitter_cfg.c **** 	CY_SET_XTND_REG8((void CYFAR *)(CYREG_CLKDIST_BCFG2), 0x48u);
 191              		.loc 1 208 0
 192 0068 0022     		movs	r2, #0
 193 006a 0B49     		ldr	r1, .L14+24
 194 006c 0A70     		strb	r2, [r1]
 209:Generated_Source\PSoC5/cyfitter_cfg.c **** 	CY_SET_XTND_REG8((void CYFAR *)(CYREG_CLKDIST_MSTR0), 0x00u);
 195              		.loc 1 209 0
ARM GAS  C:\Users\jdrd3\AppData\Local\Temp\ccxMI6Yg.s 			page 9


 196 006e 4820     		movs	r0, #72
 197 0070 0231     		adds	r1, r1, #2
 198 0072 0870     		strb	r0, [r1]
 210:Generated_Source\PSoC5/cyfitter_cfg.c **** 	CY_SET_XTND_REG8((void CYFAR *)(CYREG_CLKDIST_LD), 0x02u);
 199              		.loc 1 210 0
 200 0074 1A70     		strb	r2, [r3]
 211:Generated_Source\PSoC5/cyfitter_cfg.c **** }
 201              		.loc 1 211 0
 202 0076 0222     		movs	r2, #2
 203 0078 033B     		subs	r3, r3, #3
 204 007a 1A70     		strb	r2, [r3]
 205 007c 38BD     		pop	{r3, r4, r5, pc}
 206              	.LVL13:
 207              	.L15:
 208 007e 00BF     		.align	2
 209              	.L14:
 210 0080 00430040 		.word	1073758976
 211 0084 08010049 		.word	1224737032
 212 0088 A1460040 		.word	1073759905
 213 008c 22420040 		.word	1073758754
 214 0090 25420040 		.word	1073758757
 215 0094 04400040 		.word	1073758212
 216 0098 06400040 		.word	1073758214
 217              		.cfi_endproc
 218              	.LFE4:
 219              		.size	ClockSetup, .-ClockSetup
 220              		.section	.text.CYCONFIGCPY,"ax",%progbits
 221              		.align	2
 222              		.thumb
 223              		.thumb_func
 224              		.type	CYCONFIGCPY, %function
 225              	CYCONFIGCPY:
 226              	.LFB1:
  85:Generated_Source\PSoC5/cyfitter_cfg.c **** 	(void)memcpy(dest, src, n);
 227              		.loc 1 85 0
 228              		.cfi_startproc
 229              		@ args = 0, pretend = 0, frame = 0
 230              		@ frame_needed = 0, uses_anonymous_args = 0
 231              	.LVL14:
 232 0000 08B5     		push	{r3, lr}
 233              		.cfi_def_cfa_offset 8
 234              		.cfi_offset 3, -8
 235              		.cfi_offset 14, -4
  86:Generated_Source\PSoC5/cyfitter_cfg.c **** }
 236              		.loc 1 86 0
 237 0002 FFF7FEFF 		bl	memcpy
 238              	.LVL15:
 239 0006 08BD     		pop	{r3, pc}
 240              		.cfi_endproc
 241              	.LFE1:
 242              		.size	CYCONFIGCPY, .-CYCONFIGCPY
 243              		.section	.text.SetAnalogRoutingPumps,"ax",%progbits
 244              		.align	2
 245              		.global	SetAnalogRoutingPumps
 246              		.thumb
 247              		.thumb_func
 248              		.type	SetAnalogRoutingPumps, %function
ARM GAS  C:\Users\jdrd3\AppData\Local\Temp\ccxMI6Yg.s 			page 10


 249              	SetAnalogRoutingPumps:
 250              	.LFB6:
 240:Generated_Source\PSoC5/cyfitter_cfg.c **** }
 241:Generated_Source\PSoC5/cyfitter_cfg.c **** 
 242:Generated_Source\PSoC5/cyfitter_cfg.c **** 
 243:Generated_Source\PSoC5/cyfitter_cfg.c **** /*******************************************************************************
 244:Generated_Source\PSoC5/cyfitter_cfg.c **** * Function Name: SetAnalogRoutingPumps
 245:Generated_Source\PSoC5/cyfitter_cfg.c **** ********************************************************************************
 246:Generated_Source\PSoC5/cyfitter_cfg.c **** *
 247:Generated_Source\PSoC5/cyfitter_cfg.c **** * Summary:
 248:Generated_Source\PSoC5/cyfitter_cfg.c **** * Enables or disables the analog pumps feeding analog routing switches.
 249:Generated_Source\PSoC5/cyfitter_cfg.c **** * Intended to be called at startup, based on the Vdda system configuration;
 250:Generated_Source\PSoC5/cyfitter_cfg.c **** * may be called during operation when the user informs us that the Vdda voltage
 251:Generated_Source\PSoC5/cyfitter_cfg.c **** * crossed the pump threshold.
 252:Generated_Source\PSoC5/cyfitter_cfg.c **** *
 253:Generated_Source\PSoC5/cyfitter_cfg.c **** * Parameters:
 254:Generated_Source\PSoC5/cyfitter_cfg.c **** *  enabled - 1 to enable the pumps, 0 to disable the pumps
 255:Generated_Source\PSoC5/cyfitter_cfg.c **** *
 256:Generated_Source\PSoC5/cyfitter_cfg.c **** * Return:
 257:Generated_Source\PSoC5/cyfitter_cfg.c **** *  void
 258:Generated_Source\PSoC5/cyfitter_cfg.c **** *
 259:Generated_Source\PSoC5/cyfitter_cfg.c **** *******************************************************************************/
 260:Generated_Source\PSoC5/cyfitter_cfg.c **** void SetAnalogRoutingPumps(uint8 enabled)
 261:Generated_Source\PSoC5/cyfitter_cfg.c **** {
 251              		.loc 1 261 0
 252              		.cfi_startproc
 253              		@ args = 0, pretend = 0, frame = 0
 254              		@ frame_needed = 0, uses_anonymous_args = 0
 255              		@ link register save eliminated.
 256              	.LVL16:
 262:Generated_Source\PSoC5/cyfitter_cfg.c **** 	uint8 regValue = CY_GET_XTND_REG8((void CYFAR *)CYREG_PUMP_CR0);
 257              		.loc 1 262 0
 258 0000 024A     		ldr	r2, .L19
 259 0002 1378     		ldrb	r3, [r2]	@ zero_extendqisi2
 260 0004 DBB2     		uxtb	r3, r3
 261              	.LVL17:
 263:Generated_Source\PSoC5/cyfitter_cfg.c **** 	if (enabled != 0u)
 264:Generated_Source\PSoC5/cyfitter_cfg.c **** 	{
 265:Generated_Source\PSoC5/cyfitter_cfg.c **** 		regValue |= 0x00u;
 266:Generated_Source\PSoC5/cyfitter_cfg.c **** 	}
 267:Generated_Source\PSoC5/cyfitter_cfg.c **** 	else
 268:Generated_Source\PSoC5/cyfitter_cfg.c **** 	{
 269:Generated_Source\PSoC5/cyfitter_cfg.c **** 		regValue &= (uint8)~0x00u;
 270:Generated_Source\PSoC5/cyfitter_cfg.c **** 	}
 271:Generated_Source\PSoC5/cyfitter_cfg.c **** 	CY_SET_XTND_REG8((void CYFAR *)CYREG_PUMP_CR0, regValue);
 262              		.loc 1 271 0
 263 0006 1370     		strb	r3, [r2]
 264 0008 7047     		bx	lr
 265              	.L20:
 266 000a 00BF     		.align	2
 267              	.L19:
 268 000c 76580040 		.word	1073764470
 269              		.cfi_endproc
 270              	.LFE6:
 271              		.size	SetAnalogRoutingPumps, .-SetAnalogRoutingPumps
 272              		.section	.text.cyfitter_cfg,"ax",%progbits
 273              		.align	2
ARM GAS  C:\Users\jdrd3\AppData\Local\Temp\ccxMI6Yg.s 			page 11


 274              		.global	cyfitter_cfg
 275              		.thumb
 276              		.thumb_func
 277              		.type	cyfitter_cfg, %function
 278              	cyfitter_cfg:
 279              	.LFB7:
 272:Generated_Source\PSoC5/cyfitter_cfg.c **** }
 273:Generated_Source\PSoC5/cyfitter_cfg.c **** 
 274:Generated_Source\PSoC5/cyfitter_cfg.c **** 
 275:Generated_Source\PSoC5/cyfitter_cfg.c **** 
 276:Generated_Source\PSoC5/cyfitter_cfg.c **** 
 277:Generated_Source\PSoC5/cyfitter_cfg.c **** /*******************************************************************************
 278:Generated_Source\PSoC5/cyfitter_cfg.c **** * Function Name: cyfitter_cfg
 279:Generated_Source\PSoC5/cyfitter_cfg.c **** ********************************************************************************
 280:Generated_Source\PSoC5/cyfitter_cfg.c **** * Summary:
 281:Generated_Source\PSoC5/cyfitter_cfg.c **** *  This function is called by the start-up code for the selected device. It
 282:Generated_Source\PSoC5/cyfitter_cfg.c **** *  performs all of the necessary device configuration based on the design
 283:Generated_Source\PSoC5/cyfitter_cfg.c **** *  settings.  This includes settings from the Design Wide Resources (DWR) such
 284:Generated_Source\PSoC5/cyfitter_cfg.c **** *  as Clocks and Pins as well as any component configuration that is necessary.
 285:Generated_Source\PSoC5/cyfitter_cfg.c **** *
 286:Generated_Source\PSoC5/cyfitter_cfg.c **** * Parameters:
 287:Generated_Source\PSoC5/cyfitter_cfg.c **** *   void
 288:Generated_Source\PSoC5/cyfitter_cfg.c **** *
 289:Generated_Source\PSoC5/cyfitter_cfg.c **** * Return:
 290:Generated_Source\PSoC5/cyfitter_cfg.c **** *   void
 291:Generated_Source\PSoC5/cyfitter_cfg.c **** *
 292:Generated_Source\PSoC5/cyfitter_cfg.c **** *******************************************************************************/
 293:Generated_Source\PSoC5/cyfitter_cfg.c **** 
 294:Generated_Source\PSoC5/cyfitter_cfg.c **** void cyfitter_cfg(void)
 295:Generated_Source\PSoC5/cyfitter_cfg.c **** {
 280              		.loc 1 295 0
 281              		.cfi_startproc
 282              		@ args = 0, pretend = 0, frame = 0
 283              		@ frame_needed = 0, uses_anonymous_args = 0
 284 0000 38B5     		push	{r3, r4, r5, lr}
 285              		.cfi_def_cfa_offset 16
 286              		.cfi_offset 3, -16
 287              		.cfi_offset 4, -12
 288              		.cfi_offset 5, -8
 289              		.cfi_offset 14, -4
 296:Generated_Source\PSoC5/cyfitter_cfg.c **** #ifdef CYGlobalIntDisable
 297:Generated_Source\PSoC5/cyfitter_cfg.c **** 	/* Disable interrupts by default. Let user enable if/when they want. */
 298:Generated_Source\PSoC5/cyfitter_cfg.c **** 	CYGlobalIntDisable
 290              		.loc 1 298 0
 291              		.syntax unified
 292              	@ 298 "Generated_Source\PSoC5\cyfitter_cfg.c" 1
 293 0002 72B6     		CPSID   i
 294              	@ 0 "" 2
 299:Generated_Source\PSoC5/cyfitter_cfg.c **** #endif
 300:Generated_Source\PSoC5/cyfitter_cfg.c **** 
 301:Generated_Source\PSoC5/cyfitter_cfg.c **** 	/* Enable/Disable Debug functionality based on settings from System DWR */
 302:Generated_Source\PSoC5/cyfitter_cfg.c **** 	CY_SET_XTND_REG8((void CYFAR *)CYREG_MLOGIC_DEBUG, (CY_GET_XTND_REG8((void CYFAR *)CYREG_MLOGIC_DE
 295              		.loc 1 302 0
 296              		.thumb
 297              		.syntax unified
 298 0004 204A     		ldr	r2, .L25
 299 0006 1378     		ldrb	r3, [r2]	@ zero_extendqisi2
ARM GAS  C:\Users\jdrd3\AppData\Local\Temp\ccxMI6Yg.s 			page 12


 300 0008 43F00403 		orr	r3, r3, #4
 301 000c 1370     		strb	r3, [r2]
 302              	.LVL18:
 303              	.LBB2:
 303:Generated_Source\PSoC5/cyfitter_cfg.c **** 
 304:Generated_Source\PSoC5/cyfitter_cfg.c **** 	{
 305:Generated_Source\PSoC5/cyfitter_cfg.c **** 
 306:Generated_Source\PSoC5/cyfitter_cfg.c **** 		CYPACKED typedef struct {
 307:Generated_Source\PSoC5/cyfitter_cfg.c **** 			void CYFAR *address;
 308:Generated_Source\PSoC5/cyfitter_cfg.c **** 			uint16 size;
 309:Generated_Source\PSoC5/cyfitter_cfg.c **** 		} CYPACKED_ATTR cfg_memset_t;
 310:Generated_Source\PSoC5/cyfitter_cfg.c **** 
 311:Generated_Source\PSoC5/cyfitter_cfg.c **** 		static const cfg_memset_t CYCODE cfg_memset_list[] = {
 312:Generated_Source\PSoC5/cyfitter_cfg.c **** 			/* address, size */
 313:Generated_Source\PSoC5/cyfitter_cfg.c **** 			{(void CYFAR *)(CYREG_PRT2_DR), 80u},
 314:Generated_Source\PSoC5/cyfitter_cfg.c **** 			{(void CYFAR *)(CYREG_PRT12_DR), 16u},
 315:Generated_Source\PSoC5/cyfitter_cfg.c **** 			{(void CYFAR *)(CYREG_PRT15_DR), 16u},
 316:Generated_Source\PSoC5/cyfitter_cfg.c **** 			{(void CYFAR *)(CYDEV_UCFG_B0_P0_U0_BASE), 4096u},
 317:Generated_Source\PSoC5/cyfitter_cfg.c **** 			{(void CYFAR *)(CYDEV_UCFG_B1_P2_U0_BASE), 2048u},
 318:Generated_Source\PSoC5/cyfitter_cfg.c **** 			{(void CYFAR *)(CYDEV_UCFG_DSI0_BASE), 2560u},
 319:Generated_Source\PSoC5/cyfitter_cfg.c **** 			{(void CYFAR *)(CYDEV_UCFG_DSI12_BASE), 512u},
 320:Generated_Source\PSoC5/cyfitter_cfg.c **** 			{(void CYFAR *)(CYREG_BCTL0_MDCLK_EN), 32u},
 321:Generated_Source\PSoC5/cyfitter_cfg.c **** 		};
 322:Generated_Source\PSoC5/cyfitter_cfg.c **** 
 323:Generated_Source\PSoC5/cyfitter_cfg.c **** 		uint8 CYDATA i;
 324:Generated_Source\PSoC5/cyfitter_cfg.c **** 
 325:Generated_Source\PSoC5/cyfitter_cfg.c **** 		/* Zero out critical memory blocks before beginning configuration */
 326:Generated_Source\PSoC5/cyfitter_cfg.c **** 		for (i = 0u; i < (sizeof(cfg_memset_list)/sizeof(cfg_memset_list[0])); i++)
 304              		.loc 1 326 0
 305 000e 0024     		movs	r4, #0
 306 0010 0CE0     		b	.L22
 307              	.LVL19:
 308              	.L23:
 309              	.LBB3:
 327:Generated_Source\PSoC5/cyfitter_cfg.c **** 		{
 328:Generated_Source\PSoC5/cyfitter_cfg.c **** 			const cfg_memset_t CYCODE * CYDATA ms = &cfg_memset_list[i];
 329:Generated_Source\PSoC5/cyfitter_cfg.c **** 			CYMEMZERO(ms->address, (size_t)(uint32)(ms->size));
 310              		.loc 1 329 0 discriminator 3
 311 0012 1E4D     		ldr	r5, .L25+4
 312 0014 6300     		lsls	r3, r4, #1
 313 0016 1919     		adds	r1, r3, r4
 314 0018 4A00     		lsls	r2, r1, #1
 315 001a 1146     		mov	r1, r2
 316 001c 2A44     		add	r2, r2, r5
 317 001e 0846     		mov	r0, r1
 318 0020 9188     		ldrh	r1, [r2, #4]
 319 0022 2858     		ldr	r0, [r5, r0]	@ unaligned
 320 0024 FFF7FEFF 		bl	CYMEMZERO
 321              	.LVL20:
 322              	.LBE3:
 326:Generated_Source\PSoC5/cyfitter_cfg.c **** 		{
 323              		.loc 1 326 0 discriminator 3
 324 0028 0134     		adds	r4, r4, #1
 325              	.LVL21:
 326 002a E4B2     		uxtb	r4, r4
 327              	.LVL22:
 328              	.L22:
ARM GAS  C:\Users\jdrd3\AppData\Local\Temp\ccxMI6Yg.s 			page 13


 326:Generated_Source\PSoC5/cyfitter_cfg.c **** 		{
 329              		.loc 1 326 0 is_stmt 0 discriminator 1
 330 002c 072C     		cmp	r4, #7
 331 002e F0D9     		bls	.L23
 330:Generated_Source\PSoC5/cyfitter_cfg.c **** 		}
 331:Generated_Source\PSoC5/cyfitter_cfg.c **** 
 332:Generated_Source\PSoC5/cyfitter_cfg.c **** 		/* Enable digital routing */
 333:Generated_Source\PSoC5/cyfitter_cfg.c **** 		CY_SET_XTND_REG8((void CYFAR *)CYREG_BCTL0_BANK_CTL, CY_GET_XTND_REG8((void CYFAR *)CYREG_BCTL0_B
 332              		.loc 1 333 0 is_stmt 1
 333 0030 174A     		ldr	r2, .L25+8
 334 0032 1378     		ldrb	r3, [r2]	@ zero_extendqisi2
 335 0034 43F00203 		orr	r3, r3, #2
 336 0038 1370     		strb	r3, [r2]
 334:Generated_Source\PSoC5/cyfitter_cfg.c **** 		CY_SET_XTND_REG8((void CYFAR *)CYREG_BCTL1_BANK_CTL, CY_GET_XTND_REG8((void CYFAR *)CYREG_BCTL1_B
 337              		.loc 1 334 0
 338 003a 1032     		adds	r2, r2, #16
 339 003c 1378     		ldrb	r3, [r2]	@ zero_extendqisi2
 340 003e 43F00203 		orr	r3, r3, #2
 341 0042 1370     		strb	r3, [r2]
 342              	.LBE2:
 335:Generated_Source\PSoC5/cyfitter_cfg.c **** 	}
 336:Generated_Source\PSoC5/cyfitter_cfg.c **** 
 337:Generated_Source\PSoC5/cyfitter_cfg.c **** 
 338:Generated_Source\PSoC5/cyfitter_cfg.c **** 	/* Perform second pass device configuration. These items must be configured in specific order afte
 339:Generated_Source\PSoC5/cyfitter_cfg.c **** 	CYCONFIGCPY((void CYFAR *)(CYREG_PRT0_DM0), (const void CYFAR *)(BS_IOPINS0_0_VAL), 8u);
 343              		.loc 1 339 0
 344 0044 0822     		movs	r2, #8
 345 0046 4FF09041 		mov	r1, #1207959552
 346 004a 1248     		ldr	r0, .L25+12
 347 004c FFF7FEFF 		bl	CYCONFIGCPY
 348              	.LVL23:
 340:Generated_Source\PSoC5/cyfitter_cfg.c **** 	CYCONFIGCPY((void CYFAR *)(CYREG_PRT1_DM0), (const void CYFAR *)(BS_IOPINS0_1_VAL), 8u);
 349              		.loc 1 340 0
 350 0050 0822     		movs	r2, #8
 351 0052 1149     		ldr	r1, .L25+16
 352 0054 1148     		ldr	r0, .L25+20
 353 0056 FFF7FEFF 		bl	CYCONFIGCPY
 354              	.LVL24:
 341:Generated_Source\PSoC5/cyfitter_cfg.c **** 	/* Switch Boost to the precision bandgap reference from its internal reference */
 342:Generated_Source\PSoC5/cyfitter_cfg.c **** 	CY_SET_REG8((void CYXDATA *)CYREG_BOOST_CR2, (CY_GET_REG8((void CYXDATA *)CYREG_BOOST_CR2) | 0x08u
 355              		.loc 1 342 0
 356 005a 114A     		ldr	r2, .L25+24
 357 005c 1378     		ldrb	r3, [r2]	@ zero_extendqisi2
 358 005e 43F00803 		orr	r3, r3, #8
 359 0062 1370     		strb	r3, [r2]
 343:Generated_Source\PSoC5/cyfitter_cfg.c **** 
 344:Generated_Source\PSoC5/cyfitter_cfg.c **** 	/* Set Flash Cycles based on max possible frequency in case a glitch occurs during ClockSetup(). *
 345:Generated_Source\PSoC5/cyfitter_cfg.c **** 	CY_SET_XTND_REG8((void CYFAR *)(CYREG_CACHE_CC_CTL), (((CYDEV_INSTRUCT_CACHE_ENABLED) != 0) ? 0x61
 360              		.loc 1 345 0
 361 0064 0F4C     		ldr	r4, .L25+28
 362              	.LVL25:
 363 0066 6123     		movs	r3, #97
 364 0068 2370     		strb	r3, [r4]
 346:Generated_Source\PSoC5/cyfitter_cfg.c **** 	/* Setup clocks based on selections from Clock DWR */
 347:Generated_Source\PSoC5/cyfitter_cfg.c **** 	ClockSetup();
 365              		.loc 1 347 0
 366 006a FFF7FEFF 		bl	ClockSetup
ARM GAS  C:\Users\jdrd3\AppData\Local\Temp\ccxMI6Yg.s 			page 14


 367              	.LVL26:
 348:Generated_Source\PSoC5/cyfitter_cfg.c **** 	/* Set Flash Cycles based on newly configured 24.00MHz Bus Clock. */
 349:Generated_Source\PSoC5/cyfitter_cfg.c **** 	CY_SET_XTND_REG8((void CYFAR *)(CYREG_CACHE_CC_CTL), (((CYDEV_INSTRUCT_CACHE_ENABLED) != 0) ? 0x81
 368              		.loc 1 349 0
 369 006e 8123     		movs	r3, #129
 370 0070 2370     		strb	r3, [r4]
 350:Generated_Source\PSoC5/cyfitter_cfg.c **** 	CY_SET_XTND_REG8((void CYFAR *)(CYREG_PANTHER_WAITPIPE), 0x01u);
 371              		.loc 1 350 0
 372 0072 0122     		movs	r2, #1
 373 0074 0C4B     		ldr	r3, .L25+32
 374 0076 1A70     		strb	r2, [r3]
 351:Generated_Source\PSoC5/cyfitter_cfg.c **** 
 352:Generated_Source\PSoC5/cyfitter_cfg.c **** 	/* Perform basic analog initialization to defaults */
 353:Generated_Source\PSoC5/cyfitter_cfg.c **** 	AnalogSetDefault();
 375              		.loc 1 353 0
 376 0078 FFF7FEFF 		bl	AnalogSetDefault
 377              	.LVL27:
 354:Generated_Source\PSoC5/cyfitter_cfg.c **** 
 355:Generated_Source\PSoC5/cyfitter_cfg.c **** 	/* Configure alternate active mode */
 356:Generated_Source\PSoC5/cyfitter_cfg.c **** 	CYCONFIGCPY((void CYFAR *)CYDEV_PM_STBY_BASE, (const void CYFAR *)CYDEV_PM_ACT_BASE, 14u);
 378              		.loc 1 356 0
 379 007c 0E22     		movs	r2, #14
 380 007e 0B49     		ldr	r1, .L25+36
 381 0080 0B48     		ldr	r0, .L25+40
 382 0082 FFF7FEFF 		bl	CYCONFIGCPY
 383              	.LVL28:
 384 0086 38BD     		pop	{r3, r4, r5, pc}
 385              	.L26:
 386              		.align	2
 387              	.L25:
 388 0088 E8460040 		.word	1073759976
 389 008c 00000000 		.word	.LANCHOR0
 390 0090 03500140 		.word	1073827843
 391 0094 02510040 		.word	1073762562
 392 0098 08000048 		.word	1207959560
 393 009c 12510040 		.word	1073762578
 394 00a0 22430040 		.word	1073759010
 395 00a4 00480040 		.word	1073760256
 396 00a8 04000840 		.word	1074266116
 397 00ac A0430040 		.word	1073759136
 398 00b0 B0430040 		.word	1073759152
 399              		.cfi_endproc
 400              	.LFE7:
 401              		.size	cyfitter_cfg, .-cyfitter_cfg
 402              		.section	.rodata
 403              		.align	2
 404              		.set	.LANCHOR0,. + 0
 405              		.type	cfg_memset_list.4992, %object
 406              		.size	cfg_memset_list.4992, 48
 407              	cfg_memset_list.4992:
 408 0000 20510040 		.word	1073762592
 409 0004 5000     		.short	80
 410 0006 C0510040 		.4byte	1073762752
 411 000a 1000     		.short	16
 412 000c F0510040 		.word	1073762800
 413 0010 1000     		.short	16
 414 0012 00000140 		.4byte	1073807360
ARM GAS  C:\Users\jdrd3\AppData\Local\Temp\ccxMI6Yg.s 			page 15


 415 0016 0010     		.short	4096
 416 0018 00140140 		.word	1073812480
 417 001c 0008     		.short	2048
 418 001e 00400140 		.4byte	1073823744
 419 0022 000A     		.short	2560
 420 0024 004C0140 		.word	1073826816
 421 0028 0002     		.short	512
 422 002a 00500140 		.4byte	1073827840
 423 002e 2000     		.short	32
 424              		.text
 425              	.Letext0:
 426              		.file 2 "c:\\program files (x86)\\cypress\\psoc creator\\4.2\\psoc creator\\import\\gnu\\arm\\5.4.
 427              		.file 3 "Generated_Source\\PSoC5\\cytypes.h"
 428              		.file 4 "Generated_Source\\PSoC5\\CyLib.h"
 429              		.section	.debug_info,"",%progbits
 430              	.Ldebug_info0:
 431 0000 CD030000 		.4byte	0x3cd
 432 0004 0400     		.2byte	0x4
 433 0006 00000000 		.4byte	.Ldebug_abbrev0
 434 000a 04       		.byte	0x4
 435 000b 01       		.uleb128 0x1
 436 000c D8000000 		.4byte	.LASF39
 437 0010 0C       		.byte	0xc
 438 0011 34020000 		.4byte	.LASF40
 439 0015 6A000000 		.4byte	.LASF41
 440 0019 00000000 		.4byte	.Ldebug_ranges0+0
 441 001d 00000000 		.4byte	0
 442 0021 00000000 		.4byte	.Ldebug_line0
 443 0025 02       		.uleb128 0x2
 444 0026 04       		.byte	0x4
 445 0027 05       		.byte	0x5
 446 0028 696E7400 		.ascii	"int\000"
 447 002c 03       		.uleb128 0x3
 448 002d 14000000 		.4byte	.LASF12
 449 0031 02       		.byte	0x2
 450 0032 D8       		.byte	0xd8
 451 0033 37000000 		.4byte	0x37
 452 0037 04       		.uleb128 0x4
 453 0038 04       		.byte	0x4
 454 0039 07       		.byte	0x7
 455 003a E4010000 		.4byte	.LASF0
 456 003e 04       		.uleb128 0x4
 457 003f 08       		.byte	0x8
 458 0040 05       		.byte	0x5
 459 0041 26020000 		.4byte	.LASF1
 460 0045 04       		.uleb128 0x4
 461 0046 08       		.byte	0x8
 462 0047 04       		.byte	0x4
 463 0048 81020000 		.4byte	.LASF2
 464 004c 04       		.uleb128 0x4
 465 004d 01       		.byte	0x1
 466 004e 06       		.byte	0x6
 467 004f 9F020000 		.4byte	.LASF3
 468 0053 04       		.uleb128 0x4
 469 0054 01       		.byte	0x1
 470 0055 08       		.byte	0x8
 471 0056 A3010000 		.4byte	.LASF4
ARM GAS  C:\Users\jdrd3\AppData\Local\Temp\ccxMI6Yg.s 			page 16


 472 005a 04       		.uleb128 0x4
 473 005b 02       		.byte	0x2
 474 005c 05       		.byte	0x5
 475 005d 61020000 		.4byte	.LASF5
 476 0061 04       		.uleb128 0x4
 477 0062 02       		.byte	0x2
 478 0063 07       		.byte	0x7
 479 0064 4F000000 		.4byte	.LASF6
 480 0068 04       		.uleb128 0x4
 481 0069 04       		.byte	0x4
 482 006a 05       		.byte	0x5
 483 006b 73020000 		.4byte	.LASF7
 484 006f 04       		.uleb128 0x4
 485 0070 04       		.byte	0x4
 486 0071 07       		.byte	0x7
 487 0072 6B010000 		.4byte	.LASF8
 488 0076 04       		.uleb128 0x4
 489 0077 08       		.byte	0x8
 490 0078 07       		.byte	0x7
 491 0079 F9010000 		.4byte	.LASF9
 492 007d 04       		.uleb128 0x4
 493 007e 04       		.byte	0x4
 494 007f 07       		.byte	0x7
 495 0080 1D020000 		.4byte	.LASF10
 496 0084 05       		.uleb128 0x5
 497 0085 04       		.byte	0x4
 498 0086 04       		.uleb128 0x4
 499 0087 01       		.byte	0x1
 500 0088 08       		.byte	0x8
 501 0089 7C020000 		.4byte	.LASF11
 502 008d 06       		.uleb128 0x6
 503 008e 7D010000 		.4byte	.LASF13
 504 0092 03       		.byte	0x3
 505 0093 E401     		.2byte	0x1e4
 506 0095 53000000 		.4byte	0x53
 507 0099 06       		.uleb128 0x6
 508 009a CC010000 		.4byte	.LASF14
 509 009e 03       		.byte	0x3
 510 009f E501     		.2byte	0x1e5
 511 00a1 61000000 		.4byte	0x61
 512 00a5 06       		.uleb128 0x6
 513 00a6 DD010000 		.4byte	.LASF15
 514 00aa 03       		.byte	0x3
 515 00ab E601     		.2byte	0x1e6
 516 00ad 6F000000 		.4byte	0x6f
 517 00b1 04       		.uleb128 0x4
 518 00b2 04       		.byte	0x4
 519 00b3 04       		.byte	0x4
 520 00b4 B4000000 		.4byte	.LASF16
 521 00b8 04       		.uleb128 0x4
 522 00b9 08       		.byte	0x8
 523 00ba 04       		.byte	0x4
 524 00bb B8010000 		.4byte	.LASF17
 525 00bf 06       		.uleb128 0x6
 526 00c0 66010000 		.4byte	.LASF18
 527 00c4 03       		.byte	0x3
 528 00c5 8E02     		.2byte	0x28e
ARM GAS  C:\Users\jdrd3\AppData\Local\Temp\ccxMI6Yg.s 			page 17


 529 00c7 CB000000 		.4byte	0xcb
 530 00cb 07       		.uleb128 0x7
 531 00cc 8D000000 		.4byte	0x8d
 532 00d0 06       		.uleb128 0x6
 533 00d1 00000000 		.4byte	.LASF19
 534 00d5 03       		.byte	0x3
 535 00d6 8F02     		.2byte	0x28f
 536 00d8 DC000000 		.4byte	0xdc
 537 00dc 07       		.uleb128 0x7
 538 00dd 99000000 		.4byte	0x99
 539 00e1 08       		.uleb128 0x8
 540 00e2 BA000000 		.4byte	.LASF42
 541 00e6 01       		.byte	0x1
 542 00e7 7F       		.byte	0x7f
 543 00e8 00000000 		.4byte	.LFB3
 544 00ec 02000000 		.4byte	.LFE3-.LFB3
 545 00f0 01       		.uleb128 0x1
 546 00f1 9C       		.byte	0x9c
 547 00f2 04010000 		.4byte	0x104
 548 00f6 09       		.uleb128 0x9
 549 00f7 D3010000 		.4byte	.LASF22
 550 00fb 01       		.byte	0x1
 551 00fc 7F       		.byte	0x7f
 552 00fd 8D000000 		.4byte	0x8d
 553 0101 01       		.uleb128 0x1
 554 0102 50       		.byte	0x50
 555 0103 00       		.byte	0
 556 0104 0A       		.uleb128 0xa
 557 0105 1B000000 		.4byte	.LASF20
 558 0109 01       		.byte	0x1
 559 010a EA       		.byte	0xea
 560 010b 00000000 		.4byte	.LFB5
 561 010f 28000000 		.4byte	.LFE5-.LFB5
 562 0113 01       		.uleb128 0x1
 563 0114 9C       		.byte	0x9c
 564 0115 29010000 		.4byte	0x129
 565 0119 0B       		.uleb128 0xb
 566 011a 8D020000 		.4byte	.LASF24
 567 011e 01       		.byte	0x1
 568 011f EC       		.byte	0xec
 569 0120 8D000000 		.4byte	0x8d
 570 0124 00000000 		.4byte	.LLST0
 571 0128 00       		.byte	0
 572 0129 0A       		.uleb128 0xa
 573 012a 83010000 		.4byte	.LASF21
 574 012e 01       		.byte	0x1
 575 012f 4D       		.byte	0x4d
 576 0130 00000000 		.4byte	.LFB0
 577 0134 0C000000 		.4byte	.LFE0-.LFB0
 578 0138 01       		.uleb128 0x1
 579 0139 9C       		.byte	0x9c
 580 013a 76010000 		.4byte	0x176
 581 013e 0C       		.uleb128 0xc
 582 013f 7300     		.ascii	"s\000"
 583 0141 01       		.byte	0x1
 584 0142 4D       		.byte	0x4d
 585 0143 84000000 		.4byte	0x84
ARM GAS  C:\Users\jdrd3\AppData\Local\Temp\ccxMI6Yg.s 			page 18


 586 0147 13000000 		.4byte	.LLST1
 587 014b 0C       		.uleb128 0xc
 588 014c 6E00     		.ascii	"n\000"
 589 014e 01       		.byte	0x1
 590 014f 4D       		.byte	0x4d
 591 0150 2C000000 		.4byte	0x2c
 592 0154 34000000 		.4byte	.LLST2
 593 0158 0D       		.uleb128 0xd
 594 0159 0A000000 		.4byte	.LVL5
 595 015d B3030000 		.4byte	0x3b3
 596 0161 0E       		.uleb128 0xe
 597 0162 01       		.uleb128 0x1
 598 0163 50       		.byte	0x50
 599 0164 03       		.uleb128 0x3
 600 0165 F3       		.byte	0xf3
 601 0166 01       		.uleb128 0x1
 602 0167 50       		.byte	0x50
 603 0168 0E       		.uleb128 0xe
 604 0169 01       		.uleb128 0x1
 605 016a 51       		.byte	0x51
 606 016b 01       		.uleb128 0x1
 607 016c 30       		.byte	0x30
 608 016d 0E       		.uleb128 0xe
 609 016e 01       		.uleb128 0x1
 610 016f 52       		.byte	0x52
 611 0170 03       		.uleb128 0x3
 612 0171 F3       		.byte	0xf3
 613 0172 01       		.uleb128 0x1
 614 0173 51       		.byte	0x51
 615 0174 00       		.byte	0
 616 0175 00       		.byte	0
 617 0176 0A       		.uleb128 0xa
 618 0177 44000000 		.4byte	.LASF23
 619 017b 01       		.byte	0x1
 620 017c AF       		.byte	0xaf
 621 017d 00000000 		.4byte	.LFB4
 622 0181 9C000000 		.4byte	.LFE4-.LFB4
 623 0185 01       		.uleb128 0x1
 624 0186 9C       		.byte	0x9c
 625 0187 CE010000 		.4byte	0x1ce
 626 018b 0B       		.uleb128 0xb
 627 018c 2C000000 		.4byte	.LASF25
 628 0190 01       		.byte	0x1
 629 0191 B1       		.byte	0xb1
 630 0192 A5000000 		.4byte	0xa5
 631 0196 60000000 		.4byte	.LLST3
 632 019a 0B       		.uleb128 0xb
 633 019b 62000000 		.4byte	.LASF26
 634 019f 01       		.byte	0x1
 635 01a0 B2       		.byte	0xb2
 636 01a1 8D000000 		.4byte	0x8d
 637 01a5 7F000000 		.4byte	.LLST4
 638 01a9 0F       		.uleb128 0xf
 639 01aa 4C000000 		.4byte	.LVL10
 640 01ae BC030000 		.4byte	0x3bc
 641 01b2 BE010000 		.4byte	0x1be
 642 01b6 0E       		.uleb128 0xe
ARM GAS  C:\Users\jdrd3\AppData\Local\Temp\ccxMI6Yg.s 			page 19


 643 01b7 01       		.uleb128 0x1
 644 01b8 50       		.byte	0x50
 645 01b9 03       		.uleb128 0x3
 646 01ba 0A       		.byte	0xa
 647 01bb E001     		.2byte	0x1e0
 648 01bd 00       		.byte	0
 649 01be 0D       		.uleb128 0xd
 650 01bf 5C000000 		.4byte	.LVL12
 651 01c3 E1000000 		.4byte	0xe1
 652 01c7 0E       		.uleb128 0xe
 653 01c8 01       		.uleb128 0x1
 654 01c9 50       		.byte	0x50
 655 01ca 01       		.uleb128 0x1
 656 01cb 33       		.byte	0x33
 657 01cc 00       		.byte	0
 658 01cd 00       		.byte	0
 659 01ce 0A       		.uleb128 0xa
 660 01cf B4020000 		.4byte	.LASF27
 661 01d3 01       		.byte	0x1
 662 01d4 54       		.byte	0x54
 663 01d5 00000000 		.4byte	.LFB1
 664 01d9 08000000 		.4byte	.LFE1-.LFB1
 665 01dd 01       		.uleb128 0x1
 666 01de 9C       		.byte	0x9c
 667 01df 2E020000 		.4byte	0x22e
 668 01e3 10       		.uleb128 0x10
 669 01e4 CE000000 		.4byte	.LASF28
 670 01e8 01       		.byte	0x1
 671 01e9 54       		.byte	0x54
 672 01ea 84000000 		.4byte	0x84
 673 01ee A9000000 		.4byte	.LLST5
 674 01f2 0C       		.uleb128 0xc
 675 01f3 73726300 		.ascii	"src\000"
 676 01f7 01       		.byte	0x1
 677 01f8 54       		.byte	0x54
 678 01f9 2E020000 		.4byte	0x22e
 679 01fd CA000000 		.4byte	.LLST6
 680 0201 0C       		.uleb128 0xc
 681 0202 6E00     		.ascii	"n\000"
 682 0204 01       		.byte	0x1
 683 0205 54       		.byte	0x54
 684 0206 2C000000 		.4byte	0x2c
 685 020a EB000000 		.4byte	.LLST7
 686 020e 0D       		.uleb128 0xd
 687 020f 06000000 		.4byte	.LVL15
 688 0213 C7030000 		.4byte	0x3c7
 689 0217 0E       		.uleb128 0xe
 690 0218 01       		.uleb128 0x1
 691 0219 50       		.byte	0x50
 692 021a 03       		.uleb128 0x3
 693 021b F3       		.byte	0xf3
 694 021c 01       		.uleb128 0x1
 695 021d 50       		.byte	0x50
 696 021e 0E       		.uleb128 0xe
 697 021f 01       		.uleb128 0x1
 698 0220 51       		.byte	0x51
 699 0221 03       		.uleb128 0x3
ARM GAS  C:\Users\jdrd3\AppData\Local\Temp\ccxMI6Yg.s 			page 20


 700 0222 F3       		.byte	0xf3
 701 0223 01       		.uleb128 0x1
 702 0224 51       		.byte	0x51
 703 0225 0E       		.uleb128 0xe
 704 0226 01       		.uleb128 0x1
 705 0227 52       		.byte	0x52
 706 0228 03       		.uleb128 0x3
 707 0229 F3       		.byte	0xf3
 708 022a 01       		.uleb128 0x1
 709 022b 52       		.byte	0x52
 710 022c 00       		.byte	0
 711 022d 00       		.byte	0
 712 022e 11       		.uleb128 0x11
 713 022f 04       		.byte	0x4
 714 0230 34020000 		.4byte	0x234
 715 0234 12       		.uleb128 0x12
 716 0235 13       		.uleb128 0x13
 717 0236 8D010000 		.4byte	.LASF31
 718 023a 01       		.byte	0x1
 719 023b 0401     		.2byte	0x104
 720 023d 00000000 		.4byte	.LFB6
 721 0241 10000000 		.4byte	.LFE6-.LFB6
 722 0245 01       		.uleb128 0x1
 723 0246 9C       		.byte	0x9c
 724 0247 68020000 		.4byte	0x268
 725 024b 14       		.uleb128 0x14
 726 024c 6B020000 		.4byte	.LASF29
 727 0250 01       		.byte	0x1
 728 0251 0401     		.2byte	0x104
 729 0253 8D000000 		.4byte	0x8d
 730 0257 01       		.uleb128 0x1
 731 0258 50       		.byte	0x50
 732 0259 15       		.uleb128 0x15
 733 025a AB020000 		.4byte	.LASF30
 734 025e 01       		.byte	0x1
 735 025f 0601     		.2byte	0x106
 736 0261 8D000000 		.4byte	0x8d
 737 0265 01       		.uleb128 0x1
 738 0266 53       		.byte	0x53
 739 0267 00       		.byte	0
 740 0268 13       		.uleb128 0x13
 741 0269 BF010000 		.4byte	.LASF32
 742 026d 01       		.byte	0x1
 743 026e 2601     		.2byte	0x126
 744 0270 00000000 		.4byte	.LFB7
 745 0274 B4000000 		.4byte	.LFE7-.LFB7
 746 0278 01       		.uleb128 0x1
 747 0279 9C       		.byte	0x9c
 748 027a B3030000 		.4byte	0x3b3
 749 027e 16       		.uleb128 0x16
 750 027f 0E000000 		.4byte	.LBB2
 751 0283 36000000 		.4byte	.LBE2-.LBB2
 752 0287 37030000 		.4byte	0x337
 753 028b 17       		.uleb128 0x17
 754 028c 06       		.byte	0x6
 755 028d 01       		.byte	0x1
 756 028e 3201     		.2byte	0x132
ARM GAS  C:\Users\jdrd3\AppData\Local\Temp\ccxMI6Yg.s 			page 21


 757 0290 AF020000 		.4byte	0x2af
 758 0294 18       		.uleb128 0x18
 759 0295 F1010000 		.4byte	.LASF33
 760 0299 01       		.byte	0x1
 761 029a 3301     		.2byte	0x133
 762 029c 84000000 		.4byte	0x84
 763 02a0 00       		.byte	0
 764 02a1 18       		.uleb128 0x18
 765 02a2 D3000000 		.4byte	.LASF34
 766 02a6 01       		.byte	0x1
 767 02a7 3401     		.2byte	0x134
 768 02a9 99000000 		.4byte	0x99
 769 02ad 04       		.byte	0x4
 770 02ae 00       		.byte	0
 771 02af 06       		.uleb128 0x6
 772 02b0 10020000 		.4byte	.LASF35
 773 02b4 01       		.byte	0x1
 774 02b5 3501     		.2byte	0x135
 775 02b7 8B020000 		.4byte	0x28b
 776 02bb 19       		.uleb128 0x19
 777 02bc CB020000 		.4byte	0x2cb
 778 02c0 CB020000 		.4byte	0x2cb
 779 02c4 1A       		.uleb128 0x1a
 780 02c5 7D000000 		.4byte	0x7d
 781 02c9 07       		.byte	0x7
 782 02ca 00       		.byte	0
 783 02cb 1B       		.uleb128 0x1b
 784 02cc AF020000 		.4byte	0x2af
 785 02d0 15       		.uleb128 0x15
 786 02d1 34000000 		.4byte	.LASF36
 787 02d5 01       		.byte	0x1
 788 02d6 3701     		.2byte	0x137
 789 02d8 E2020000 		.4byte	0x2e2
 790 02dc 05       		.uleb128 0x5
 791 02dd 03       		.byte	0x3
 792 02de 00000000 		.4byte	cfg_memset_list.4992
 793 02e2 1B       		.uleb128 0x1b
 794 02e3 BB020000 		.4byte	0x2bb
 795 02e7 1C       		.uleb128 0x1c
 796 02e8 6900     		.ascii	"i\000"
 797 02ea 01       		.byte	0x1
 798 02eb 4301     		.2byte	0x143
 799 02ed 8D000000 		.4byte	0x8d
 800 02f1 0C010000 		.4byte	.LLST8
 801 02f5 1D       		.uleb128 0x1d
 802 02f6 12000000 		.4byte	.LBB3
 803 02fa 16000000 		.4byte	.LBE3-.LBB3
 804 02fe 1C       		.uleb128 0x1c
 805 02ff 6D7300   		.ascii	"ms\000"
 806 0302 01       		.byte	0x1
 807 0303 4801     		.2byte	0x148
 808 0305 0D030000 		.4byte	0x30d
 809 0309 36010000 		.4byte	.LLST9
 810 030d 11       		.uleb128 0x11
 811 030e 04       		.byte	0x4
 812 030f CB020000 		.4byte	0x2cb
 813 0313 0D       		.uleb128 0xd
ARM GAS  C:\Users\jdrd3\AppData\Local\Temp\ccxMI6Yg.s 			page 22


 814 0314 28000000 		.4byte	.LVL20
 815 0318 29010000 		.4byte	0x129
 816 031c 0E       		.uleb128 0xe
 817 031d 01       		.uleb128 0x1
 818 031e 51       		.byte	0x51
 819 031f 14       		.uleb128 0x14
 820 0320 74       		.byte	0x74
 821 0321 00       		.sleb128 0
 822 0322 31       		.byte	0x31
 823 0323 24       		.byte	0x24
 824 0324 74       		.byte	0x74
 825 0325 00       		.sleb128 0
 826 0326 22       		.byte	0x22
 827 0327 31       		.byte	0x31
 828 0328 24       		.byte	0x24
 829 0329 75       		.byte	0x75
 830 032a 00       		.sleb128 0
 831 032b 22       		.byte	0x22
 832 032c 23       		.byte	0x23
 833 032d 04       		.uleb128 0x4
 834 032e 94       		.byte	0x94
 835 032f 02       		.byte	0x2
 836 0330 0A       		.byte	0xa
 837 0331 FFFF     		.2byte	0xffff
 838 0333 1A       		.byte	0x1a
 839 0334 00       		.byte	0
 840 0335 00       		.byte	0
 841 0336 00       		.byte	0
 842 0337 0F       		.uleb128 0xf
 843 0338 50000000 		.4byte	.LVL23
 844 033c CE010000 		.4byte	0x1ce
 845 0340 5A030000 		.4byte	0x35a
 846 0344 0E       		.uleb128 0xe
 847 0345 01       		.uleb128 0x1
 848 0346 50       		.byte	0x50
 849 0347 05       		.uleb128 0x5
 850 0348 0C       		.byte	0xc
 851 0349 02510040 		.4byte	0x40005102
 852 034d 0E       		.uleb128 0xe
 853 034e 01       		.uleb128 0x1
 854 034f 51       		.byte	0x51
 855 0350 03       		.uleb128 0x3
 856 0351 42       		.byte	0x42
 857 0352 4A       		.byte	0x4a
 858 0353 24       		.byte	0x24
 859 0354 0E       		.uleb128 0xe
 860 0355 01       		.uleb128 0x1
 861 0356 52       		.byte	0x52
 862 0357 01       		.uleb128 0x1
 863 0358 38       		.byte	0x38
 864 0359 00       		.byte	0
 865 035a 0F       		.uleb128 0xf
 866 035b 5A000000 		.4byte	.LVL24
 867 035f CE010000 		.4byte	0x1ce
 868 0363 7F030000 		.4byte	0x37f
 869 0367 0E       		.uleb128 0xe
 870 0368 01       		.uleb128 0x1
ARM GAS  C:\Users\jdrd3\AppData\Local\Temp\ccxMI6Yg.s 			page 23


 871 0369 50       		.byte	0x50
 872 036a 05       		.uleb128 0x5
 873 036b 0C       		.byte	0xc
 874 036c 12510040 		.4byte	0x40005112
 875 0370 0E       		.uleb128 0xe
 876 0371 01       		.uleb128 0x1
 877 0372 51       		.byte	0x51
 878 0373 05       		.uleb128 0x5
 879 0374 0C       		.byte	0xc
 880 0375 08000048 		.4byte	0x48000008
 881 0379 0E       		.uleb128 0xe
 882 037a 01       		.uleb128 0x1
 883 037b 52       		.byte	0x52
 884 037c 01       		.uleb128 0x1
 885 037d 38       		.byte	0x38
 886 037e 00       		.byte	0
 887 037f 1E       		.uleb128 0x1e
 888 0380 6E000000 		.4byte	.LVL26
 889 0384 76010000 		.4byte	0x176
 890 0388 1E       		.uleb128 0x1e
 891 0389 7C000000 		.4byte	.LVL27
 892 038d 04010000 		.4byte	0x104
 893 0391 0D       		.uleb128 0xd
 894 0392 86000000 		.4byte	.LVL28
 895 0396 CE010000 		.4byte	0x1ce
 896 039a 0E       		.uleb128 0xe
 897 039b 01       		.uleb128 0x1
 898 039c 50       		.byte	0x50
 899 039d 05       		.uleb128 0x5
 900 039e 0C       		.byte	0xc
 901 039f B0430040 		.4byte	0x400043b0
 902 03a3 0E       		.uleb128 0xe
 903 03a4 01       		.uleb128 0x1
 904 03a5 51       		.byte	0x51
 905 03a6 05       		.uleb128 0x5
 906 03a7 0C       		.byte	0xc
 907 03a8 A0430040 		.4byte	0x400043a0
 908 03ac 0E       		.uleb128 0xe
 909 03ad 01       		.uleb128 0x1
 910 03ae 52       		.byte	0x52
 911 03af 01       		.uleb128 0x1
 912 03b0 3E       		.byte	0x3e
 913 03b1 00       		.byte	0
 914 03b2 00       		.byte	0
 915 03b3 1F       		.uleb128 0x1f
 916 03b4 B1010000 		.4byte	.LASF37
 917 03b8 B1010000 		.4byte	.LASF37
 918 03bc 20       		.uleb128 0x20
 919 03bd 06000000 		.4byte	.LASF43
 920 03c1 06000000 		.4byte	.LASF43
 921 03c5 04       		.byte	0x4
 922 03c6 79       		.byte	0x79
 923 03c7 1F       		.uleb128 0x1f
 924 03c8 5A020000 		.4byte	.LASF38
 925 03cc 5A020000 		.4byte	.LASF38
 926 03d0 00       		.byte	0
 927              		.section	.debug_abbrev,"",%progbits
ARM GAS  C:\Users\jdrd3\AppData\Local\Temp\ccxMI6Yg.s 			page 24


 928              	.Ldebug_abbrev0:
 929 0000 01       		.uleb128 0x1
 930 0001 11       		.uleb128 0x11
 931 0002 01       		.byte	0x1
 932 0003 25       		.uleb128 0x25
 933 0004 0E       		.uleb128 0xe
 934 0005 13       		.uleb128 0x13
 935 0006 0B       		.uleb128 0xb
 936 0007 03       		.uleb128 0x3
 937 0008 0E       		.uleb128 0xe
 938 0009 1B       		.uleb128 0x1b
 939 000a 0E       		.uleb128 0xe
 940 000b 55       		.uleb128 0x55
 941 000c 17       		.uleb128 0x17
 942 000d 11       		.uleb128 0x11
 943 000e 01       		.uleb128 0x1
 944 000f 10       		.uleb128 0x10
 945 0010 17       		.uleb128 0x17
 946 0011 00       		.byte	0
 947 0012 00       		.byte	0
 948 0013 02       		.uleb128 0x2
 949 0014 24       		.uleb128 0x24
 950 0015 00       		.byte	0
 951 0016 0B       		.uleb128 0xb
 952 0017 0B       		.uleb128 0xb
 953 0018 3E       		.uleb128 0x3e
 954 0019 0B       		.uleb128 0xb
 955 001a 03       		.uleb128 0x3
 956 001b 08       		.uleb128 0x8
 957 001c 00       		.byte	0
 958 001d 00       		.byte	0
 959 001e 03       		.uleb128 0x3
 960 001f 16       		.uleb128 0x16
 961 0020 00       		.byte	0
 962 0021 03       		.uleb128 0x3
 963 0022 0E       		.uleb128 0xe
 964 0023 3A       		.uleb128 0x3a
 965 0024 0B       		.uleb128 0xb
 966 0025 3B       		.uleb128 0x3b
 967 0026 0B       		.uleb128 0xb
 968 0027 49       		.uleb128 0x49
 969 0028 13       		.uleb128 0x13
 970 0029 00       		.byte	0
 971 002a 00       		.byte	0
 972 002b 04       		.uleb128 0x4
 973 002c 24       		.uleb128 0x24
 974 002d 00       		.byte	0
 975 002e 0B       		.uleb128 0xb
 976 002f 0B       		.uleb128 0xb
 977 0030 3E       		.uleb128 0x3e
 978 0031 0B       		.uleb128 0xb
 979 0032 03       		.uleb128 0x3
 980 0033 0E       		.uleb128 0xe
 981 0034 00       		.byte	0
 982 0035 00       		.byte	0
 983 0036 05       		.uleb128 0x5
 984 0037 0F       		.uleb128 0xf
ARM GAS  C:\Users\jdrd3\AppData\Local\Temp\ccxMI6Yg.s 			page 25


 985 0038 00       		.byte	0
 986 0039 0B       		.uleb128 0xb
 987 003a 0B       		.uleb128 0xb
 988 003b 00       		.byte	0
 989 003c 00       		.byte	0
 990 003d 06       		.uleb128 0x6
 991 003e 16       		.uleb128 0x16
 992 003f 00       		.byte	0
 993 0040 03       		.uleb128 0x3
 994 0041 0E       		.uleb128 0xe
 995 0042 3A       		.uleb128 0x3a
 996 0043 0B       		.uleb128 0xb
 997 0044 3B       		.uleb128 0x3b
 998 0045 05       		.uleb128 0x5
 999 0046 49       		.uleb128 0x49
 1000 0047 13       		.uleb128 0x13
 1001 0048 00       		.byte	0
 1002 0049 00       		.byte	0
 1003 004a 07       		.uleb128 0x7
 1004 004b 35       		.uleb128 0x35
 1005 004c 00       		.byte	0
 1006 004d 49       		.uleb128 0x49
 1007 004e 13       		.uleb128 0x13
 1008 004f 00       		.byte	0
 1009 0050 00       		.byte	0
 1010 0051 08       		.uleb128 0x8
 1011 0052 2E       		.uleb128 0x2e
 1012 0053 01       		.byte	0x1
 1013 0054 03       		.uleb128 0x3
 1014 0055 0E       		.uleb128 0xe
 1015 0056 3A       		.uleb128 0x3a
 1016 0057 0B       		.uleb128 0xb
 1017 0058 3B       		.uleb128 0x3b
 1018 0059 0B       		.uleb128 0xb
 1019 005a 27       		.uleb128 0x27
 1020 005b 19       		.uleb128 0x19
 1021 005c 8701     		.uleb128 0x87
 1022 005e 19       		.uleb128 0x19
 1023 005f 11       		.uleb128 0x11
 1024 0060 01       		.uleb128 0x1
 1025 0061 12       		.uleb128 0x12
 1026 0062 06       		.uleb128 0x6
 1027 0063 40       		.uleb128 0x40
 1028 0064 18       		.uleb128 0x18
 1029 0065 9742     		.uleb128 0x2117
 1030 0067 19       		.uleb128 0x19
 1031 0068 01       		.uleb128 0x1
 1032 0069 13       		.uleb128 0x13
 1033 006a 00       		.byte	0
 1034 006b 00       		.byte	0
 1035 006c 09       		.uleb128 0x9
 1036 006d 05       		.uleb128 0x5
 1037 006e 00       		.byte	0
 1038 006f 03       		.uleb128 0x3
 1039 0070 0E       		.uleb128 0xe
 1040 0071 3A       		.uleb128 0x3a
 1041 0072 0B       		.uleb128 0xb
ARM GAS  C:\Users\jdrd3\AppData\Local\Temp\ccxMI6Yg.s 			page 26


 1042 0073 3B       		.uleb128 0x3b
 1043 0074 0B       		.uleb128 0xb
 1044 0075 49       		.uleb128 0x49
 1045 0076 13       		.uleb128 0x13
 1046 0077 02       		.uleb128 0x2
 1047 0078 18       		.uleb128 0x18
 1048 0079 00       		.byte	0
 1049 007a 00       		.byte	0
 1050 007b 0A       		.uleb128 0xa
 1051 007c 2E       		.uleb128 0x2e
 1052 007d 01       		.byte	0x1
 1053 007e 03       		.uleb128 0x3
 1054 007f 0E       		.uleb128 0xe
 1055 0080 3A       		.uleb128 0x3a
 1056 0081 0B       		.uleb128 0xb
 1057 0082 3B       		.uleb128 0x3b
 1058 0083 0B       		.uleb128 0xb
 1059 0084 27       		.uleb128 0x27
 1060 0085 19       		.uleb128 0x19
 1061 0086 11       		.uleb128 0x11
 1062 0087 01       		.uleb128 0x1
 1063 0088 12       		.uleb128 0x12
 1064 0089 06       		.uleb128 0x6
 1065 008a 40       		.uleb128 0x40
 1066 008b 18       		.uleb128 0x18
 1067 008c 9742     		.uleb128 0x2117
 1068 008e 19       		.uleb128 0x19
 1069 008f 01       		.uleb128 0x1
 1070 0090 13       		.uleb128 0x13
 1071 0091 00       		.byte	0
 1072 0092 00       		.byte	0
 1073 0093 0B       		.uleb128 0xb
 1074 0094 34       		.uleb128 0x34
 1075 0095 00       		.byte	0
 1076 0096 03       		.uleb128 0x3
 1077 0097 0E       		.uleb128 0xe
 1078 0098 3A       		.uleb128 0x3a
 1079 0099 0B       		.uleb128 0xb
 1080 009a 3B       		.uleb128 0x3b
 1081 009b 0B       		.uleb128 0xb
 1082 009c 49       		.uleb128 0x49
 1083 009d 13       		.uleb128 0x13
 1084 009e 02       		.uleb128 0x2
 1085 009f 17       		.uleb128 0x17
 1086 00a0 00       		.byte	0
 1087 00a1 00       		.byte	0
 1088 00a2 0C       		.uleb128 0xc
 1089 00a3 05       		.uleb128 0x5
 1090 00a4 00       		.byte	0
 1091 00a5 03       		.uleb128 0x3
 1092 00a6 08       		.uleb128 0x8
 1093 00a7 3A       		.uleb128 0x3a
 1094 00a8 0B       		.uleb128 0xb
 1095 00a9 3B       		.uleb128 0x3b
 1096 00aa 0B       		.uleb128 0xb
 1097 00ab 49       		.uleb128 0x49
 1098 00ac 13       		.uleb128 0x13
ARM GAS  C:\Users\jdrd3\AppData\Local\Temp\ccxMI6Yg.s 			page 27


 1099 00ad 02       		.uleb128 0x2
 1100 00ae 17       		.uleb128 0x17
 1101 00af 00       		.byte	0
 1102 00b0 00       		.byte	0
 1103 00b1 0D       		.uleb128 0xd
 1104 00b2 898201   		.uleb128 0x4109
 1105 00b5 01       		.byte	0x1
 1106 00b6 11       		.uleb128 0x11
 1107 00b7 01       		.uleb128 0x1
 1108 00b8 31       		.uleb128 0x31
 1109 00b9 13       		.uleb128 0x13
 1110 00ba 00       		.byte	0
 1111 00bb 00       		.byte	0
 1112 00bc 0E       		.uleb128 0xe
 1113 00bd 8A8201   		.uleb128 0x410a
 1114 00c0 00       		.byte	0
 1115 00c1 02       		.uleb128 0x2
 1116 00c2 18       		.uleb128 0x18
 1117 00c3 9142     		.uleb128 0x2111
 1118 00c5 18       		.uleb128 0x18
 1119 00c6 00       		.byte	0
 1120 00c7 00       		.byte	0
 1121 00c8 0F       		.uleb128 0xf
 1122 00c9 898201   		.uleb128 0x4109
 1123 00cc 01       		.byte	0x1
 1124 00cd 11       		.uleb128 0x11
 1125 00ce 01       		.uleb128 0x1
 1126 00cf 31       		.uleb128 0x31
 1127 00d0 13       		.uleb128 0x13
 1128 00d1 01       		.uleb128 0x1
 1129 00d2 13       		.uleb128 0x13
 1130 00d3 00       		.byte	0
 1131 00d4 00       		.byte	0
 1132 00d5 10       		.uleb128 0x10
 1133 00d6 05       		.uleb128 0x5
 1134 00d7 00       		.byte	0
 1135 00d8 03       		.uleb128 0x3
 1136 00d9 0E       		.uleb128 0xe
 1137 00da 3A       		.uleb128 0x3a
 1138 00db 0B       		.uleb128 0xb
 1139 00dc 3B       		.uleb128 0x3b
 1140 00dd 0B       		.uleb128 0xb
 1141 00de 49       		.uleb128 0x49
 1142 00df 13       		.uleb128 0x13
 1143 00e0 02       		.uleb128 0x2
 1144 00e1 17       		.uleb128 0x17
 1145 00e2 00       		.byte	0
 1146 00e3 00       		.byte	0
 1147 00e4 11       		.uleb128 0x11
 1148 00e5 0F       		.uleb128 0xf
 1149 00e6 00       		.byte	0
 1150 00e7 0B       		.uleb128 0xb
 1151 00e8 0B       		.uleb128 0xb
 1152 00e9 49       		.uleb128 0x49
 1153 00ea 13       		.uleb128 0x13
 1154 00eb 00       		.byte	0
 1155 00ec 00       		.byte	0
ARM GAS  C:\Users\jdrd3\AppData\Local\Temp\ccxMI6Yg.s 			page 28


 1156 00ed 12       		.uleb128 0x12
 1157 00ee 26       		.uleb128 0x26
 1158 00ef 00       		.byte	0
 1159 00f0 00       		.byte	0
 1160 00f1 00       		.byte	0
 1161 00f2 13       		.uleb128 0x13
 1162 00f3 2E       		.uleb128 0x2e
 1163 00f4 01       		.byte	0x1
 1164 00f5 3F       		.uleb128 0x3f
 1165 00f6 19       		.uleb128 0x19
 1166 00f7 03       		.uleb128 0x3
 1167 00f8 0E       		.uleb128 0xe
 1168 00f9 3A       		.uleb128 0x3a
 1169 00fa 0B       		.uleb128 0xb
 1170 00fb 3B       		.uleb128 0x3b
 1171 00fc 05       		.uleb128 0x5
 1172 00fd 27       		.uleb128 0x27
 1173 00fe 19       		.uleb128 0x19
 1174 00ff 11       		.uleb128 0x11
 1175 0100 01       		.uleb128 0x1
 1176 0101 12       		.uleb128 0x12
 1177 0102 06       		.uleb128 0x6
 1178 0103 40       		.uleb128 0x40
 1179 0104 18       		.uleb128 0x18
 1180 0105 9742     		.uleb128 0x2117
 1181 0107 19       		.uleb128 0x19
 1182 0108 01       		.uleb128 0x1
 1183 0109 13       		.uleb128 0x13
 1184 010a 00       		.byte	0
 1185 010b 00       		.byte	0
 1186 010c 14       		.uleb128 0x14
 1187 010d 05       		.uleb128 0x5
 1188 010e 00       		.byte	0
 1189 010f 03       		.uleb128 0x3
 1190 0110 0E       		.uleb128 0xe
 1191 0111 3A       		.uleb128 0x3a
 1192 0112 0B       		.uleb128 0xb
 1193 0113 3B       		.uleb128 0x3b
 1194 0114 05       		.uleb128 0x5
 1195 0115 49       		.uleb128 0x49
 1196 0116 13       		.uleb128 0x13
 1197 0117 02       		.uleb128 0x2
 1198 0118 18       		.uleb128 0x18
 1199 0119 00       		.byte	0
 1200 011a 00       		.byte	0
 1201 011b 15       		.uleb128 0x15
 1202 011c 34       		.uleb128 0x34
 1203 011d 00       		.byte	0
 1204 011e 03       		.uleb128 0x3
 1205 011f 0E       		.uleb128 0xe
 1206 0120 3A       		.uleb128 0x3a
 1207 0121 0B       		.uleb128 0xb
 1208 0122 3B       		.uleb128 0x3b
 1209 0123 05       		.uleb128 0x5
 1210 0124 49       		.uleb128 0x49
 1211 0125 13       		.uleb128 0x13
 1212 0126 02       		.uleb128 0x2
ARM GAS  C:\Users\jdrd3\AppData\Local\Temp\ccxMI6Yg.s 			page 29


 1213 0127 18       		.uleb128 0x18
 1214 0128 00       		.byte	0
 1215 0129 00       		.byte	0
 1216 012a 16       		.uleb128 0x16
 1217 012b 0B       		.uleb128 0xb
 1218 012c 01       		.byte	0x1
 1219 012d 11       		.uleb128 0x11
 1220 012e 01       		.uleb128 0x1
 1221 012f 12       		.uleb128 0x12
 1222 0130 06       		.uleb128 0x6
 1223 0131 01       		.uleb128 0x1
 1224 0132 13       		.uleb128 0x13
 1225 0133 00       		.byte	0
 1226 0134 00       		.byte	0
 1227 0135 17       		.uleb128 0x17
 1228 0136 13       		.uleb128 0x13
 1229 0137 01       		.byte	0x1
 1230 0138 0B       		.uleb128 0xb
 1231 0139 0B       		.uleb128 0xb
 1232 013a 3A       		.uleb128 0x3a
 1233 013b 0B       		.uleb128 0xb
 1234 013c 3B       		.uleb128 0x3b
 1235 013d 05       		.uleb128 0x5
 1236 013e 01       		.uleb128 0x1
 1237 013f 13       		.uleb128 0x13
 1238 0140 00       		.byte	0
 1239 0141 00       		.byte	0
 1240 0142 18       		.uleb128 0x18
 1241 0143 0D       		.uleb128 0xd
 1242 0144 00       		.byte	0
 1243 0145 03       		.uleb128 0x3
 1244 0146 0E       		.uleb128 0xe
 1245 0147 3A       		.uleb128 0x3a
 1246 0148 0B       		.uleb128 0xb
 1247 0149 3B       		.uleb128 0x3b
 1248 014a 05       		.uleb128 0x5
 1249 014b 49       		.uleb128 0x49
 1250 014c 13       		.uleb128 0x13
 1251 014d 38       		.uleb128 0x38
 1252 014e 0B       		.uleb128 0xb
 1253 014f 00       		.byte	0
 1254 0150 00       		.byte	0
 1255 0151 19       		.uleb128 0x19
 1256 0152 01       		.uleb128 0x1
 1257 0153 01       		.byte	0x1
 1258 0154 49       		.uleb128 0x49
 1259 0155 13       		.uleb128 0x13
 1260 0156 01       		.uleb128 0x1
 1261 0157 13       		.uleb128 0x13
 1262 0158 00       		.byte	0
 1263 0159 00       		.byte	0
 1264 015a 1A       		.uleb128 0x1a
 1265 015b 21       		.uleb128 0x21
 1266 015c 00       		.byte	0
 1267 015d 49       		.uleb128 0x49
 1268 015e 13       		.uleb128 0x13
 1269 015f 2F       		.uleb128 0x2f
ARM GAS  C:\Users\jdrd3\AppData\Local\Temp\ccxMI6Yg.s 			page 30


 1270 0160 0B       		.uleb128 0xb
 1271 0161 00       		.byte	0
 1272 0162 00       		.byte	0
 1273 0163 1B       		.uleb128 0x1b
 1274 0164 26       		.uleb128 0x26
 1275 0165 00       		.byte	0
 1276 0166 49       		.uleb128 0x49
 1277 0167 13       		.uleb128 0x13
 1278 0168 00       		.byte	0
 1279 0169 00       		.byte	0
 1280 016a 1C       		.uleb128 0x1c
 1281 016b 34       		.uleb128 0x34
 1282 016c 00       		.byte	0
 1283 016d 03       		.uleb128 0x3
 1284 016e 08       		.uleb128 0x8
 1285 016f 3A       		.uleb128 0x3a
 1286 0170 0B       		.uleb128 0xb
 1287 0171 3B       		.uleb128 0x3b
 1288 0172 05       		.uleb128 0x5
 1289 0173 49       		.uleb128 0x49
 1290 0174 13       		.uleb128 0x13
 1291 0175 02       		.uleb128 0x2
 1292 0176 17       		.uleb128 0x17
 1293 0177 00       		.byte	0
 1294 0178 00       		.byte	0
 1295 0179 1D       		.uleb128 0x1d
 1296 017a 0B       		.uleb128 0xb
 1297 017b 01       		.byte	0x1
 1298 017c 11       		.uleb128 0x11
 1299 017d 01       		.uleb128 0x1
 1300 017e 12       		.uleb128 0x12
 1301 017f 06       		.uleb128 0x6
 1302 0180 00       		.byte	0
 1303 0181 00       		.byte	0
 1304 0182 1E       		.uleb128 0x1e
 1305 0183 898201   		.uleb128 0x4109
 1306 0186 00       		.byte	0
 1307 0187 11       		.uleb128 0x11
 1308 0188 01       		.uleb128 0x1
 1309 0189 31       		.uleb128 0x31
 1310 018a 13       		.uleb128 0x13
 1311 018b 00       		.byte	0
 1312 018c 00       		.byte	0
 1313 018d 1F       		.uleb128 0x1f
 1314 018e 2E       		.uleb128 0x2e
 1315 018f 00       		.byte	0
 1316 0190 3F       		.uleb128 0x3f
 1317 0191 19       		.uleb128 0x19
 1318 0192 3C       		.uleb128 0x3c
 1319 0193 19       		.uleb128 0x19
 1320 0194 6E       		.uleb128 0x6e
 1321 0195 0E       		.uleb128 0xe
 1322 0196 03       		.uleb128 0x3
 1323 0197 0E       		.uleb128 0xe
 1324 0198 00       		.byte	0
 1325 0199 00       		.byte	0
 1326 019a 20       		.uleb128 0x20
ARM GAS  C:\Users\jdrd3\AppData\Local\Temp\ccxMI6Yg.s 			page 31


 1327 019b 2E       		.uleb128 0x2e
 1328 019c 00       		.byte	0
 1329 019d 3F       		.uleb128 0x3f
 1330 019e 19       		.uleb128 0x19
 1331 019f 3C       		.uleb128 0x3c
 1332 01a0 19       		.uleb128 0x19
 1333 01a1 6E       		.uleb128 0x6e
 1334 01a2 0E       		.uleb128 0xe
 1335 01a3 03       		.uleb128 0x3
 1336 01a4 0E       		.uleb128 0xe
 1337 01a5 3A       		.uleb128 0x3a
 1338 01a6 0B       		.uleb128 0xb
 1339 01a7 3B       		.uleb128 0x3b
 1340 01a8 0B       		.uleb128 0xb
 1341 01a9 00       		.byte	0
 1342 01aa 00       		.byte	0
 1343 01ab 00       		.byte	0
 1344              		.section	.debug_loc,"",%progbits
 1345              	.Ldebug_loc0:
 1346              	.LLST0:
 1347 0000 06000000 		.4byte	.LVL1
 1348 0004 10000000 		.4byte	.LVL2
 1349 0008 0100     		.2byte	0x1
 1350 000a 53       		.byte	0x53
 1351 000b 00000000 		.4byte	0
 1352 000f 00000000 		.4byte	0
 1353              	.LLST1:
 1354 0013 00000000 		.4byte	.LVL3
 1355 0017 09000000 		.4byte	.LVL5-1
 1356 001b 0100     		.2byte	0x1
 1357 001d 50       		.byte	0x50
 1358 001e 09000000 		.4byte	.LVL5-1
 1359 0022 0C000000 		.4byte	.LFE0
 1360 0026 0400     		.2byte	0x4
 1361 0028 F3       		.byte	0xf3
 1362 0029 01       		.uleb128 0x1
 1363 002a 50       		.byte	0x50
 1364 002b 9F       		.byte	0x9f
 1365 002c 00000000 		.4byte	0
 1366 0030 00000000 		.4byte	0
 1367              	.LLST2:
 1368 0034 00000000 		.4byte	.LVL3
 1369 0038 06000000 		.4byte	.LVL4
 1370 003c 0100     		.2byte	0x1
 1371 003e 51       		.byte	0x51
 1372 003f 06000000 		.4byte	.LVL4
 1373 0043 09000000 		.4byte	.LVL5-1
 1374 0047 0100     		.2byte	0x1
 1375 0049 52       		.byte	0x52
 1376 004a 09000000 		.4byte	.LVL5-1
 1377 004e 0C000000 		.4byte	.LFE0
 1378 0052 0400     		.2byte	0x4
 1379 0054 F3       		.byte	0xf3
 1380 0055 01       		.uleb128 0x1
 1381 0056 51       		.byte	0x51
 1382 0057 9F       		.byte	0x9f
 1383 0058 00000000 		.4byte	0
ARM GAS  C:\Users\jdrd3\AppData\Local\Temp\ccxMI6Yg.s 			page 32


 1384 005c 00000000 		.4byte	0
 1385              	.LLST3:
 1386 0060 2E000000 		.4byte	.LVL6
 1387 0064 34000000 		.4byte	.LVL7
 1388 0068 0200     		.2byte	0x2
 1389 006a 49       		.byte	0x49
 1390 006b 9F       		.byte	0x9f
 1391 006c 34000000 		.4byte	.LVL7
 1392 0070 7E000000 		.4byte	.LVL13
 1393 0074 0100     		.2byte	0x1
 1394 0076 55       		.byte	0x55
 1395 0077 00000000 		.4byte	0
 1396 007b 00000000 		.4byte	0
 1397              	.LLST4:
 1398 007f 2E000000 		.4byte	.LVL6
 1399 0083 34000000 		.4byte	.LVL7
 1400 0087 0200     		.2byte	0x2
 1401 0089 30       		.byte	0x30
 1402 008a 9F       		.byte	0x9f
 1403 008b 34000000 		.4byte	.LVL7
 1404 008f 40000000 		.4byte	.LVL8
 1405 0093 0100     		.2byte	0x1
 1406 0095 54       		.byte	0x54
 1407 0096 44000000 		.4byte	.LVL9
 1408 009a 7E000000 		.4byte	.LVL13
 1409 009e 0100     		.2byte	0x1
 1410 00a0 54       		.byte	0x54
 1411 00a1 00000000 		.4byte	0
 1412 00a5 00000000 		.4byte	0
 1413              	.LLST5:
 1414 00a9 00000000 		.4byte	.LVL14
 1415 00ad 05000000 		.4byte	.LVL15-1
 1416 00b1 0100     		.2byte	0x1
 1417 00b3 50       		.byte	0x50
 1418 00b4 05000000 		.4byte	.LVL15-1
 1419 00b8 08000000 		.4byte	.LFE1
 1420 00bc 0400     		.2byte	0x4
 1421 00be F3       		.byte	0xf3
 1422 00bf 01       		.uleb128 0x1
 1423 00c0 50       		.byte	0x50
 1424 00c1 9F       		.byte	0x9f
 1425 00c2 00000000 		.4byte	0
 1426 00c6 00000000 		.4byte	0
 1427              	.LLST6:
 1428 00ca 00000000 		.4byte	.LVL14
 1429 00ce 05000000 		.4byte	.LVL15-1
 1430 00d2 0100     		.2byte	0x1
 1431 00d4 51       		.byte	0x51
 1432 00d5 05000000 		.4byte	.LVL15-1
 1433 00d9 08000000 		.4byte	.LFE1
 1434 00dd 0400     		.2byte	0x4
 1435 00df F3       		.byte	0xf3
 1436 00e0 01       		.uleb128 0x1
 1437 00e1 51       		.byte	0x51
 1438 00e2 9F       		.byte	0x9f
 1439 00e3 00000000 		.4byte	0
 1440 00e7 00000000 		.4byte	0
ARM GAS  C:\Users\jdrd3\AppData\Local\Temp\ccxMI6Yg.s 			page 33


 1441              	.LLST7:
 1442 00eb 00000000 		.4byte	.LVL14
 1443 00ef 05000000 		.4byte	.LVL15-1
 1444 00f3 0100     		.2byte	0x1
 1445 00f5 52       		.byte	0x52
 1446 00f6 05000000 		.4byte	.LVL15-1
 1447 00fa 08000000 		.4byte	.LFE1
 1448 00fe 0400     		.2byte	0x4
 1449 0100 F3       		.byte	0xf3
 1450 0101 01       		.uleb128 0x1
 1451 0102 52       		.byte	0x52
 1452 0103 9F       		.byte	0x9f
 1453 0104 00000000 		.4byte	0
 1454 0108 00000000 		.4byte	0
 1455              	.LLST8:
 1456 010c 0E000000 		.4byte	.LVL18
 1457 0110 12000000 		.4byte	.LVL19
 1458 0114 0200     		.2byte	0x2
 1459 0116 30       		.byte	0x30
 1460 0117 9F       		.byte	0x9f
 1461 0118 12000000 		.4byte	.LVL19
 1462 011c 2A000000 		.4byte	.LVL21
 1463 0120 0100     		.2byte	0x1
 1464 0122 54       		.byte	0x54
 1465 0123 2C000000 		.4byte	.LVL22
 1466 0127 66000000 		.4byte	.LVL25
 1467 012b 0100     		.2byte	0x1
 1468 012d 54       		.byte	0x54
 1469 012e 00000000 		.4byte	0
 1470 0132 00000000 		.4byte	0
 1471              	.LLST9:
 1472 0136 12000000 		.4byte	.LVL19
 1473 013a 2A000000 		.4byte	.LVL21
 1474 013e 0B00     		.2byte	0xb
 1475 0140 74       		.byte	0x74
 1476 0141 00       		.sleb128 0
 1477 0142 36       		.byte	0x36
 1478 0143 1E       		.byte	0x1e
 1479 0144 03       		.byte	0x3
 1480 0145 00000000 		.4byte	cfg_memset_list.4992
 1481 0149 22       		.byte	0x22
 1482 014a 9F       		.byte	0x9f
 1483 014b 2A000000 		.4byte	.LVL21
 1484 014f 2C000000 		.4byte	.LVL22
 1485 0153 0B00     		.2byte	0xb
 1486 0155 74       		.byte	0x74
 1487 0156 7F       		.sleb128 -1
 1488 0157 36       		.byte	0x36
 1489 0158 1E       		.byte	0x1e
 1490 0159 03       		.byte	0x3
 1491 015a 00000000 		.4byte	cfg_memset_list.4992
 1492 015e 22       		.byte	0x22
 1493 015f 9F       		.byte	0x9f
 1494 0160 00000000 		.4byte	0
 1495 0164 00000000 		.4byte	0
 1496              		.section	.debug_aranges,"",%progbits
 1497 0000 4C000000 		.4byte	0x4c
ARM GAS  C:\Users\jdrd3\AppData\Local\Temp\ccxMI6Yg.s 			page 34


 1498 0004 0200     		.2byte	0x2
 1499 0006 00000000 		.4byte	.Ldebug_info0
 1500 000a 04       		.byte	0x4
 1501 000b 00       		.byte	0
 1502 000c 0000     		.2byte	0
 1503 000e 0000     		.2byte	0
 1504 0010 00000000 		.4byte	.LFB3
 1505 0014 02000000 		.4byte	.LFE3-.LFB3
 1506 0018 00000000 		.4byte	.LFB5
 1507 001c 28000000 		.4byte	.LFE5-.LFB5
 1508 0020 00000000 		.4byte	.LFB0
 1509 0024 0C000000 		.4byte	.LFE0-.LFB0
 1510 0028 00000000 		.4byte	.LFB4
 1511 002c 9C000000 		.4byte	.LFE4-.LFB4
 1512 0030 00000000 		.4byte	.LFB1
 1513 0034 08000000 		.4byte	.LFE1-.LFB1
 1514 0038 00000000 		.4byte	.LFB6
 1515 003c 10000000 		.4byte	.LFE6-.LFB6
 1516 0040 00000000 		.4byte	.LFB7
 1517 0044 B4000000 		.4byte	.LFE7-.LFB7
 1518 0048 00000000 		.4byte	0
 1519 004c 00000000 		.4byte	0
 1520              		.section	.debug_ranges,"",%progbits
 1521              	.Ldebug_ranges0:
 1522 0000 00000000 		.4byte	.LFB3
 1523 0004 02000000 		.4byte	.LFE3
 1524 0008 00000000 		.4byte	.LFB5
 1525 000c 28000000 		.4byte	.LFE5
 1526 0010 00000000 		.4byte	.LFB0
 1527 0014 0C000000 		.4byte	.LFE0
 1528 0018 00000000 		.4byte	.LFB4
 1529 001c 9C000000 		.4byte	.LFE4
 1530 0020 00000000 		.4byte	.LFB1
 1531 0024 08000000 		.4byte	.LFE1
 1532 0028 00000000 		.4byte	.LFB6
 1533 002c 10000000 		.4byte	.LFE6
 1534 0030 00000000 		.4byte	.LFB7
 1535 0034 B4000000 		.4byte	.LFE7
 1536 0038 00000000 		.4byte	0
 1537 003c 00000000 		.4byte	0
 1538              		.section	.debug_line,"",%progbits
 1539              	.Ldebug_line0:
 1540 0000 A2010000 		.section	.debug_str,"MS",%progbits,1
 1540      0200D600 
 1540      00000201 
 1540      FB0E0D00 
 1540      01010101 
 1541              	.LASF19:
 1542 0000 72656731 		.ascii	"reg16\000"
 1542      3600
 1543              	.LASF43:
 1544 0006 43794465 		.ascii	"CyDelayCycles\000"
 1544      6C617943 
 1544      79636C65 
 1544      7300
 1545              	.LASF12:
 1546 0014 73697A65 		.ascii	"size_t\000"
ARM GAS  C:\Users\jdrd3\AppData\Local\Temp\ccxMI6Yg.s 			page 35


 1546      5F7400
 1547              	.LASF20:
 1548 001b 416E616C 		.ascii	"AnalogSetDefault\000"
 1548      6F675365 
 1548      74446566 
 1548      61756C74 
 1548      00
 1549              	.LASF25:
 1550 002c 74696D65 		.ascii	"timeout\000"
 1550      6F757400 
 1551              	.LASF36:
 1552 0034 6366675F 		.ascii	"cfg_memset_list\000"
 1552      6D656D73 
 1552      65745F6C 
 1552      69737400 
 1553              	.LASF23:
 1554 0044 436C6F63 		.ascii	"ClockSetup\000"
 1554      6B536574 
 1554      757000
 1555              	.LASF6:
 1556 004f 73686F72 		.ascii	"short unsigned int\000"
 1556      7420756E 
 1556      7369676E 
 1556      65642069 
 1556      6E7400
 1557              	.LASF26:
 1558 0062 706C6C4C 		.ascii	"pllLock\000"
 1558      6F636B00 
 1559              	.LASF41:
 1560 006a 433A5C55 		.ascii	"C:\\Users\\jdrd3\\Documents\\PSoC Creator\\Pulsomer"
 1560      73657273 
 1560      5C6A6472 
 1560      64335C44 
 1560      6F63756D 
 1561 0098 74726961 		.ascii	"tria-con-MAX30102\\LCD.cydsn\000"
 1561      2D636F6E 
 1561      2D4D4158 
 1561      33303130 
 1561      325C4C43 
 1562              	.LASF16:
 1563 00b4 666C6F61 		.ascii	"float\000"
 1563      7400
 1564              	.LASF42:
 1565 00ba 4379436C 		.ascii	"CyClockStartupError\000"
 1565      6F636B53 
 1565      74617274 
 1565      75704572 
 1565      726F7200 
 1566              	.LASF28:
 1567 00ce 64657374 		.ascii	"dest\000"
 1567      00
 1568              	.LASF34:
 1569 00d3 73697A65 		.ascii	"size\000"
 1569      00
 1570              	.LASF39:
 1571 00d8 474E5520 		.ascii	"GNU C11 5.4.1 20160609 (release) [ARM/embedded-5-br"
 1571      43313120 
ARM GAS  C:\Users\jdrd3\AppData\Local\Temp\ccxMI6Yg.s 			page 36


 1571      352E342E 
 1571      31203230 
 1571      31363036 
 1572 010b 616E6368 		.ascii	"anch revision 237715] -mcpu=cortex-m3 -mthumb -g -O"
 1572      20726576 
 1572      6973696F 
 1572      6E203233 
 1572      37373135 
 1573 013e 67202D66 		.ascii	"g -ffunction-sections -ffat-lto-objects\000"
 1573      66756E63 
 1573      74696F6E 
 1573      2D736563 
 1573      74696F6E 
 1574              	.LASF18:
 1575 0166 72656738 		.ascii	"reg8\000"
 1575      00
 1576              	.LASF8:
 1577 016b 6C6F6E67 		.ascii	"long unsigned int\000"
 1577      20756E73 
 1577      69676E65 
 1577      6420696E 
 1577      7400
 1578              	.LASF13:
 1579 017d 75696E74 		.ascii	"uint8\000"
 1579      3800
 1580              	.LASF21:
 1581 0183 43594D45 		.ascii	"CYMEMZERO\000"
 1581      4D5A4552 
 1581      4F00
 1582              	.LASF31:
 1583 018d 53657441 		.ascii	"SetAnalogRoutingPumps\000"
 1583      6E616C6F 
 1583      67526F75 
 1583      74696E67 
 1583      50756D70 
 1584              	.LASF4:
 1585 01a3 756E7369 		.ascii	"unsigned char\000"
 1585      676E6564 
 1585      20636861 
 1585      7200
 1586              	.LASF37:
 1587 01b1 6D656D73 		.ascii	"memset\000"
 1587      657400
 1588              	.LASF17:
 1589 01b8 646F7562 		.ascii	"double\000"
 1589      6C6500
 1590              	.LASF32:
 1591 01bf 63796669 		.ascii	"cyfitter_cfg\000"
 1591      74746572 
 1591      5F636667 
 1591      00
 1592              	.LASF14:
 1593 01cc 75696E74 		.ascii	"uint16\000"
 1593      313600
 1594              	.LASF22:
 1595 01d3 6572726F 		.ascii	"errorCode\000"
 1595      72436F64 
ARM GAS  C:\Users\jdrd3\AppData\Local\Temp\ccxMI6Yg.s 			page 37


 1595      6500
 1596              	.LASF15:
 1597 01dd 75696E74 		.ascii	"uint32\000"
 1597      333200
 1598              	.LASF0:
 1599 01e4 756E7369 		.ascii	"unsigned int\000"
 1599      676E6564 
 1599      20696E74 
 1599      00
 1600              	.LASF33:
 1601 01f1 61646472 		.ascii	"address\000"
 1601      65737300 
 1602              	.LASF9:
 1603 01f9 6C6F6E67 		.ascii	"long long unsigned int\000"
 1603      206C6F6E 
 1603      6720756E 
 1603      7369676E 
 1603      65642069 
 1604              	.LASF35:
 1605 0210 6366675F 		.ascii	"cfg_memset_t\000"
 1605      6D656D73 
 1605      65745F74 
 1605      00
 1606              	.LASF10:
 1607 021d 73697A65 		.ascii	"sizetype\000"
 1607      74797065 
 1607      00
 1608              	.LASF1:
 1609 0226 6C6F6E67 		.ascii	"long long int\000"
 1609      206C6F6E 
 1609      6720696E 
 1609      7400
 1610              	.LASF40:
 1611 0234 47656E65 		.ascii	"Generated_Source\\PSoC5\\cyfitter_cfg.c\000"
 1611      72617465 
 1611      645F536F 
 1611      75726365 
 1611      5C50536F 
 1612              	.LASF38:
 1613 025a 6D656D63 		.ascii	"memcpy\000"
 1613      707900
 1614              	.LASF5:
 1615 0261 73686F72 		.ascii	"short int\000"
 1615      7420696E 
 1615      7400
 1616              	.LASF29:
 1617 026b 656E6162 		.ascii	"enabled\000"
 1617      6C656400 
 1618              	.LASF7:
 1619 0273 6C6F6E67 		.ascii	"long int\000"
 1619      20696E74 
 1619      00
 1620              	.LASF11:
 1621 027c 63686172 		.ascii	"char\000"
 1621      00
 1622              	.LASF2:
 1623 0281 6C6F6E67 		.ascii	"long double\000"
ARM GAS  C:\Users\jdrd3\AppData\Local\Temp\ccxMI6Yg.s 			page 38


 1623      20646F75 
 1623      626C6500 
 1624              	.LASF24:
 1625 028d 62675F78 		.ascii	"bg_xover_inl_trim\000"
 1625      6F766572 
 1625      5F696E6C 
 1625      5F747269 
 1625      6D00
 1626              	.LASF3:
 1627 029f 7369676E 		.ascii	"signed char\000"
 1627      65642063 
 1627      68617200 
 1628              	.LASF30:
 1629 02ab 72656756 		.ascii	"regValue\000"
 1629      616C7565 
 1629      00
 1630              	.LASF27:
 1631 02b4 4359434F 		.ascii	"CYCONFIGCPY\000"
 1631      4E464947 
 1631      43505900 
 1632              		.ident	"GCC: (GNU Tools for ARM Embedded Processors) 5.4.1 20160609 (release) [ARM/embedded-5-bran
